
File: build/windows-x64/bun.exe
Format: COFF-x86-64
Arch: x86_64
AddressSize: 64bit
ImageFileHeader {
  Machine: IMAGE_FILE_MACHINE_AMD64 (0x8664)
  SectionCount: 12
  TimeDateStamp: 2026-10-07 08:00:06 (0x6AC5FC06)
  PointerToSymbolTable: 0x0
  SymbolCount: 0
  StringTableSize: 0
  OptionalHeaderSize: 240
  Characteristics [ (0x22)
    IMAGE_FILE_EXECUTABLE_IMAGE (0x2)
    IMAGE_FILE_LARGE_ADDRESS_AWARE (0x20)
  ]
}
ImageOptionalHeader {
  Magic: 0x20B
  MajorLinkerVersion: 14
  MinorLinkerVersion: 0
  SizeOfCode: 63774720
  SizeOfInitializedData: 24082944
  SizeOfUninitializedData: 0
  AddressOfEntryPoint: 0x3B92080
  BaseOfCode: 0x1000
  ImageBase: 0x140000000
  SectionAlignment: 4096
  FileAlignment: 512
  MajorOperatingSystemVersion: 6
  MinorOperatingSystemVersion: 0
  MajorImageVersion: 0
  MinorImageVersion: 0
  MajorSubsystemVersion: 6
  MinorSubsystemVersion: 0
  SizeOfImage: 89952256
  SizeOfHeaders: 1024
  CheckSum: 0x0
  Subsystem: IMAGE_SUBSYSTEM_WINDOWS_CUI (0x3)
  Characteristics [ (0x8160)
    IMAGE_DLL_CHARACTERISTICS_DYNAMIC_BASE (0x40)
    IMAGE_DLL_CHARACTERISTICS_HIGH_ENTROPY_VA (0x20)
    IMAGE_DLL_CHARACTERISTICS_NX_COMPAT (0x100)
    IMAGE_DLL_CHARACTERISTICS_TERMINAL_SERVER_AWARE (0x8000)
  ]
  SizeOfStackReserve: 18874368
  SizeOfStackCommit: 2097152
  SizeOfHeapReserve: 1048576
  SizeOfHeapCommit: 4096
  NumberOfRvaAndSize: 16
  DataDirectory {
    ExportTableRVA: 0x4F3E5EF
    ExportTableSize: 0x78D1
    ImportTableRVA: 0x4F45EC0
    ImportTableSize: 0x64
    ResourceTableRVA: 0x5558000
    ResourceTableSize: 0x42AC8
    ExceptionTableRVA: 0x51E8000
    ExceptionTableSize: 0xDBB7C
    CertificateTableRVA: 0x0
    CertificateTableSize: 0x0
    BaseRelocationTableRVA: 0x559B000
    BaseRelocationTableSize: 0x2DE30
    DebugRVA: 0x4F3D884
    DebugSize: 0x1C
    ArchitectureRVA: 0x0
    ArchitectureSize: 0x0
    GlobalPtrRVA: 0x0
    GlobalPtrSize: 0x0
    TLSTableRVA: 0x4E5E770
    TLSTableSize: 0x28
    LoadConfigTableRVA: 0x4923350
    LoadConfigTableSize: 0x140
    BoundImportRVA: 0x0
    BoundImportSize: 0x0
    IATRVA: 0x4F46A68
    IATSize: 0xB40
    DelayImportDescriptorRVA: 0x4F3DAD8
    DelayImportDescriptorSize: 0x180
    CLRRuntimeHeaderRVA: 0x0
    CLRRuntimeHeaderSize: 0x0
    ReservedRVA: 0x0
    ReservedSize: 0x0
  }
}
DOSHeader {
  Magic: MZ
  UsedBytesInTheLastPage: 120
  FileSizeInPages: 1
  NumberOfRelocationItems: 0
  HeaderSizeInParagraphs: 4
  MinimumExtraParagraphs: 0
  MaximumExtraParagraphs: 0
  InitialRelativeSS: 0
  InitialSP: 0
  Checksum: 0
  InitialIP: 0
  InitialRelativeCS: 0
  AddressOfRelocationTable: 64
  OverlayNumber: 0
  OEMid: 0
  OEMinfo: 0
  AddressOfNewExeHeader: 120
}
DebugDirectory [
  DebugEntry {
    Characteristics: 0x0
    TimeDateStamp: 2026-10-07 08:00:06 (0x6AC5FC06)
    MajorVersion: 0x0
    MinorVersion: 0x0
    Type: CodeView (0x2)
    SizeOfData: 0x65
    AddressOfRawData: 0x4F3D8A0
    PointerToRawData: 0x4F3CCA0
    PDBInfo {
      PDBSignature: 0x53445352
      PDBGUID: {F789B8C0-CA06-B584-4C4C-44205044422E}
      PDBAge: 1
      PDBFileName: /workspace/scratch/39b820233364/bun-source/build/windows-x64/bun-profile.pdb
    }
  }
]
