rustup spent 11s installing the pinned toolchain (nightly-2026-09-15); it was missing or incomplete on this machine
[configured] bun-profile → bun (stripped) in 11041ms (unchanged)
ninja: Entering directory `/workspace/scratch/df137ea20b81/bun-build-source/build/android-aarch64'
[1/1206] rustc bun_ini 
[2/1206] rustc bun_resolver 
[3/1206] rustc bun_sema_driver 
[4/1206] rustc bun_standalone_graph 
[5/1206] rustc bun_bunfig 
[6/1206] rustc bun_transpiler 
[7/1206] rustc bun_bundler 
[8/1206] rustc bun_jsc 
[9/1206] rustc bun_js_parser_jsc 
[10/1206] rustc bun_install 
[11/1206] subst deps/zlib/zlib.h
[12/1206] subst deps/zlib/zconf.h
[13/1206] fetch nodejs (prebuilt)
[nodejs] fetching https://nodejs.org/dist/v26.3.0/node-v26.3.0-headers.tar.gz
[nodejs] extracted to /workspace/scratch/df137ea20b81/build-cache/nodejs-headers-26.3.0 (5.4s)
[14/1206] fetch brotli
[brotli] fetching google/brotli@028fb5a2
[brotli] done → /workspace/scratch/df137ea20b81/bun-build-source/vendor/brotli (4.7s)
[15/1206] fetch zstd
[zstd] fetching facebook/zstd@f8745da6
[zstd] applying bmi2-probe-once.patch
[zstd] done → /workspace/scratch/df137ea20b81/bun-build-source/vendor/zstd (8.2s)
[16/1206] fetch libdeflate
[libdeflate] fetching ebiggers/libdeflate@92e6a0db
[libdeflate] done → /workspace/scratch/df137ea20b81/bun-build-source/vendor/libdeflate (10.5s)
[17/1206] subst deps/libjpeg-turbo/jconfig.h
[18/1206] subst deps/libjpeg-turbo/jconfigint.h
[19/1206] subst deps/libjpeg-turbo/jversion.h
[20/1206] subst deps/libjpeg-turbo/neon-compat.h
[21/1206] fetch libarchive
[libarchive] fetching libarchive/libarchive@27cbc782
[libarchive] applying archive_write_add_filter_gzip.c.patch
[libarchive] applying select-registered-only.patch
[libarchive] applying nonblocking-read.patch
[libarchive] applying archive_string-codepage-cache.patch
[libarchive] done → /workspace/scratch/df137ea20b81/bun-build-source/vendor/libarchive (11.1s)
[22/1206] fetch libspng
[libspng] fetching randy408/libspng@fb768002
[libspng] done → /workspace/scratch/df137ea20b81/bun-build-source/vendor/libspng (10.4s)
[23/1206] fetch libwebp
[libwebp] fetching webmproject/libwebp@b7e29b9d
[libwebp] done → /workspace/scratch/df137ea20b81/bun-build-source/vendor/libwebp (10.0s)
[24/1206] fetch cares
[cares] fetching c-ares/c-ares@c7a3138d
[cares] applying accept-rdata-compression.patch
[cares] done → /workspace/scratch/df137ea20b81/bun-build-source/vendor/cares (10.9s)
[25/1206] fetch hdrhistogram
[hdrhistogram] fetching HdrHistogram/HdrHistogram_c@18c7a324
[hdrhistogram] applying bitscan-type.patch
[hdrhistogram] applying no-avx2-dispatch.patch
[hdrhistogram] done → /workspace/scratch/df137ea20b81/bun-build-source/vendor/hdrhistogram (10.8s)
[26/1206] fetch highway
[highway] fetching google/highway@2607d3b5
[highway] applying silence-warnings.patch
[highway] done → /workspace/scratch/df137ea20b81/bun-build-source/vendor/highway (9.6s)
[27/1206] fetch lshpack
[lshpack] fetching litespeedtech/ls-hpack@cf0f70dd
[lshpack] applying bss-huff-tables.patch
[lshpack] done → /workspace/scratch/df137ea20b81/bun-build-source/vendor/lshpack (9.6s)
[28/1206] fetch lsqpack
[lsqpack] fetching litespeedtech/ls-qpack@91567706
[lsqpack] applying bss-huff-tables.patch
[lsqpack] done → /workspace/scratch/df137ea20b81/bun-build-source/vendor/lsqpack (10.3s)
[29/1206] fetch mimalloc
[mimalloc] fetching oven-sh/mimalloc@92ef6587
[mimalloc] done → /workspace/scratch/df137ea20b81/bun-build-source/vendor/mimalloc (10.3s)
[30/1206] fetch lsquic
[lsquic] fetching litespeedtech/lsquic@f812ceb9
[lsquic] applying versions-to-string.patch
[lsquic] applying allow-no-sni.patch
[lsquic] applying skip-priority-walk.patch
[lsquic] applying hash-nested-iter.patch
[lsquic] applying abort-error-tickable.patch
[lsquic] applying disable-gquic.patch
[lsquic] applying requeue-unsent-coalesced.patch
[lsquic] applying node-quic-accessors.patch
[lsquic] applying coalesce-batch-drop.patch
[lsquic] applying connection-close-pns.patch
[lsquic] applying goaway-accept-uni-streams.patch
[lsquic] done → /workspace/scratch/df137ea20b81/bun-build-source/vendor/lsquic (10.9s)
[31/1206] fetch boringssl
[boringssl] fetching oven-sh/boringssl@41bf9b59
[boringssl] done → /workspace/scratch/df137ea20b81/bun-build-source/vendor/boringssl (18.9s)
[32/1206] mkdir obj
[33/1206] rustc bcrypt 
[34/1206] rustc blake2 
[35/1206] rustc bun_ast_jsc 
[36/1206] rustc bun_bundler_jsc 
[37/1206] rustc bun_csrf 
[38/1206] rustc bun_css_jsc 
[39/1206] rustc bun_http_jsc 
[40/1206] rustc bun_install_jsc 
[41/1206] rustc bun_lsquic_sys 
[42/1206] rustc bun_patch_jsc 
[43/1206] rustc bun_platform 
[44/1206] rustc bun_router 
[45/1206] build.rs build_script_build
[46/1206] rustc bun_sema_baselines 
[47/1206] rustc bun_semver_jsc 
[48/1206] rustc bun_shell_parser 
warning: `feature(generic_const_exprs)` is not supported with the next-generation trait solver
 --> src/shell_parser/lib.rs:1:30
  |
1 | #![feature(adt_const_params, generic_const_exprs, allocator_api)]
  |                              ^^^^^^^^^^^^^^^^^^^
  |
  = note: `-Znext-solver=globally` is currently enabled by default for testing
  = note: reverted the setting to `-Znext-solver=coherence` for this crate
  = note: the currently stable trait solver will be used for this crate
  = note: see issues #160895 <https://github.com/rust-lang/rust/issues/160895> for more information

warning: 1 warning emitted

[49/1206] rustc bun_sourcemap_jsc 
[50/1206] rustc bun_sql_jsc 
[51/1206] rustc bun_sys_jsc 
[52/1206] rustc bun_tcc_sys 
[53/1206] rustc bun_valkey 
[54/1206] rustc argon2 
[55/1206] rustc sha3 
[56/1206] fetch WebKit (prebuilt)
[WebKit] fetching https://github.com/oven-sh/WebKit/releases/download/autobuild-0c06faadf65bf8e8c8ad3a5a8aca83e1e9ed653f/bun-webkit-linux-arm64-android.tar.gz
[WebKit] extracted to /workspace/scratch/df137ea20b81/build-cache/webkit-0c06faadf65bf8e8-android-arm64-android (35.4s)
[57/1206] cc obj/vendor/zlib/adler32.c.o
[58/1206] pch pch/root-pch.h.hxx.pch
[59/1206] cc obj/vendor/zlib/compress.c.o
[60/1206] cc obj/vendor/zlib/crc32.c.o
[61/1206] cc obj/vendor/zlib/crc32_braid_comb.c.o
[62/1206] cc obj/vendor/zlib/deflate.c.o
[63/1206] cc obj/vendor/zlib/deflate_fast.c.o
[64/1206] cc obj/vendor/zlib/deflate_huff.c.o
[65/1206] cc obj/vendor/zlib/deflate_medium.c.o
[66/1206] cc obj/vendor/zlib/deflate_quick.c.o
[67/1206] cc obj/vendor/zlib/deflate_rle.c.o
[68/1206] cc obj/vendor/zlib/deflate_slow.c.o
[69/1206] cc obj/vendor/zlib/deflate_stored.c.o
[70/1206] cc obj/vendor/zlib/functable.c.o
[71/1206] cc obj/vendor/zlib/infback.c.o
[72/1206] cc obj/vendor/zlib/inflate.c.o
[73/1206] cc obj/vendor/zlib/inftrees.c.o
[74/1206] cc obj/vendor/zlib/insert_string.c.o
[75/1206] cc obj/vendor/zlib/insert_string_roll.c.o
[76/1206] cc obj/vendor/zlib/trees.c.o
[77/1206] cc obj/vendor/zlib/uncompr.c.o
[78/1206] cc obj/vendor/zlib/zutil.c.o
[79/1206] cc obj/vendor/zlib/cpu_features.c.o
[80/1206] cc obj/vendor/zlib/gzlib.c.o
[81/1206] cc obj/vendor/zlib/gzread.c.o
[82/1206] cc obj/vendor/zlib/gzwrite.c.o
[83/1206] cc obj/vendor/zlib/arch/generic/crc32_chorba_c.c.o
[84/1206] cc obj/vendor/zlib/arch/generic/adler32_c.c.o
[85/1206] cc obj/vendor/zlib/arch/generic/adler32_fold_c.c.o
[86/1206] cc obj/vendor/zlib/arch/generic/chunkset_c.c.o
[87/1206] cc obj/vendor/zlib/arch/generic/compare256_c.c.o
[88/1206] cc obj/vendor/zlib/arch/generic/crc32_braid_c.c.o
[89/1206] cc obj/vendor/zlib/arch/generic/crc32_fold_c.c.o
[90/1206] cc obj/vendor/zlib/arch/generic/slide_hash_c.c.o
[91/1206] cc obj/vendor/zlib/arch/arm/arm_features.c.o
[92/1206] cc obj/vendor/zlib/arch/arm/adler32_neon.c.o
[93/1206] cc obj/vendor/zlib/arch/arm/chunkset_neon.c.o
[94/1206] cc obj/vendor/zlib/arch/arm/compare256_neon.c.o
[95/1206] cc obj/vendor/zlib/arch/arm/slide_hash_neon.c.o
[96/1206] cc obj/vendor/zlib/arch/arm/crc32_armv8.c.o
[97/1206] cc obj/vendor/zstd/lib/common/debug.c.o
[98/1206] cc obj/vendor/zstd/lib/common/entropy_common.c.o
[99/1206] cc obj/vendor/zstd/lib/common/error_private.c.o
[100/1206] cc obj/vendor/zstd/lib/common/fse_decompress.c.o
[101/1206] cc obj/vendor/zstd/lib/common/pool.c.o
[102/1206] cc obj/vendor/zstd/lib/common/threading.c.o
[103/1206] cc obj/vendor/zstd/lib/common/xxhash.c.o
[104/1206] cc obj/vendor/zstd/lib/common/zstd_common.c.o
[105/1206] cc obj/vendor/zstd/lib/compress/fse_compress.c.o
[106/1206] cc obj/vendor/zstd/lib/compress/hist.c.o
[107/1206] cc obj/vendor/zstd/lib/compress/huf_compress.c.o
[108/1206] cc obj/vendor/zstd/lib/compress/zstd_compress.c.o
[109/1206] cc obj/vendor/zstd/lib/compress/zstd_compress_literals.c.o
[110/1206] cc obj/vendor/zstd/lib/compress/zstd_compress_sequences.c.o
[111/1206] cc obj/vendor/zstd/lib/compress/zstd_compress_superblock.c.o
[112/1206] cc obj/vendor/zstd/lib/compress/zstd_double_fast.c.o
[113/1206] cc obj/vendor/zstd/lib/compress/zstd_fast.c.o
[114/1206] cc obj/vendor/zstd/lib/compress/zstd_lazy.c.o
[115/1206] cc obj/vendor/zstd/lib/compress/zstd_ldm.c.o
[116/1206] cc obj/vendor/zstd/lib/compress/zstd_opt.c.o
[117/1206] cc obj/vendor/zstd/lib/compress/zstd_preSplit.c.o
[118/1206] cc obj/vendor/zstd/lib/compress/zstdmt_compress.c.o
[119/1206] cc obj/vendor/zstd/lib/decompress/huf_decompress.c.o
[120/1206] cc obj/vendor/zstd/lib/decompress/zstd_ddict.c.o
[121/1206] cc obj/vendor/zstd/lib/decompress/zstd_decompress.c.o
[122/1206] cc obj/vendor/zstd/lib/decompress/zstd_decompress_block.c.o
[123/1206] cc obj/vendor/zstd/lib/dictBuilder/cover.c.o
[124/1206] cc obj/vendor/zstd/lib/dictBuilder/divsufsort.c.o
[125/1206] cc obj/vendor/zstd/lib/dictBuilder/fastcover.c.o
[126/1206] cc obj/vendor/zstd/lib/dictBuilder/zdict.c.o
[127/1206] cc obj/vendor/brotli/c/common/constants.c.o
[128/1206] cc obj/vendor/brotli/c/common/context.c.o
[129/1206] cc obj/vendor/brotli/c/common/dictionary.c.o
[130/1206] cc obj/vendor/brotli/c/common/platform.c.o
[131/1206] cc obj/vendor/brotli/c/common/shared_dictionary.c.o
[132/1206] cc obj/vendor/brotli/c/common/transform.c.o
[133/1206] cc obj/vendor/brotli/c/dec/bit_reader.c.o
[134/1206] cc obj/vendor/brotli/c/dec/decode.c.o
[135/1206] cc obj/vendor/brotli/c/dec/huffman.c.o
[136/1206] cc obj/vendor/brotli/c/dec/prefix.c.o
[137/1206] cc obj/vendor/brotli/c/dec/state.c.o
[138/1206] cc obj/vendor/brotli/c/dec/static_init.c.o
[139/1206] cc obj/vendor/brotli/c/enc/backward_references.c.o
[140/1206] cc obj/vendor/brotli/c/enc/backward_references_hq.c.o
[141/1206] cc obj/vendor/brotli/c/enc/bit_cost.c.o
[142/1206] cc obj/vendor/brotli/c/enc/block_splitter.c.o
[143/1206] cc obj/vendor/brotli/c/enc/brotli_bit_stream.c.o
[144/1206] cc obj/vendor/brotli/c/enc/cluster.c.o
[145/1206] cc obj/vendor/brotli/c/enc/command.c.o
[146/1206] cc obj/vendor/brotli/c/enc/compound_dictionary.c.o
[147/1206] cc obj/vendor/brotli/c/enc/compress_fragment.c.o
[148/1206] cc obj/vendor/brotli/c/enc/compress_fragment_two_pass.c.o
[149/1206] cc obj/vendor/brotli/c/enc/dictionary_hash.c.o
[150/1206] cc obj/vendor/brotli/c/enc/encode.c.o
[151/1206] cc obj/vendor/brotli/c/enc/encoder_dict.c.o
[152/1206] cc obj/vendor/brotli/c/enc/entropy_encode.c.o
[153/1206] cc obj/vendor/brotli/c/enc/fast_log.c.o
[154/1206] cc obj/vendor/brotli/c/enc/histogram.c.o
[155/1206] cc obj/vendor/brotli/c/enc/literal_cost.c.o
[156/1206] cc obj/vendor/brotli/c/enc/memory.c.o
[157/1206] cc obj/vendor/brotli/c/enc/metablock.c.o
[158/1206] cc obj/vendor/brotli/c/enc/static_dict.c.o
[159/1206] cc obj/vendor/brotli/c/enc/static_dict_lut.c.o
[160/1206] cc obj/vendor/brotli/c/enc/static_init.c.o
[161/1206] cc obj/vendor/brotli/c/enc/utf8_util.c.o
[162/1206] cc obj/vendor/libdeflate/lib/utils.c.o
[163/1206] cc obj/vendor/libdeflate/lib/arm/cpu_features.c.o
[164/1206] cc obj/vendor/libdeflate/lib/x86/cpu_features.c.o
[165/1206] cc obj/vendor/libdeflate/lib/deflate_compress.c.o
[166/1206] cc obj/vendor/libdeflate/lib/deflate_decompress.c.o
[167/1206] cc obj/vendor/libdeflate/lib/adler32.c.o
[168/1206] cc obj/vendor/libdeflate/lib/zlib_compress.c.o
[169/1206] cc obj/vendor/libdeflate/lib/zlib_decompress.c.o
[170/1206] cc obj/vendor/libdeflate/lib/crc32.c.o
[171/1206] cc obj/vendor/libdeflate/lib/gzip_compress.c.o
[172/1206] cc obj/vendor/libdeflate/lib/gzip_decompress.c.o
[173/1206] cc obj/vendor/libarchive/libarchive/archive_acl.c.o
[174/1206] cc obj/vendor/libarchive/libarchive/archive_check_magic.c.o
[175/1206] cc obj/vendor/libarchive/libarchive/archive_cmdline.c.o
[176/1206] cc obj/vendor/libarchive/libarchive/archive_cryptor.c.o
[177/1206] cc obj/vendor/libarchive/libarchive/archive_digest.c.o
[178/1206] cc obj/vendor/libarchive/libarchive/archive_entry.c.o
[179/1206] cc obj/vendor/libarchive/libarchive/archive_entry_copy_stat.c.o
[180/1206] cc obj/vendor/libarchive/libarchive/archive_entry_link_resolver.c.o
[181/1206] cc obj/vendor/libarchive/libarchive/archive_entry_sparse.c.o
[182/1206] cc obj/vendor/libarchive/libarchive/archive_entry_stat.c.o
[183/1206] cc obj/vendor/libarchive/libarchive/archive_entry_strmode.c.o
[184/1206] cc obj/vendor/libarchive/libarchive/archive_entry_xattr.c.o
[185/1206] cc obj/vendor/libarchive/libarchive/archive_hmac.c.o
[186/1206] cc obj/vendor/libarchive/libarchive/archive_match.c.o
[187/1206] cc obj/vendor/libarchive/libarchive/archive_options.c.o
[188/1206] cc obj/vendor/libarchive/libarchive/archive_pack_dev.c.o
[189/1206] cc obj/vendor/libarchive/libarchive/archive_parse_date.c.o
[190/1206] cc obj/vendor/libarchive/libarchive/archive_pathmatch.c.o
[191/1206] cc obj/vendor/libarchive/libarchive/archive_ppmd7.c.o
[192/1206] cc obj/vendor/libarchive/libarchive/archive_random.c.o
[193/1206] cc obj/vendor/libarchive/libarchive/archive_rb.c.o
[194/1206] cc obj/vendor/libarchive/libarchive/archive_read.c.o
[195/1206] cc obj/vendor/libarchive/libarchive/archive_read_add_passphrase.c.o
[196/1206] cc obj/vendor/libarchive/libarchive/archive_read_append_filter.c.o
[197/1206] cc obj/vendor/libarchive/libarchive/archive_read_data_into_fd.c.o
[198/1206] cc obj/vendor/libarchive/libarchive/archive_read_disk_entry_from_file.c.o
[199/1206] cc obj/vendor/libarchive/libarchive/archive_read_disk_posix.c.o
[200/1206] cc obj/vendor/libarchive/libarchive/archive_read_disk_set_standard_lookup.c.o
[201/1206] cc obj/vendor/libarchive/libarchive/archive_read_extract.c.o
[202/1206] cc obj/vendor/libarchive/libarchive/archive_read_extract2.c.o
[203/1206] cc obj/vendor/libarchive/libarchive/archive_read_open_fd.c.o
[204/1206] cc obj/vendor/libarchive/libarchive/archive_read_open_file.c.o
[205/1206] cc obj/vendor/libarchive/libarchive/archive_read_open_filename.c.o
[206/1206] cc obj/vendor/libarchive/libarchive/archive_read_open_memory.c.o
[207/1206] cc obj/vendor/libarchive/libarchive/archive_read_set_format.c.o
[208/1206] cc obj/vendor/libarchive/libarchive/archive_read_set_options.c.o
[209/1206] cc obj/vendor/libarchive/libarchive/archive_read_support_filter_gzip.c.o
[210/1206] cc obj/vendor/libarchive/libarchive/archive_read_support_filter_program.c.o
[211/1206] cc obj/vendor/libarchive/libarchive/archive_read_support_format_empty.c.o
[212/1206] cc obj/vendor/libarchive/libarchive/archive_read_support_format_raw.c.o
[213/1206] cc obj/vendor/libarchive/libarchive/archive_read_support_format_tar.c.o
[214/1206] cc obj/vendor/libarchive/libarchive/archive_string.c.o
[215/1206] cc obj/vendor/libarchive/libarchive/archive_string_sprintf.c.o
[216/1206] cc obj/vendor/libarchive/libarchive/archive_time.c.o
[217/1206] cc obj/vendor/libarchive/libarchive/archive_util.c.o
[218/1206] cc obj/vendor/libarchive/libarchive/archive_version_details.c.o
[219/1206] cc obj/vendor/libarchive/libarchive/archive_virtual.c.o
[220/1206] cc obj/vendor/libarchive/libarchive/archive_write.c.o
[221/1206] cc obj/vendor/libarchive/libarchive/archive_write_disk_posix.c.o
[222/1206] cc obj/vendor/libarchive/libarchive/archive_write_disk_set_standard_lookup.c.o
[223/1206] cc obj/vendor/libarchive/libarchive/archive_write_open_fd.c.o
[224/1206] cc obj/vendor/libarchive/libarchive/archive_write_open_file.c.o
[225/1206] cc obj/vendor/libarchive/libarchive/archive_write_open_filename.c.o
[226/1206] cc obj/vendor/libarchive/libarchive/archive_write_open_memory.c.o
[227/1206] cc obj/vendor/libarchive/libarchive/archive_write_add_filter.c.o
[228/1206] cc obj/vendor/libarchive/libarchive/archive_write_add_filter_b64encode.c.o
[229/1206] cc obj/vendor/libarchive/libarchive/archive_write_add_filter_by_name.c.o
[230/1206] cc obj/vendor/libarchive/libarchive/archive_write_add_filter_bzip2.c.o
[231/1206] cc obj/vendor/libarchive/libarchive/archive_write_add_filter_compress.c.o
[232/1206] cc obj/vendor/libarchive/libarchive/archive_write_add_filter_grzip.c.o
[233/1206] cc obj/vendor/libarchive/libarchive/archive_write_add_filter_gzip.c.o
[234/1206] cc obj/vendor/libarchive/libarchive/archive_write_add_filter_lrzip.c.o
[235/1206] cc obj/vendor/libarchive/libarchive/archive_write_add_filter_lz4.c.o
[236/1206] cc obj/vendor/libarchive/libarchive/archive_write_add_filter_lzop.c.o
[237/1206] cc obj/vendor/libarchive/libarchive/archive_write_add_filter_none.c.o
[238/1206] cc obj/vendor/libarchive/libarchive/archive_write_add_filter_program.c.o
[239/1206] cc obj/vendor/libarchive/libarchive/archive_write_add_filter_uuencode.c.o
[240/1206] cc obj/vendor/libarchive/libarchive/archive_write_add_filter_xz.c.o
[241/1206] cc obj/vendor/libarchive/libarchive/archive_write_add_filter_zstd.c.o
[242/1206] cc obj/vendor/libarchive/libarchive/archive_write_set_format.c.o
[243/1206] cc obj/vendor/libarchive/libarchive/archive_write_set_format_7zip.c.o
[244/1206] cc obj/vendor/libarchive/libarchive/archive_write_set_format_ar.c.o
[245/1206] cc obj/vendor/libarchive/libarchive/archive_write_set_format_by_name.c.o
[246/1206] cc obj/vendor/libarchive/libarchive/archive_write_set_format_cpio.c.o
[247/1206] cc obj/vendor/libarchive/libarchive/archive_write_set_format_cpio_binary.c.o
[248/1206] cc obj/vendor/libarchive/libarchive/archive_write_set_format_cpio_newc.c.o
[249/1206] cc obj/vendor/libarchive/libarchive/archive_write_set_format_cpio_odc.c.o
[250/1206] cc obj/vendor/libarchive/libarchive/archive_write_set_format_filter_by_ext.c.o
[251/1206] cc obj/vendor/libarchive/libarchive/archive_write_set_format_gnutar.c.o
[252/1206] cc obj/vendor/libarchive/libarchive/archive_write_set_format_iso9660.c.o
[253/1206] cc obj/vendor/libarchive/libarchive/archive_write_set_format_mtree.c.o
[254/1206] cc obj/vendor/libarchive/libarchive/archive_write_set_format_pax.c.o
[255/1206] cc obj/vendor/libarchive/libarchive/archive_write_set_format_raw.c.o
[256/1206] cc obj/vendor/libarchive/libarchive/archive_write_set_format_shar.c.o
[257/1206] cc obj/vendor/libarchive/libarchive/archive_write_set_format_ustar.c.o
[258/1206] cc obj/vendor/libarchive/libarchive/archive_write_set_format_v7tar.c.o
[259/1206] cc obj/vendor/libarchive/libarchive/archive_write_set_format_warc.c.o
[260/1206] cc obj/vendor/libarchive/libarchive/archive_write_set_format_xar.c.o
[261/1206] cc obj/vendor/libarchive/libarchive/archive_write_set_format_zip.c.o
[262/1206] cc obj/vendor/libarchive/libarchive/archive_write_set_options.c.o
[263/1206] cc obj/vendor/libarchive/libarchive/archive_write_set_passphrase.c.o
[264/1206] cc obj/vendor/libarchive/libarchive/filter_fork_posix.c.o
[265/1206] cc obj/vendor/libarchive/libarchive/xxhash.c.o
[266/1206] cc obj/vendor/libjpeg-turbo/src/jcapimin.c.o
[267/1206] cc obj/vendor/libjpeg-turbo/src/jcapistd.c.o
[268/1206] cc obj/vendor/libjpeg-turbo/src/jccoefct.c.o
[269/1206] cc obj/vendor/libjpeg-turbo/src/jccolor.c.o
[270/1206] cc obj/vendor/libjpeg-turbo/src/jcdctmgr.c.o
[271/1206] cc obj/vendor/libjpeg-turbo/src/jcdiffct.c.o
[272/1206] cc obj/vendor/libjpeg-turbo/src/jchuff.c.o
[273/1206] cc obj/vendor/libjpeg-turbo/src/jcicc.c.o
[274/1206] cc obj/vendor/libjpeg-turbo/src/jcinit.c.o
[275/1206] cc obj/vendor/libjpeg-turbo/src/jclhuff.c.o
[276/1206] cc obj/vendor/libjpeg-turbo/src/jclossls.c.o
[277/1206] cc obj/vendor/libjpeg-turbo/src/jcmainct.c.o
[278/1206] cc obj/vendor/libjpeg-turbo/src/jcmarker.c.o
[279/1206] cc obj/vendor/libjpeg-turbo/src/jcmaster.c.o
[280/1206] cc obj/vendor/libjpeg-turbo/src/jcomapi.c.o
[281/1206] cc obj/vendor/libjpeg-turbo/src/jcparam.c.o
[282/1206] cc obj/vendor/libjpeg-turbo/src/jcphuff.c.o
[283/1206] cc obj/vendor/libjpeg-turbo/src/jcprepct.c.o
[284/1206] cc obj/vendor/libjpeg-turbo/src/jcsample.c.o
[285/1206] cc obj/vendor/libjpeg-turbo/src/jctrans.c.o
[286/1206] cc obj/vendor/libjpeg-turbo/src/jdapimin.c.o
[287/1206] cc obj/vendor/libjpeg-turbo/src/jdapistd.c.o
[288/1206] cc obj/vendor/libjpeg-turbo/src/jdatadst.c.o
[289/1206] cc obj/vendor/libjpeg-turbo/src/jdatasrc.c.o
[290/1206] cc obj/vendor/libjpeg-turbo/src/jdcoefct.c.o
[291/1206] cc obj/vendor/libjpeg-turbo/src/jdcolor.c.o
[292/1206] cc obj/vendor/libjpeg-turbo/src/jddctmgr.c.o
[293/1206] cc obj/vendor/libjpeg-turbo/src/jddiffct.c.o
[294/1206] cc obj/vendor/libjpeg-turbo/src/jdhuff.c.o
[295/1206] cc obj/vendor/libjpeg-turbo/src/jdicc.c.o
[296/1206] cc obj/vendor/libjpeg-turbo/src/jdinput.c.o
[297/1206] cc obj/vendor/libjpeg-turbo/src/jdlhuff.c.o
[298/1206] cc obj/vendor/libjpeg-turbo/src/jdlossls.c.o
[299/1206] cc obj/vendor/libjpeg-turbo/src/jdmainct.c.o
[300/1206] cc obj/vendor/libjpeg-turbo/src/jdmarker.c.o
[301/1206] cc obj/vendor/libjpeg-turbo/src/jdmaster.c.o
[302/1206] cc obj/vendor/libjpeg-turbo/src/jdmerge.c.o
[303/1206] cc obj/vendor/libjpeg-turbo/src/jdphuff.c.o
[304/1206] cc obj/vendor/libjpeg-turbo/src/jdpostct.c.o
[305/1206] cc obj/vendor/libjpeg-turbo/src/jdsample.c.o
[306/1206] cc obj/vendor/libjpeg-turbo/src/jdtrans.c.o
[307/1206] cc obj/vendor/libjpeg-turbo/src/jfdctflt.c.o
[308/1206] cc obj/vendor/libjpeg-turbo/src/jfdctfst.c.o
[309/1206] cc obj/vendor/libjpeg-turbo/src/jfdctint.c.o
[310/1206] cc obj/vendor/libjpeg-turbo/src/jidctflt.c.o
[311/1206] cc obj/vendor/libjpeg-turbo/src/jidctfst.c.o
[312/1206] cc obj/vendor/libjpeg-turbo/src/jidctint.c.o
[313/1206] cc obj/vendor/libjpeg-turbo/src/jidctred.c.o
[314/1206] cc obj/vendor/libjpeg-turbo/src/jaricom.c.o
[315/1206] cc obj/vendor/libjpeg-turbo/src/jcarith.c.o
[316/1206] cc obj/vendor/libjpeg-turbo/src/jdarith.c.o
[317/1206] cc obj/vendor/libjpeg-turbo/src/jerror.c.o
[318/1206] cc obj/vendor/libjpeg-turbo/src/jmemmgr.c.o
[319/1206] cc obj/vendor/libjpeg-turbo/src/jmemnobs.c.o
[320/1206] cc obj/vendor/libjpeg-turbo/src/jquant1.c.o
[321/1206] cc obj/vendor/libjpeg-turbo/src/jquant2.c.o
[322/1206] cc obj/vendor/libjpeg-turbo/src/jutils.c.o
[323/1206] cc obj/vendor/libjpeg-turbo/src/jpeg_nbits.c.o
[324/1206] cc obj/vendor/libjpeg-turbo/src/turbojpeg.c.o
[325/1206] cc obj/vendor/libjpeg-turbo/src/transupp.c.o
[326/1206] cc obj/vendor/libjpeg-turbo/src/jdatadst-tj.c.o
[327/1206] cc obj/vendor/libjpeg-turbo/src/jdatasrc-tj.c.o
[328/1206] cc obj/vendor/libjpeg-turbo/jbun_stubs.c.o
[329/1206] rustc bun_runtime 
[330/1206] cc obj/vendor/libjpeg-turbo/simd/jsimd.c.o
[331/1206] cc obj/vendor/libjpeg-turbo/simd/arm/jcgray-neon.c.o
[332/1206] cc obj/vendor/libjpeg-turbo/simd/arm/jccolor-neon.c.o
[333/1206] cc obj/vendor/libjpeg-turbo/simd/arm/aarch64/jchuff-neon.c.o
[334/1206] cc obj/vendor/libjpeg-turbo/simd/arm/jcsample-neon.c.o
[335/1206] cc obj/vendor/libjpeg-turbo/simd/arm/jcphuff-neon.c.o
[336/1206] cc obj/vendor/libjpeg-turbo/simd/arm/jdcolor-neon.c.o
[337/1206] cc obj/vendor/libjpeg-turbo/simd/arm/jdmerge-neon.c.o
[338/1206] cc obj/vendor/libjpeg-turbo/simd/arm/jdsample-neon.c.o
[339/1206] cc obj/vendor/libjpeg-turbo/simd/arm/jfdctfst-neon.c.o
[340/1206] cc obj/vendor/libjpeg-turbo/simd/arm/jfdctint-neon.c.o
[341/1206] cc obj/vendor/libjpeg-turbo/simd/arm/jidctfst-neon.c.o
[342/1206] cc obj/vendor/libjpeg-turbo/simd/arm/jidctint-neon.c.o
[343/1206] cc obj/vendor/libjpeg-turbo/simd/arm/jidctred-neon.c.o
[344/1206] cc obj/vendor/libjpeg-turbo/simd/arm/jquanti-neon.c.o
[345/1206] cc obj/vendor/libjpeg-turbo/simd/arm/aarch64/jsimdcpu.c.o
[346/1206] cc obj/vendor/libwebp/src/dec/alpha_dec.c.o
[347/1206] cc obj/vendor/libwebp/src/dec/buffer_dec.c.o
[348/1206] cc obj/vendor/libwebp/src/dec/frame_dec.c.o
[349/1206] cc obj/vendor/libwebp/src/dec/idec_dec.c.o
[350/1206] cc obj/vendor/libwebp/src/dec/io_dec.c.o
[351/1206] cc obj/vendor/libwebp/src/dec/quant_dec.c.o
[352/1206] cc obj/vendor/libwebp/src/dec/tree_dec.c.o
[353/1206] cc obj/vendor/libwebp/src/dec/vp8_dec.c.o
[354/1206] cc obj/vendor/libspng/spng/spng.c.o
[355/1206] cc obj/vendor/libwebp/src/dec/webp_dec.c.o
[356/1206] cc obj/vendor/libwebp/src/dec/vp8l_dec.c.o
[357/1206] cc obj/vendor/libwebp/src/enc/alpha_enc.c.o
[358/1206] cc obj/vendor/libwebp/src/enc/analysis_enc.c.o
[359/1206] cc obj/vendor/libwebp/src/enc/backward_references_cost_enc.c.o
[360/1206] cc obj/vendor/libwebp/src/enc/config_enc.c.o
[361/1206] cc obj/vendor/libwebp/src/enc/cost_enc.c.o
[362/1206] cc obj/vendor/libwebp/src/enc/filter_enc.c.o
[363/1206] cc obj/vendor/libwebp/src/enc/backward_references_enc.c.o
[364/1206] cc obj/vendor/libwebp/src/enc/frame_enc.c.o
[365/1206] cc obj/vendor/libwebp/src/enc/iterator_enc.c.o
[366/1206] cc obj/vendor/libwebp/src/enc/histogram_enc.c.o
[367/1206] cc obj/vendor/libwebp/src/enc/near_lossless_enc.c.o
[368/1206] cc obj/vendor/libwebp/src/enc/picture_enc.c.o
[369/1206] cc obj/vendor/libwebp/src/enc/picture_psnr_enc.c.o
[370/1206] cc obj/vendor/libwebp/src/enc/picture_csp_enc.c.o
[371/1206] cc obj/vendor/libwebp/src/enc/picture_rescale_enc.c.o
[372/1206] cc obj/vendor/libwebp/src/enc/predictor_enc.c.o
[373/1206] cc obj/vendor/libwebp/src/enc/picture_tools_enc.c.o
[374/1206] cc obj/vendor/libwebp/src/enc/syntax_enc.c.o
[375/1206] cc obj/vendor/libwebp/src/enc/token_enc.c.o
[376/1206] cc obj/vendor/libwebp/src/enc/tree_enc.c.o
[377/1206] cc obj/vendor/libwebp/src/enc/quant_enc.c.o
[378/1206] cc obj/vendor/libwebp/src/enc/webp_enc.c.o
[379/1206] cc obj/vendor/libwebp/src/dsp/alpha_processing.c.o
[380/1206] cc obj/vendor/libwebp/src/dsp/alpha_processing_mips_dsp_r2.c.o
[381/1206] cc obj/vendor/libwebp/src/enc/vp8l_enc.c.o
[382/1206] cc obj/vendor/libwebp/src/dsp/alpha_processing_neon.c.o
[383/1206] cc obj/vendor/libwebp/src/dsp/alpha_processing_sse2.c.o
[384/1206] cc obj/vendor/libwebp/src/dsp/alpha_processing_sse41.c.o
[385/1206] cc obj/vendor/libwebp/src/dsp/cost_mips32.c.o
[386/1206] cc obj/vendor/libwebp/src/dsp/cost_mips_dsp_r2.c.o
[387/1206] cc obj/vendor/libwebp/src/dsp/cost.c.o
[388/1206] cc obj/vendor/libwebp/src/dsp/cost_sse2.c.o
[389/1206] cc obj/vendor/libwebp/src/dsp/cpu.c.o
[390/1206] cc obj/vendor/libwebp/src/dsp/dec.c.o
[391/1206] cc obj/vendor/libwebp/src/dsp/cost_neon.c.o
[392/1206] cc obj/vendor/libwebp/src/dsp/dec_clip_tables.c.o
[393/1206] cc obj/vendor/libwebp/src/dsp/dec_mips32.c.o
[394/1206] cc obj/vendor/libwebp/src/dsp/dec_mips_dsp_r2.c.o
[395/1206] cc obj/vendor/libwebp/src/dsp/dec_msa.c.o
[396/1206] cc obj/vendor/libwebp/src/dsp/dec_sse2.c.o
[397/1206] cc obj/vendor/libwebp/src/dsp/dec_sse41.c.o
[398/1206] cc obj/vendor/libwebp/src/dsp/enc.c.o
[399/1206] cc obj/vendor/libwebp/src/dsp/enc_mips32.c.o
[400/1206] cc obj/vendor/libwebp/src/dsp/enc_mips_dsp_r2.c.o
[401/1206] cc obj/vendor/libwebp/src/dsp/enc_msa.c.o
[402/1206] cc obj/vendor/libwebp/src/dsp/dec_neon.c.o
[403/1206] cc obj/vendor/libwebp/src/dsp/enc_sse2.c.o
[404/1206] cc obj/vendor/libwebp/src/dsp/enc_sse41.c.o
[405/1206] cc obj/vendor/libwebp/src/dsp/filters.c.o
[406/1206] cc obj/vendor/libwebp/src/dsp/enc_neon.c.o
[407/1206] cc obj/vendor/libwebp/src/dsp/filters_mips_dsp_r2.c.o
[408/1206] cc obj/vendor/libwebp/src/dsp/filters_msa.c.o
[409/1206] cc obj/vendor/libwebp/src/dsp/filters_sse2.c.o
[410/1206] cc obj/vendor/libwebp/src/dsp/lossless.c.o
[411/1206] cc obj/vendor/libwebp/src/dsp/filters_neon.c.o
[412/1206] cc obj/vendor/libwebp/src/dsp/lossless_avx2.c.o
[413/1206] cc obj/vendor/libwebp/src/dsp/lossless_enc_avx2.c.o
[414/1206] cc obj/vendor/libwebp/src/dsp/lossless_enc_mips32.c.o
[415/1206] cc obj/vendor/libwebp/src/dsp/lossless_enc_mips_dsp_r2.c.o
[416/1206] cc obj/vendor/libwebp/src/dsp/lossless_enc_msa.c.o
[417/1206] cc obj/vendor/libwebp/src/dsp/lossless_enc.c.o
[418/1206] cc obj/vendor/libwebp/src/dsp/lossless_enc_sse2.c.o
[419/1206] cc obj/vendor/libwebp/src/dsp/lossless_enc_sse41.c.o
[420/1206] cc obj/vendor/libwebp/src/dsp/lossless_mips_dsp_r2.c.o
[421/1206] cc obj/vendor/libwebp/src/dsp/lossless_enc_neon.c.o
[422/1206] cc obj/vendor/libwebp/src/dsp/lossless_msa.c.o
[423/1206] cc obj/vendor/libwebp/src/dsp/lossless_sse2.c.o
[424/1206] cc obj/vendor/libwebp/src/dsp/lossless_sse41.c.o
[425/1206] cc obj/vendor/libwebp/src/dsp/rescaler.c.o
[426/1206] cc obj/vendor/libwebp/src/dsp/rescaler_mips32.c.o
[427/1206] cc obj/vendor/libwebp/src/dsp/lossless_neon.c.o
[428/1206] cc obj/vendor/libwebp/src/dsp/rescaler_mips_dsp_r2.c.o
[429/1206] cc obj/vendor/libwebp/src/dsp/rescaler_msa.c.o
[430/1206] cc obj/vendor/libwebp/src/dsp/rescaler_sse2.c.o
[431/1206] cc obj/vendor/libwebp/src/dsp/rescaler_neon.c.o
[432/1206] cc obj/vendor/libwebp/src/dsp/ssim.c.o
[433/1206] cc obj/vendor/libwebp/src/dsp/ssim_sse2.c.o
[434/1206] cc obj/vendor/libwebp/src/dsp/upsampling_mips_dsp_r2.c.o
[435/1206] cc obj/vendor/libwebp/src/dsp/upsampling_msa.c.o
[436/1206] cc obj/vendor/libwebp/src/dsp/upsampling.c.o
[437/1206] cc obj/vendor/libwebp/src/dsp/upsampling_sse2.c.o
[438/1206] cc obj/vendor/libwebp/src/dsp/upsampling_sse41.c.o
[439/1206] cc obj/vendor/libwebp/src/dsp/upsampling_neon.c.o
[440/1206] cc obj/vendor/libwebp/src/dsp/yuv_mips32.c.o
[441/1206] cc obj/vendor/libwebp/src/dsp/yuv_mips_dsp_r2.c.o
[442/1206] cc obj/vendor/libwebp/src/dsp/yuv.c.o
[443/1206] cc obj/vendor/libwebp/src/dsp/yuv_neon.c.o
[444/1206] cc obj/vendor/libwebp/src/dsp/yuv_sse2.c.o
[445/1206] cc obj/vendor/libwebp/src/dsp/yuv_sse41.c.o
[446/1206] cc obj/vendor/libwebp/src/utils/bit_reader_utils.c.o
[447/1206] cc obj/vendor/libwebp/src/utils/bit_writer_utils.c.o
[448/1206] cc obj/vendor/libwebp/src/utils/color_cache_utils.c.o
[449/1206] cc obj/vendor/libwebp/src/utils/filters_utils.c.o
[450/1206] cc obj/vendor/libwebp/src/utils/huffman_utils.c.o
[451/1206] cc obj/vendor/libwebp/src/utils/huffman_encode_utils.c.o
[452/1206] cc obj/vendor/libwebp/src/utils/palette.c.o
[453/1206] cc obj/vendor/libwebp/src/utils/quant_levels_dec_utils.c.o
[454/1206] cc obj/vendor/libwebp/src/utils/random_utils.c.o
[455/1206] cc obj/vendor/libwebp/src/utils/quant_levels_utils.c.o
[456/1206] cc obj/vendor/libwebp/src/utils/thread_utils.c.o
[457/1206] cc obj/vendor/libwebp/src/utils/rescaler_utils.c.o
[458/1206] cc obj/vendor/libwebp/src/utils/utils.c.o
[459/1206] cc obj/vendor/libwebp/src/demux/demux.c.o
[460/1206] cc obj/vendor/libwebp/src/mux/muxedit.c.o
[461/1206] cc obj/vendor/libwebp/src/mux/muxread.c.o
[462/1206] cc obj/vendor/libwebp/src/mux/muxinternal.c.o
[463/1206] cc obj/vendor/libwebp/sharpyuv/sharpyuv_cpu.c.o
[464/1206] cc obj/vendor/libwebp/sharpyuv/sharpyuv_csp.c.o
[465/1206] cc obj/vendor/libwebp/sharpyuv/sharpyuv_dsp.c.o
[466/1206] cc obj/vendor/libwebp/sharpyuv/sharpyuv_gamma.c.o
[467/1206] cc obj/vendor/libwebp/sharpyuv/sharpyuv.c.o
[468/1206] cc obj/vendor/libwebp/sharpyuv/sharpyuv_sse2.c.o
[469/1206] cc obj/vendor/libwebp/sharpyuv/sharpyuv_neon.c.o
[470/1206] cc obj/vendor/cares/src/lib/ares_addrinfo2hostent.c.o
[471/1206] cc obj/vendor/cares/src/lib/ares_addrinfo_localhost.c.o
[472/1206] cc obj/vendor/cares/src/lib/ares_cancel.c.o
[473/1206] cc obj/vendor/cares/src/lib/ares_android.c.o
[474/1206] cc obj/vendor/cares/src/lib/ares_close_sockets.c.o
[475/1206] cc obj/vendor/cares/src/lib/ares_cookie.c.o
[476/1206] cc obj/vendor/cares/src/lib/ares_conn.c.o
[477/1206] cc obj/vendor/cares/src/lib/ares_data.c.o
[478/1206] cc obj/vendor/cares/src/lib/ares_destroy.c.o
[479/1206] cc obj/vendor/cares/src/lib/ares_free_hostent.c.o
[480/1206] cc obj/vendor/cares/src/lib/ares_free_string.c.o
[481/1206] cc obj/vendor/cares/src/lib/ares_freeaddrinfo.c.o
[482/1206] cc obj/vendor/cares/src/lib/ares_getenv.c.o
[483/1206] cc obj/vendor/cares/src/lib/ares_getaddrinfo.c.o
[484/1206] cc obj/vendor/cares/src/lib/ares_gethostbyaddr.c.o
[485/1206] cc obj/vendor/cares/src/lib/ares_getnameinfo.c.o
[486/1206] cc obj/vendor/cares/src/lib/ares_gethostbyname.c.o
[487/1206] cc obj/vendor/cares/src/lib/ares_init.c.o
[488/1206] cc obj/vendor/cares/src/lib/ares_hosts_file.c.o
[489/1206] cc obj/vendor/cares/src/lib/ares_library_init.c.o
[490/1206] cc obj/vendor/cares/src/lib/ares_metrics.c.o
[491/1206] cc obj/vendor/cares/src/lib/ares_options.c.o
[492/1206] cc obj/vendor/cares/src/lib/ares_parse_into_addrinfo.c.o
[493/1206] cc obj/vendor/cares/src/lib/ares_qcache.c.o
[494/1206] cc obj/vendor/cares/src/lib/ares_query.c.o
[495/1206] cc obj/vendor/cares/src/lib/ares_process.c.o
[496/1206] cc obj/vendor/cares/src/lib/ares_search.c.o
[497/1206] cc obj/vendor/cares/src/lib/ares_send.c.o
[498/1206] cc obj/vendor/cares/src/lib/ares_set_socket_functions.c.o
[499/1206] cc obj/vendor/cares/src/lib/ares_socket.c.o
[500/1206] cc obj/vendor/cares/src/lib/ares_sortaddrinfo.c.o
[501/1206] cc obj/vendor/cares/src/lib/ares_strerror.c.o
[502/1206] cc obj/vendor/cares/src/lib/ares_sysconfig.c.o
[503/1206] cc obj/vendor/cares/src/lib/ares_sysconfig_mac.c.o
[504/1206] cc obj/vendor/cares/src/lib/ares_sysconfig_files.c.o
[505/1206] cc obj/vendor/cares/src/lib/ares_sysconfig_win.c.o
[506/1206] cc obj/vendor/cares/src/lib/ares_timeout.c.o
[507/1206] cc obj/vendor/cares/src/lib/ares_version.c.o
[508/1206] cc obj/vendor/cares/src/lib/ares_update_servers.c.o
[509/1206] cc obj/vendor/cares/src/lib/inet_net_pton.c.o
[510/1206] cc obj/vendor/cares/src/lib/windows_port.c.o
[511/1206] cc obj/vendor/cares/src/lib/inet_ntop.c.o
[512/1206] cc obj/vendor/cares/src/lib/dsa/ares_array.c.o
[513/1206] cc obj/vendor/cares/src/lib/dsa/ares_htable.c.o
[514/1206] cc obj/vendor/cares/src/lib/dsa/ares_htable_asvp.c.o
[515/1206] cc obj/vendor/cares/src/lib/dsa/ares_htable_dict.c.o
[516/1206] cc obj/vendor/cares/src/lib/dsa/ares_htable_strvp.c.o
[517/1206] cc obj/vendor/cares/src/lib/dsa/ares_htable_szvp.c.o
[518/1206] cc obj/vendor/cares/src/lib/dsa/ares_htable_vpstr.c.o
[519/1206] cc obj/vendor/cares/src/lib/dsa/ares_htable_vpvp.c.o
[520/1206] cc obj/vendor/cares/src/lib/dsa/ares_llist.c.o
[521/1206] cc obj/vendor/cares/src/lib/event/ares_event_configchg.c.o
[522/1206] cc obj/vendor/cares/src/lib/dsa/ares_slist.c.o
[523/1206] cc obj/vendor/cares/src/lib/event/ares_event_kqueue.c.o
[524/1206] cc obj/vendor/cares/src/lib/event/ares_event_epoll.c.o
[525/1206] cc obj/vendor/cares/src/lib/event/ares_event_poll.c.o
[526/1206] cc obj/vendor/cares/src/lib/event/ares_event_select.c.o
[527/1206] cc obj/vendor/cares/src/lib/event/ares_event_wake_pipe.c.o
[528/1206] cc obj/vendor/cares/src/lib/event/ares_event_thread.c.o
[529/1206] cc obj/vendor/cares/src/lib/event/ares_event_win32.c.o
[530/1206] cc obj/vendor/cares/src/lib/legacy/ares_create_query.c.o
[531/1206] cc obj/vendor/cares/src/lib/legacy/ares_expand_name.c.o
[532/1206] cc obj/vendor/cares/src/lib/legacy/ares_expand_string.c.o
[533/1206] cc obj/vendor/cares/src/lib/legacy/ares_fds.c.o
[534/1206] cc obj/vendor/cares/src/lib/legacy/ares_getsock.c.o
[535/1206] cc obj/vendor/cares/src/lib/legacy/ares_parse_a_reply.c.o
[536/1206] cc obj/vendor/cares/src/lib/legacy/ares_parse_aaaa_reply.c.o
[537/1206] cc obj/vendor/cares/src/lib/legacy/ares_parse_caa_reply.c.o
[538/1206] cc obj/vendor/cares/src/lib/legacy/ares_parse_mx_reply.c.o
[539/1206] cc obj/vendor/cares/src/lib/legacy/ares_parse_naptr_reply.c.o
[540/1206] cc obj/vendor/cares/src/lib/legacy/ares_parse_ns_reply.c.o
[541/1206] cc obj/vendor/cares/src/lib/legacy/ares_parse_ptr_reply.c.o
[542/1206] cc obj/vendor/cares/src/lib/legacy/ares_parse_soa_reply.c.o
[543/1206] cc obj/vendor/cares/src/lib/legacy/ares_parse_srv_reply.c.o
[544/1206] cc obj/vendor/cares/src/lib/legacy/ares_parse_txt_reply.c.o
[545/1206] cc obj/vendor/cares/src/lib/legacy/ares_parse_uri_reply.c.o
[546/1206] cc obj/vendor/cares/src/lib/record/ares_dns_mapping.c.o
[547/1206] cc obj/vendor/cares/src/lib/record/ares_dns_multistring.c.o
[548/1206] cc obj/vendor/cares/src/lib/record/ares_dns_name.c.o
[549/1206] cc obj/vendor/cares/src/lib/record/ares_dns_parse.c.o
[550/1206] cc obj/vendor/cares/src/lib/record/ares_dns_write.c.o
[551/1206] cc obj/vendor/cares/src/lib/record/ares_dns_record.c.o
[552/1206] cc obj/vendor/cares/src/lib/str/ares_str.c.o
[553/1206] cc obj/vendor/cares/src/lib/str/ares_strsplit.c.o
[554/1206] cc obj/vendor/cares/src/lib/util/ares_iface_ips.c.o
[555/1206] cc obj/vendor/cares/src/lib/str/ares_buf.c.o
[556/1206] cc obj/vendor/cares/src/lib/util/ares_timeval.c.o
[557/1206] cc obj/vendor/cares/src/lib/util/ares_threads.c.o
[558/1206] cc obj/vendor/cares/src/lib/util/ares_math.c.o
[559/1206] cc obj/vendor/cares/src/lib/util/ares_rand.c.o
[560/1206] cc obj/vendor/hdrhistogram/src/hdr_encoding.c.o
[561/1206] cc obj/vendor/cares/src/lib/util/ares_uri.c.o
[562/1206] cc obj/vendor/hdrhistogram/src/hdr_histogram_log_no_op.c.o
[563/1206] cc obj/vendor/hdrhistogram/src/hdr_histogram.c.o
[564/1206] cxx obj/vendor/highway/hwy/aligned_allocator.cc.o
[565/1206] cxx obj/vendor/highway/hwy/abort.cc.o
[566/1206] cxx obj/vendor/highway/hwy/nanobenchmark.cc.o
[567/1206] cxx obj/vendor/highway/hwy/perf_counters.cc.o
[568/1206] cxx obj/vendor/highway/hwy/print.cc.o
[569/1206] cxx obj/vendor/highway/hwy/per_target.cc.o
[570/1206] cxx obj/vendor/highway/hwy/profiler.cc.o
[571/1206] cxx obj/vendor/highway/hwy/targets.cc.o
[572/1206] cxx obj/vendor/highway/hwy/timer.cc.o
[573/1206] cc obj/vendor/lshpack/deps/xxhash/xxhash.c.o
[574/1206] cc obj/vendor/lshpack/lshpack.c.o
[575/1206] cc obj/vendor/mimalloc/src/static.c.o
[576/1206] cxx obj/vendor/boringssl/crypto/fipsmodule/bcm.cc.o
[577/1206] cxx obj/vendor/boringssl/crypto/aes/aes.cc.o
[578/1206] cxx obj/vendor/boringssl/crypto/asn1/a_bitstr.cc.o
[579/1206] cxx obj/vendor/boringssl/crypto/asn1/a_bool.cc.o
[580/1206] cxx obj/vendor/boringssl/crypto/asn1/a_d2i_fp.cc.o
[581/1206] cxx obj/vendor/boringssl/crypto/asn1/a_dup.cc.o
[582/1206] cxx obj/vendor/boringssl/crypto/asn1/a_gentm.cc.o
[583/1206] cxx obj/vendor/boringssl/crypto/asn1/a_i2d_fp.cc.o
[584/1206] cxx obj/vendor/boringssl/crypto/asn1/a_int.cc.o
[585/1206] cxx obj/vendor/boringssl/crypto/asn1/a_mbstr.cc.o
[586/1206] cxx obj/vendor/boringssl/crypto/asn1/a_object.cc.o
[587/1206] cxx obj/vendor/boringssl/crypto/asn1/a_octet.cc.o
[588/1206] cxx obj/vendor/boringssl/crypto/asn1/a_strex.cc.o
[589/1206] cxx obj/vendor/boringssl/crypto/asn1/a_strnid.cc.o
[590/1206] cxx obj/vendor/boringssl/crypto/asn1/a_time.cc.o
[591/1206] cxx obj/vendor/boringssl/crypto/asn1/a_type.cc.o
[592/1206] cxx obj/vendor/boringssl/crypto/asn1/a_utctm.cc.o
[593/1206] cxx obj/vendor/boringssl/crypto/asn1/asn1_lib.cc.o
[594/1206] cxx obj/vendor/boringssl/crypto/asn1/asn1_par.cc.o
[595/1206] cxx obj/vendor/boringssl/crypto/asn1/asn_pack.cc.o
[596/1206] cxx obj/vendor/boringssl/crypto/asn1/f_int.cc.o
[597/1206] cxx obj/vendor/boringssl/crypto/asn1/f_string.cc.o
[598/1206] cxx obj/vendor/boringssl/crypto/asn1/posix_time.cc.o
[599/1206] cxx obj/vendor/boringssl/crypto/asn1/tasn_dec.cc.o
[600/1206] cxx obj/vendor/boringssl/crypto/asn1/tasn_enc.cc.o
[601/1206] cxx obj/vendor/boringssl/crypto/asn1/tasn_fre.cc.o
[602/1206] cxx obj/vendor/boringssl/crypto/asn1/tasn_new.cc.o
[603/1206] cxx obj/vendor/boringssl/crypto/asn1/tasn_typ.cc.o
[604/1206] cxx obj/vendor/boringssl/crypto/asn1/tasn_utl.cc.o
[605/1206] cxx obj/vendor/boringssl/crypto/base64/base64.cc.o
[606/1206] cxx obj/vendor/boringssl/crypto/bio/bio.cc.o
[607/1206] cxx obj/vendor/boringssl/crypto/bio/bio_mem.cc.o
[608/1206] cxx obj/vendor/boringssl/crypto/bio/connect.cc.o
[609/1206] cxx obj/vendor/boringssl/crypto/bio/errno.cc.o
[610/1206] cxx obj/vendor/boringssl/crypto/bio/fd.cc.o
[611/1206] cxx obj/vendor/boringssl/crypto/bio/file.cc.o
[612/1206] cxx obj/vendor/boringssl/crypto/bio/hexdump.cc.o
[613/1206] cxx obj/vendor/boringssl/crypto/bio/pair.cc.o
[614/1206] cc obj/src/jsc/bindings/sqlite/sqlite3.c.o
[615/1206] cxx obj/vendor/boringssl/crypto/bio/printf.cc.o
[616/1206] cxx obj/vendor/boringssl/crypto/bio/socket.cc.o
[617/1206] cxx obj/vendor/boringssl/crypto/bio/socket_helper.cc.o
[618/1206] cxx obj/vendor/boringssl/crypto/blake2/blake2.cc.o
[619/1206] cxx obj/vendor/boringssl/crypto/bn/bn_asn1.cc.o
[620/1206] cxx obj/vendor/boringssl/crypto/bn/div.cc.o
[621/1206] cxx obj/vendor/boringssl/crypto/bn/convert.cc.o
[622/1206] cxx obj/vendor/boringssl/crypto/bn/sqrt.cc.o
[623/1206] cxx obj/vendor/boringssl/crypto/bn/exponentiation.cc.o
[624/1206] cxx obj/vendor/boringssl/crypto/buf/buf.cc.o
[625/1206] cxx obj/vendor/boringssl/crypto/bytestring/asn1_compat.cc.o
[626/1206] cxx obj/vendor/boringssl/crypto/bytestring/ber.cc.o
[627/1206] cxx obj/vendor/boringssl/crypto/bytestring/cbb.cc.o
[628/1206] cxx obj/vendor/boringssl/crypto/bytestring/cbs.cc.o
[629/1206] cxx obj/vendor/boringssl/crypto/bytestring/unicode.cc.o
[630/1206] cxx obj/vendor/boringssl/crypto/chacha/chacha.cc.o
[631/1206] cxx obj/vendor/boringssl/crypto/cipher/derive_key.cc.o
[632/1206] cxx obj/vendor/boringssl/crypto/cipher/e_aesctrhmac.cc.o
[633/1206] cxx obj/vendor/boringssl/crypto/cipher/e_aeseax.cc.o
[634/1206] cxx obj/vendor/boringssl/crypto/cipher/e_aesgcmsiv.cc.o
[635/1206] cxx obj/vendor/boringssl/crypto/cipher/e_chacha20poly1305.cc.o
[636/1206] cxx obj/vendor/boringssl/crypto/cipher/e_des.cc.o
[637/1206] cxx obj/vendor/boringssl/crypto/cipher/e_null.cc.o
[638/1206] cxx obj/vendor/boringssl/crypto/cipher/e_rc4.cc.o
[639/1206] cxx obj/vendor/boringssl/crypto/cipher/e_rc2.cc.o
[640/1206] cxx obj/vendor/boringssl/crypto/cipher/get_cipher.cc.o
[641/1206] cxx obj/vendor/boringssl/crypto/cipher/e_tls.cc.o
[642/1206] cxx obj/vendor/boringssl/crypto/cipher/tls_cbc.cc.o
[643/1206] cxx obj/vendor/boringssl/crypto/cms/cms.cc.o
[644/1206] cxx obj/vendor/boringssl/crypto/conf/conf.cc.o
[645/1206] cxx obj/vendor/boringssl/crypto/cpu_aarch64_apple.cc.o
[646/1206] cxx obj/vendor/boringssl/crypto/cpu_aarch64_fuchsia.cc.o
[647/1206] cxx obj/vendor/boringssl/crypto/cpu_aarch64_linux.cc.o
[648/1206] cxx obj/vendor/boringssl/crypto/cpu_aarch64_openbsd.cc.o
[649/1206] cxx obj/vendor/boringssl/crypto/cpu_aarch64_sysreg.cc.o
[650/1206] cxx obj/vendor/boringssl/crypto/cpu_aarch64_win.cc.o
[651/1206] cxx obj/vendor/boringssl/crypto/cpu_arm_freebsd.cc.o
[652/1206] cxx obj/vendor/boringssl/crypto/cpu_arm_linux.cc.o
[653/1206] cxx obj/vendor/boringssl/crypto/cpu_intel.cc.o
[654/1206] cxx obj/vendor/boringssl/crypto/crypto.cc.o
[655/1206] cxx obj/vendor/boringssl/crypto/curve25519/curve25519_64_adx.cc.o
[656/1206] cxx obj/vendor/boringssl/crypto/curve25519/spake25519.cc.o
[657/1206] cxx obj/vendor/boringssl/crypto/des/des.cc.o
[658/1206] cxx obj/vendor/boringssl/crypto/curve25519/curve25519.cc.o
[659/1206] cxx obj/vendor/boringssl/crypto/dh/dh_asn1.cc.o
[660/1206] cxx obj/vendor/boringssl/crypto/dh/params.cc.o
[661/1206] cxx obj/vendor/boringssl/crypto/digest/digest_extra.cc.o
[662/1206] cxx obj/vendor/boringssl/crypto/dsa/dsa.cc.o
[663/1206] cxx obj/vendor/boringssl/crypto/dsa/dsa_asn1.cc.o
[664/1206] cxx obj/vendor/boringssl/crypto/ec/ec_derive.cc.o
[665/1206] cxx obj/vendor/boringssl/crypto/ec/ec_asn1.cc.o
[666/1206] cxx obj/vendor/boringssl/crypto/ec/hash_to_curve.cc.o
[667/1206] cxx obj/vendor/boringssl/crypto/ecdh/ecdh.cc.o
[668/1206] cxx obj/vendor/boringssl/crypto/ecdsa/ecdsa_p1363.cc.o
[669/1206] cxx obj/vendor/boringssl/crypto/ecdsa/ecdsa_asn1.cc.o
[670/1206] cxx obj/vendor/boringssl/crypto/engine/engine.cc.o
[671/1206] cxx obj/vendor/boringssl/crypto/err/err.cc.o
[672/1206] cxx obj/vendor/boringssl/crypto/evp/evp.cc.o
[673/1206] cxx obj/vendor/boringssl/crypto/evp/evp_asn1.cc.o
[674/1206] cxx obj/vendor/boringssl/crypto/evp/evp_ctx.cc.o
[675/1206] cxx obj/vendor/boringssl/crypto/evp/evp_kem.cc.o
[676/1206] cxx obj/vendor/boringssl/crypto/evp/p_dh.cc.o
[677/1206] cxx obj/vendor/boringssl/crypto/evp/p_dsa.cc.o
[678/1206] cxx obj/vendor/boringssl/crypto/evp/p_ec.cc.o
[679/1206] cxx obj/vendor/boringssl/crypto/evp/p_ed25519.cc.o
[680/1206] cxx obj/vendor/boringssl/crypto/evp/p_hkdf.cc.o
[681/1206] cxx obj/vendor/boringssl/crypto/evp/p_mldsa.cc.o
[682/1206] cxx obj/vendor/boringssl/crypto/evp/p_mlkem.cc.o
[683/1206] cxx obj/vendor/boringssl/crypto/evp/p_rsa.cc.o
[684/1206] cxx obj/vendor/boringssl/crypto/evp/p_x25519.cc.o
[685/1206] cxx obj/vendor/boringssl/crypto/evp/pbkdf.cc.o
[686/1206] cxx obj/vendor/boringssl/crypto/evp/p_xwing.cc.o
[687/1206] cxx obj/vendor/boringssl/crypto/evp/print.cc.o
[688/1206] cxx obj/vendor/boringssl/crypto/evp/scrypt.cc.o
[689/1206] cxx obj/vendor/boringssl/crypto/evp/sign.cc.o
[690/1206] cxx obj/vendor/boringssl/crypto/fipsmodule/fips_shared_support.cc.o
[691/1206] cxx obj/vendor/boringssl/crypto/ex_data.cc.o
[692/1206] cxx obj/vendor/boringssl/crypto/fuzzer_mode.cc.o
[693/1206] cxx obj/vendor/boringssl/crypto/hpke/hpke.cc.o
[694/1206] cxx obj/vendor/boringssl/crypto/lhash/lhash.cc.o
[695/1206] cxx obj/vendor/boringssl/crypto/md4/md4.cc.o
[696/1206] cxx obj/vendor/boringssl/crypto/hrss/hrss.cc.o
[697/1206] cxx obj/vendor/boringssl/crypto/md5/md5.cc.o
[698/1206] cxx obj/vendor/boringssl/crypto/mem.cc.o
[699/1206] cxx obj/vendor/boringssl/crypto/mldsa/mldsa.cc.o
[700/1206] cxx obj/vendor/boringssl/crypto/mlkem/mlkem.cc.o
[701/1206] cxx obj/vendor/boringssl/crypto/obj/obj_xref.cc.o
[702/1206] cxx obj/vendor/boringssl/crypto/obj/obj.cc.o
[703/1206] cxx obj/vendor/boringssl/crypto/pem/pem_all.cc.o
[704/1206] cxx obj/vendor/boringssl/crypto/pem/pem_info.cc.o
[705/1206] cxx obj/vendor/boringssl/crypto/pem/pem_oth.cc.o
[706/1206] cxx obj/vendor/boringssl/crypto/pem/pem_lib.cc.o
[707/1206] cxx obj/vendor/boringssl/crypto/pem/pem_pkey.cc.o
[708/1206] cxx obj/vendor/boringssl/crypto/pem/pem_pk8.cc.o
[709/1206] cxx obj/vendor/boringssl/crypto/pem/pem_x509.cc.o
[710/1206] cxx obj/vendor/boringssl/crypto/pem/pem_xaux.cc.o
[711/1206] cxx obj/vendor/boringssl/crypto/pkcs7/pkcs7.cc.o
[712/1206] cxx obj/vendor/boringssl/crypto/pkcs7/pkcs7_x509.cc.o
[713/1206] cxx obj/vendor/boringssl/crypto/pkcs8/p5_pbev2.cc.o
[714/1206] cxx obj/vendor/boringssl/crypto/pkcs8/pkcs8.cc.o
[715/1206] cxx obj/vendor/boringssl/crypto/poly1305/poly1305.cc.o
[716/1206] cxx obj/vendor/boringssl/crypto/pkcs8/pkcs8_x509.cc.o
[717/1206] cxx obj/vendor/boringssl/crypto/poly1305/poly1305_arm.cc.o
[718/1206] cxx obj/vendor/boringssl/crypto/poly1305/poly1305_vec.cc.o
[719/1206] cxx obj/vendor/boringssl/crypto/rand/deterministic.cc.o
[720/1206] cxx obj/vendor/boringssl/crypto/pool/pool.cc.o
[721/1206] cxx obj/vendor/boringssl/crypto/rand/fork_detect.cc.o
[722/1206] cxx obj/vendor/boringssl/crypto/rand/forkunsafe.cc.o
[723/1206] cxx obj/vendor/boringssl/crypto/rand/getentropy.cc.o
[724/1206] cxx obj/vendor/boringssl/crypto/rand/ios.cc.o
[725/1206] cxx obj/vendor/boringssl/crypto/rand/rand.cc.o
[726/1206] cxx obj/vendor/boringssl/crypto/rand/trusty.cc.o
[727/1206] cxx obj/vendor/boringssl/crypto/rand/urandom.cc.o
[728/1206] cxx obj/vendor/boringssl/crypto/rand/windows.cc.o
[729/1206] cxx obj/vendor/boringssl/crypto/rc4/rc4.cc.o
[730/1206] cxx obj/vendor/boringssl/crypto/refcount.cc.o
[731/1206] cxx obj/vendor/boringssl/crypto/ripemd/ripemd.cc.o
[732/1206] cxx obj/vendor/boringssl/crypto/rsa/rsa_asn1.cc.o
[733/1206] cxx obj/vendor/boringssl/crypto/rsa/rsa_extra.cc.o
[734/1206] cxx obj/vendor/boringssl/crypto/rsa/rsa_crypt.cc.o
[735/1206] cxx obj/vendor/boringssl/crypto/rsa/rsa_print.cc.o
[736/1206] cxx obj/vendor/boringssl/crypto/sha/sha1.cc.o
[737/1206] cxx obj/vendor/boringssl/crypto/sha/sha256.cc.o
[738/1206] cxx obj/vendor/boringssl/crypto/sha/sha512.cc.o
[739/1206] cxx obj/vendor/boringssl/crypto/siphash/siphash.cc.o
[740/1206] cxx obj/vendor/boringssl/crypto/slhdsa/slhdsa.cc.o
[741/1206] cxx obj/vendor/boringssl/crypto/spake2plus/spake2plus.cc.o
[742/1206] cxx obj/vendor/boringssl/crypto/stack/stack.cc.o
[743/1206] cxx obj/vendor/boringssl/crypto/thread.cc.o
[744/1206] cxx obj/vendor/boringssl/crypto/thread_none.cc.o
[745/1206] cxx obj/vendor/boringssl/crypto/thread_pthread.cc.o
[746/1206] cxx obj/vendor/boringssl/crypto/thread_win.cc.o
[747/1206] cxx obj/vendor/boringssl/crypto/trust_token/pmbtoken.cc.o
[748/1206] cxx obj/vendor/boringssl/crypto/trust_token/trust_token.cc.o
[749/1206] cxx obj/vendor/boringssl/crypto/x509/a_digest.cc.o
[750/1206] cxx obj/vendor/boringssl/crypto/trust_token/voprf.cc.o
[751/1206] cxx obj/vendor/boringssl/crypto/x509/a_sign.cc.o
[752/1206] cxx obj/vendor/boringssl/crypto/x509/a_verify.cc.o
[753/1206] cxx obj/vendor/boringssl/crypto/x509/algorithm.cc.o
[754/1206] cxx obj/vendor/boringssl/crypto/x509/asn1_gen.cc.o
[755/1206] cxx obj/vendor/boringssl/crypto/x509/by_file.cc.o
[756/1206] cxx obj/vendor/boringssl/crypto/x509/i2d_pr.cc.o
[757/1206] cxx obj/vendor/boringssl/crypto/x509/by_dir.cc.o
[758/1206] cxx obj/vendor/boringssl/crypto/x509/name_print.cc.o
[759/1206] cxx obj/vendor/boringssl/crypto/x509/rsa_pss.cc.o
[760/1206] cxx obj/vendor/boringssl/crypto/x509/policy.cc.o
[761/1206] cxx obj/vendor/boringssl/crypto/x509/t_crl.cc.o
[762/1206] cxx obj/vendor/boringssl/crypto/x509/t_req.cc.o
[763/1206] cxx obj/vendor/boringssl/crypto/x509/t_x509.cc.o
[764/1206] cxx obj/vendor/boringssl/crypto/x509/t_x509a.cc.o
[765/1206] cxx obj/vendor/boringssl/crypto/x509/v3_akey.cc.o
[766/1206] cxx obj/vendor/boringssl/crypto/x509/v3_akeya.cc.o
[767/1206] cxx obj/vendor/boringssl/crypto/x509/v3_alt.cc.o
[768/1206] cxx obj/vendor/boringssl/crypto/x509/v3_bcons.cc.o
[769/1206] cxx obj/vendor/boringssl/crypto/x509/v3_bitst.cc.o
[770/1206] cxx obj/vendor/boringssl/crypto/x509/v3_conf.cc.o
[771/1206] cxx obj/vendor/boringssl/crypto/x509/v3_cpols.cc.o
[772/1206] cxx obj/vendor/boringssl/crypto/x509/v3_crld.cc.o
[773/1206] cxx obj/vendor/boringssl/crypto/x509/v3_enum.cc.o
[774/1206] cxx obj/vendor/boringssl/crypto/x509/v3_extku.cc.o
[775/1206] cxx obj/vendor/boringssl/crypto/x509/v3_genn.cc.o
[776/1206] cxx obj/vendor/boringssl/crypto/x509/v3_ia5.cc.o
[777/1206] cxx obj/vendor/boringssl/crypto/x509/v3_int.cc.o
[778/1206] cxx obj/vendor/boringssl/crypto/x509/v3_info.cc.o
[779/1206] cxx obj/vendor/boringssl/crypto/x509/v3_lib.cc.o
[780/1206] cxx obj/vendor/boringssl/crypto/x509/v3_ncons.cc.o
[781/1206] cxx obj/vendor/boringssl/crypto/x509/v3_ocsp.cc.o
[782/1206] cxx obj/vendor/boringssl/crypto/x509/v3_pcons.cc.o
[783/1206] cxx obj/vendor/boringssl/crypto/x509/v3_pmaps.cc.o
[784/1206] cxx obj/vendor/boringssl/crypto/x509/v3_prn.cc.o
[785/1206] cxx obj/vendor/boringssl/crypto/x509/v3_purp.cc.o
[786/1206] cxx obj/vendor/boringssl/crypto/x509/v3_skey.cc.o
[787/1206] cxx obj/vendor/boringssl/crypto/x509/x509.cc.o
[788/1206] cxx obj/vendor/boringssl/crypto/x509/v3_utl.cc.o
[789/1206] cxx obj/vendor/boringssl/crypto/x509/x509_att.cc.o
[790/1206] cxx obj/vendor/boringssl/crypto/x509/x509_cmp.cc.o
[791/1206] cxx obj/vendor/boringssl/crypto/x509/x509_d2.cc.o
[792/1206] cxx obj/vendor/boringssl/crypto/x509/x509_def.cc.o
[793/1206] cxx obj/vendor/boringssl/crypto/x509/x509_ext.cc.o
[794/1206] cxx obj/vendor/boringssl/crypto/x509/x509_mtc.cc.o
[795/1206] cxx obj/vendor/boringssl/crypto/x509/x509_lu.cc.o
[796/1206] cxx obj/vendor/boringssl/crypto/x509/x509_obj.cc.o
[797/1206] cxx obj/vendor/boringssl/crypto/x509/x509_req.cc.o
[798/1206] cxx obj/vendor/boringssl/crypto/x509/x509_set.cc.o
[799/1206] cxx obj/vendor/boringssl/crypto/x509/x509_trs.cc.o
[800/1206] cxx obj/vendor/boringssl/crypto/x509/x509_txt.cc.o
[801/1206] cxx obj/vendor/boringssl/crypto/x509/x509_v3.cc.o
[802/1206] cxx obj/vendor/boringssl/crypto/x509/x509_vfy.cc.o
[803/1206] cxx obj/vendor/boringssl/crypto/x509/x509_vpm.cc.o
[804/1206] cxx obj/vendor/boringssl/crypto/x509/x509cset.cc.o
[805/1206] cxx obj/vendor/boringssl/crypto/x509/x509name.cc.o
[806/1206] cxx obj/vendor/boringssl/crypto/x509/x509rset.cc.o
[807/1206] cxx obj/vendor/boringssl/crypto/x509/x509spki.cc.o
[808/1206] cxx obj/vendor/boringssl/crypto/x509/x_algor.cc.o
[809/1206] cxx obj/vendor/boringssl/crypto/x509/x_all.cc.o
[810/1206] cxx obj/vendor/boringssl/crypto/x509/x_attrib.cc.o
[811/1206] cxx obj/vendor/boringssl/crypto/x509/x_exten.cc.o
[812/1206] cxx obj/vendor/boringssl/crypto/x509/x_crl.cc.o
[813/1206] cxx obj/vendor/boringssl/crypto/x509/x_pubkey.cc.o
[814/1206] cxx obj/vendor/boringssl/crypto/x509/x_name.cc.o
[815/1206] cxx obj/vendor/boringssl/crypto/x509/x_req.cc.o
[816/1206] cxx obj/vendor/boringssl/crypto/x509/x_sig.cc.o
[817/1206] cxx obj/vendor/boringssl/crypto/x509/x_spki.cc.o
[818/1206] cxx obj/vendor/boringssl/crypto/x509/x_x509.cc.o
[819/1206] cxx obj/vendor/boringssl/crypto/x509/x_x509a.cc.o
[820/1206] cxx obj/vendor/boringssl/crypto/xwing/xwing.cc.o
[821/1206] cxx obj/vendor/boringssl/gen/crypto/err_data.cc.o
[822/1206] cxx obj/vendor/boringssl/ssl/bio_ssl.cc.o
[823/1206] cxx obj/vendor/boringssl/ssl/d1_lib.cc.o
[824/1206] cxx obj/vendor/boringssl/ssl/d1_both.cc.o
[825/1206] cxx obj/vendor/boringssl/ssl/d1_pkt.cc.o
[826/1206] cxx obj/vendor/boringssl/ssl/d1_srtp.cc.o
[827/1206] cxx obj/vendor/boringssl/ssl/dtls_method.cc.o
[828/1206] cxx obj/vendor/boringssl/ssl/dtls_record.cc.o
[829/1206] cxx obj/vendor/boringssl/ssl/encrypted_client_hello.cc.o
[830/1206] cxx obj/vendor/boringssl/ssl/handoff.cc.o
[831/1206] cxx obj/vendor/boringssl/ssl/extensions.cc.o
[832/1206] cxx obj/vendor/boringssl/ssl/handshake.cc.o
[833/1206] cxx obj/vendor/boringssl/ssl/handshake_client.cc.o
[834/1206] cxx obj/vendor/boringssl/ssl/s3_both.cc.o
[835/1206] cxx obj/vendor/boringssl/ssl/handshake_server.cc.o
[836/1206] cxx obj/vendor/boringssl/ssl/s3_lib.cc.o
[837/1206] cxx obj/vendor/boringssl/ssl/s3_pkt.cc.o
[838/1206] cxx obj/vendor/boringssl/ssl/ssl_aead_ctx.cc.o
[839/1206] cxx obj/vendor/boringssl/ssl/ssl_asn1.cc.o
[840/1206] cxx obj/vendor/boringssl/ssl/ssl_buffer.cc.o
[841/1206] cxx obj/vendor/boringssl/ssl/ssl_cert.cc.o
[842/1206] cxx obj/vendor/boringssl/ssl/ssl_cipher.cc.o
[843/1206] cxx obj/vendor/boringssl/ssl/ssl_credential.cc.o
[844/1206] cxx obj/vendor/boringssl/ssl/ssl_file.cc.o
[845/1206] cxx obj/vendor/boringssl/ssl/ssl_key_share.cc.o
[846/1206] cxx obj/vendor/boringssl/ssl/ssl_lib.cc.o
[847/1206] cxx obj/vendor/boringssl/ssl/ssl_privkey.cc.o
[848/1206] cxx obj/vendor/boringssl/ssl/ssl_stat.cc.o
[849/1206] cxx obj/vendor/boringssl/ssl/ssl_session.cc.o
[850/1206] cxx obj/vendor/boringssl/ssl/ssl_transcript.cc.o
[851/1206] cxx obj/vendor/boringssl/ssl/ssl_versions.cc.o
[852/1206] cxx obj/vendor/boringssl/ssl/ssl_x509.cc.o
[853/1206] cxx obj/vendor/boringssl/ssl/t1_enc.cc.o
[854/1206] cxx obj/vendor/boringssl/ssl/tls13_both.cc.o
[855/1206] cxx obj/vendor/boringssl/ssl/tls13_client.cc.o
[856/1206] cxx obj/vendor/boringssl/ssl/tls13_enc.cc.o
[857/1206] cxx obj/vendor/boringssl/ssl/tls13_server.cc.o
[858/1206] cxx obj/vendor/boringssl/ssl/tls_method.cc.o
[859/1206] cxx obj/vendor/boringssl/decrepit/bio/base64_bio.cc.o
[860/1206] cxx obj/vendor/boringssl/ssl/tls_record.cc.o
[861/1206] cxx obj/vendor/boringssl/decrepit/blowfish/blowfish.cc.o
[862/1206] cxx obj/vendor/boringssl/decrepit/cast/cast.cc.o
[863/1206] cxx obj/vendor/boringssl/decrepit/cast/cast_tables.cc.o
[864/1206] cxx obj/vendor/boringssl/decrepit/des/cfb64ede.cc.o
[865/1206] cxx obj/vendor/boringssl/decrepit/cfb/cfb.cc.o
[866/1206] cxx obj/vendor/boringssl/decrepit/dh/dh_decrepit.cc.o
[867/1206] cxx obj/vendor/boringssl/decrepit/dsa/dsa_decrepit.cc.o
[868/1206] cxx obj/vendor/boringssl/decrepit/evp/dss1.cc.o
[869/1206] cxx obj/vendor/boringssl/decrepit/evp/evp_do_all.cc.o
[870/1206] cxx obj/vendor/boringssl/decrepit/obj/obj_decrepit.cc.o
[871/1206] cxx obj/vendor/boringssl/decrepit/rc4/rc4_decrepit.cc.o
[872/1206] cxx obj/vendor/boringssl/decrepit/rsa/rsa_decrepit.cc.o
[873/1206] cxx obj/vendor/boringssl/decrepit/ssl/ssl_decrepit.cc.o
[874/1206] cxx obj/vendor/boringssl/decrepit/x509/x509_decrepit.cc.o
[875/1206] cc obj/vendor/boringssl/gen/bcm/aes-gcm-avx2-x86_64-apple.S.o
[876/1206] cc obj/vendor/boringssl/gen/bcm/aes-gcm-avx2-x86_64-linux.S.o
[877/1206] cc obj/vendor/boringssl/gen/bcm/aes-gcm-avx512-x86_64-apple.S.o
[878/1206] cc obj/vendor/boringssl/gen/bcm/aes-gcm-avx512-x86_64-linux.S.o
[879/1206] cc obj/vendor/boringssl/gen/bcm/aesni-gcm-x86_64-apple.S.o
[880/1206] cc obj/vendor/boringssl/gen/bcm/aesni-gcm-x86_64-linux.S.o
[881/1206] cc obj/vendor/boringssl/gen/bcm/aesni-x86-apple.S.o
[882/1206] cc obj/vendor/boringssl/gen/bcm/aesni-x86-linux.S.o
[883/1206] cc obj/vendor/boringssl/gen/bcm/aesni-x86_64-apple.S.o
[884/1206] cc obj/vendor/boringssl/gen/bcm/aesni-x86_64-linux.S.o
[885/1206] cc obj/vendor/boringssl/gen/bcm/aesv8-armv7-linux.S.o
[886/1206] cxx obj/vendor/boringssl/decrepit/xts/xts.cc.o
[887/1206] cc obj/vendor/boringssl/gen/bcm/aesv8-armv8-apple.S.o
[888/1206] cc obj/vendor/boringssl/gen/bcm/aesv8-armv8-linux.S.o
[889/1206] cc obj/vendor/boringssl/gen/bcm/aesv8-armv8-win.S.o
[890/1206] cc obj/vendor/boringssl/gen/bcm/aesv8-gcm-armv8-apple.S.o
[891/1206] cc obj/vendor/boringssl/gen/bcm/aesv8-gcm-armv8-win.S.o
[892/1206] cc obj/vendor/boringssl/gen/bcm/aesv8-gcm-armv8-linux.S.o
[893/1206] cc obj/vendor/boringssl/gen/bcm/armv4-mont-linux.S.o
[894/1206] cc obj/vendor/boringssl/gen/bcm/armv8-mont-apple.S.o
[895/1206] cc obj/vendor/boringssl/gen/bcm/armv8-mont-linux.S.o
[896/1206] cc obj/vendor/boringssl/gen/bcm/armv8-mont-win.S.o
[897/1206] cc obj/vendor/boringssl/gen/bcm/bn-586-apple.S.o
[898/1206] cc obj/vendor/boringssl/gen/bcm/bn-586-linux.S.o
[899/1206] cc obj/vendor/boringssl/gen/bcm/bn-armv8-apple.S.o
[900/1206] cc obj/vendor/boringssl/gen/bcm/bn-armv8-linux.S.o
[901/1206] cc obj/vendor/boringssl/gen/bcm/bn-armv8-win.S.o
[902/1206] cc obj/vendor/boringssl/gen/bcm/bsaes-armv7-linux.S.o
[903/1206] cc obj/vendor/boringssl/gen/bcm/co-586-apple.S.o
[904/1206] cc obj/vendor/boringssl/gen/bcm/co-586-linux.S.o
[905/1206] cc obj/vendor/boringssl/gen/bcm/ghash-neon-armv8-apple.S.o
[906/1206] cc obj/vendor/boringssl/gen/bcm/ghash-armv4-linux.S.o
[907/1206] cc obj/vendor/boringssl/gen/bcm/ghash-neon-armv8-win.S.o
[908/1206] cc obj/vendor/boringssl/gen/bcm/ghash-neon-armv8-linux.S.o
[909/1206] cc obj/vendor/boringssl/gen/bcm/ghash-ssse3-x86-apple.S.o
[910/1206] cc obj/vendor/boringssl/gen/bcm/ghash-ssse3-x86-linux.S.o
[911/1206] cc obj/vendor/boringssl/gen/bcm/ghash-ssse3-x86_64-apple.S.o
[912/1206] cc obj/vendor/boringssl/gen/bcm/ghash-ssse3-x86_64-linux.S.o
[913/1206] cc obj/vendor/boringssl/gen/bcm/ghash-x86-apple.S.o
[914/1206] cc obj/vendor/boringssl/gen/bcm/ghash-x86-linux.S.o
[915/1206] cc obj/vendor/boringssl/gen/bcm/ghash-x86_64-apple.S.o
[916/1206] cc obj/vendor/boringssl/gen/bcm/ghash-x86_64-linux.S.o
[917/1206] cc obj/vendor/boringssl/gen/bcm/ghashv8-armv7-linux.S.o
[918/1206] cc obj/vendor/boringssl/gen/bcm/ghashv8-armv8-apple.S.o
[919/1206] cc obj/vendor/boringssl/gen/bcm/ghashv8-armv8-linux.S.o
[920/1206] cc obj/vendor/boringssl/gen/bcm/ghashv8-armv8-win.S.o
[921/1206] cc obj/vendor/boringssl/gen/bcm/p256-armv8-asm-apple.S.o
[922/1206] cc obj/vendor/boringssl/gen/bcm/p256-armv8-asm-linux.S.o
[923/1206] cc obj/vendor/boringssl/gen/bcm/p256-armv8-asm-win.S.o
[924/1206] cc obj/vendor/boringssl/gen/bcm/p256-x86_64-asm-apple.S.o
[925/1206] cc obj/vendor/boringssl/gen/bcm/p256-x86_64-asm-linux.S.o
[926/1206] cc obj/vendor/boringssl/gen/bcm/p256_beeu-armv8-asm-apple.S.o
[927/1206] cc obj/vendor/boringssl/gen/bcm/p256_beeu-armv8-asm-linux.S.o
[928/1206] cc obj/vendor/boringssl/gen/bcm/p256_beeu-armv8-asm-win.S.o
[929/1206] cc obj/vendor/boringssl/gen/bcm/p256_beeu-x86_64-asm-apple.S.o
[930/1206] cc obj/vendor/boringssl/gen/bcm/p256_beeu-x86_64-asm-linux.S.o
[931/1206] cc obj/vendor/boringssl/gen/bcm/rdrand-x86_64-apple.S.o
[932/1206] cc obj/vendor/boringssl/gen/bcm/rdrand-x86_64-linux.S.o
[933/1206] cc obj/vendor/boringssl/gen/bcm/rsaz-avx2-apple.S.o
[934/1206] cc obj/vendor/boringssl/gen/bcm/rsaz-avx2-linux.S.o
[935/1206] cc obj/vendor/boringssl/gen/bcm/sha1-586-apple.S.o
[936/1206] cc obj/vendor/boringssl/gen/bcm/sha1-586-linux.S.o
[937/1206] cc obj/vendor/boringssl/gen/bcm/sha1-armv4-large-linux.S.o
[938/1206] cc obj/vendor/boringssl/gen/bcm/sha1-armv8-apple.S.o
[939/1206] cc obj/vendor/boringssl/gen/bcm/sha1-armv8-win.S.o
[940/1206] cc obj/vendor/boringssl/gen/bcm/sha1-armv8-linux.S.o
[941/1206] cc obj/vendor/boringssl/gen/bcm/sha1-x86_64-apple.S.o
[942/1206] cc obj/vendor/boringssl/gen/bcm/sha1-x86_64-linux.S.o
[943/1206] cc obj/vendor/boringssl/gen/bcm/sha256-586-apple.S.o
[944/1206] cc obj/vendor/boringssl/gen/bcm/sha256-586-linux.S.o
[945/1206] cc obj/vendor/boringssl/gen/bcm/sha256-armv4-linux.S.o
[946/1206] cc obj/vendor/boringssl/gen/bcm/sha256-armv8-apple.S.o
[947/1206] cc obj/vendor/boringssl/gen/bcm/sha256-armv8-win.S.o
[948/1206] cc obj/vendor/boringssl/gen/bcm/sha256-armv8-linux.S.o
[949/1206] cc obj/vendor/boringssl/gen/bcm/sha256-x86_64-apple.S.o
[950/1206] cc obj/vendor/boringssl/gen/bcm/sha256-x86_64-linux.S.o
[951/1206] cc obj/vendor/boringssl/gen/bcm/sha512-586-apple.S.o
[952/1206] cc obj/vendor/boringssl/gen/bcm/sha512-586-linux.S.o
[953/1206] cc obj/vendor/boringssl/gen/bcm/sha512-armv8-apple.S.o
[954/1206] cc obj/vendor/boringssl/gen/bcm/sha512-armv4-linux.S.o
[955/1206] cc obj/vendor/boringssl/gen/bcm/sha512-armv8-win.S.o
[956/1206] cc obj/vendor/boringssl/gen/bcm/sha512-armv8-linux.S.o
[957/1206] cc obj/vendor/boringssl/gen/bcm/sha512-x86_64-apple.S.o
[958/1206] cc obj/vendor/boringssl/gen/bcm/sha512-x86_64-linux.S.o
[959/1206] cc obj/vendor/boringssl/gen/bcm/vpaes-armv7-linux.S.o
[960/1206] cc obj/vendor/boringssl/gen/bcm/vpaes-armv8-apple.S.o
[961/1206] cc obj/vendor/boringssl/gen/bcm/vpaes-armv8-win.S.o
[962/1206] cc obj/vendor/boringssl/gen/bcm/vpaes-armv8-linux.S.o
[963/1206] cc obj/vendor/boringssl/gen/bcm/vpaes-x86-linux.S.o
[964/1206] cc obj/vendor/boringssl/gen/bcm/vpaes-x86-apple.S.o
[965/1206] cc obj/vendor/boringssl/gen/bcm/vpaes-x86_64-apple.S.o
[966/1206] cc obj/vendor/boringssl/gen/bcm/vpaes-x86_64-linux.S.o
[967/1206] cc obj/vendor/boringssl/gen/bcm/x86-mont-apple.S.o
[968/1206] cc obj/vendor/boringssl/gen/bcm/x86-mont-linux.S.o
[969/1206] cc obj/vendor/boringssl/gen/bcm/x86_64-mont-apple.S.o
[970/1206] cc obj/vendor/boringssl/gen/bcm/x86_64-mont-linux.S.o
[971/1206] cc obj/vendor/boringssl/gen/bcm/x86_64-mont5-apple.S.o
[972/1206] cc obj/vendor/boringssl/gen/bcm/x86_64-mont5-linux.S.o
[973/1206] cc obj/vendor/boringssl/third_party/fiat/asm/fiat_p256_adx_mul.S.o
[974/1206] cc obj/vendor/boringssl/third_party/fiat/asm/fiat_p256_adx_sqr.S.o
[975/1206] cc obj/vendor/boringssl/crypto/curve25519/asm/x25519-asm-arm.S.o
[976/1206] cc obj/vendor/boringssl/crypto/hrss/asm/poly_rq_mul.S.o
[977/1206] cc obj/vendor/boringssl/crypto/poly1305/poly1305_arm_asm.S.o
[978/1206] cc obj/vendor/boringssl/gen/crypto/aes128gcmsiv-x86_64-apple.S.o
[979/1206] cc obj/vendor/boringssl/gen/crypto/aes128gcmsiv-x86_64-linux.S.o
[980/1206] cc obj/vendor/boringssl/gen/crypto/chacha-armv4-linux.S.o
[981/1206] cc obj/vendor/boringssl/gen/crypto/chacha-armv8-apple.S.o
[982/1206] cc obj/vendor/boringssl/gen/crypto/chacha-armv8-win.S.o
[983/1206] cc obj/vendor/boringssl/gen/crypto/chacha-armv8-linux.S.o
[984/1206] cc obj/vendor/boringssl/gen/crypto/chacha-x86-apple.S.o
[985/1206] cc obj/vendor/boringssl/gen/crypto/chacha-x86-linux.S.o
[986/1206] cc obj/vendor/boringssl/gen/crypto/chacha-x86_64-apple.S.o
[987/1206] cc obj/vendor/boringssl/gen/crypto/chacha-x86_64-linux.S.o
[988/1206] cc obj/vendor/boringssl/gen/crypto/chacha20_poly1305_armv8-apple.S.o
[989/1206] cc obj/vendor/boringssl/gen/crypto/chacha20_poly1305_armv8-win.S.o
[990/1206] cc obj/vendor/boringssl/gen/crypto/chacha20_poly1305_armv8-linux.S.o
[991/1206] cc obj/vendor/boringssl/gen/crypto/chacha20_poly1305_x86_64-apple.S.o
[992/1206] cc obj/vendor/boringssl/gen/crypto/chacha20_poly1305_x86_64-linux.S.o
[993/1206] cc obj/vendor/boringssl/gen/crypto/md5-586-apple.S.o
[994/1206] cc obj/vendor/boringssl/gen/crypto/md5-586-linux.S.o
[995/1206] cc obj/vendor/boringssl/gen/crypto/md5-x86_64-apple.S.o
[996/1206] cc obj/vendor/boringssl/gen/crypto/md5-x86_64-linux.S.o
[997/1206] cc obj/vendor/boringssl/third_party/fiat/asm/fiat_curve25519_adx_mul.S.o
[998/1206] cc obj/vendor/boringssl/third_party/fiat/asm/fiat_curve25519_adx_square.S.o
[999/1206] cc obj/vendor/lsquic/src/liblsquic/lsquic_adaptive_cc.c.o
[1000/1206] cc obj/vendor/lsquic/src/liblsquic/lsquic_alarmset.c.o
[1001/1206] cc obj/vendor/lsquic/src/liblsquic/lsquic_arr.c.o
[1002/1206] cc obj/vendor/lsquic/src/liblsquic/lsquic_attq.c.o
[1003/1206] cc obj/vendor/lsquic/src/liblsquic/ls-sfparser.c.o
[1004/1206] cc obj/vendor/lsquic/src/liblsquic/lsquic_bbr.c.o
[1005/1206] cc obj/vendor/lsquic/src/liblsquic/lsquic_bw_sampler.c.o
[1006/1206] cc obj/vendor/lsquic/src/liblsquic/lsquic_cfcw.c.o
[1007/1206] cc obj/vendor/lsquic/src/liblsquic/lsquic_crand.c.o
[1008/1206] cc obj/vendor/lsquic/src/liblsquic/lsquic_conn.c.o
[1009/1206] cc obj/vendor/lsquic/src/liblsquic/lsquic_di_error.c.o
[1010/1206] cc obj/vendor/lsquic/src/liblsquic/lsquic_cubic.c.o
[1011/1206] cc obj/vendor/lsquic/src/liblsquic/lsquic_di_nocopy.c.o
[1012/1206] cc obj/vendor/lsquic/src/liblsquic/lsquic_enc_sess_common.c.o
[1013/1206] cc obj/vendor/lsquic/src/liblsquic/lsquic_di_hash.c.o
[1014/1206] cc obj/vendor/lsquic/src/liblsquic/lsquic_eng_hist.c.o
[1015/1206] cc obj/vendor/lsquic/src/liblsquic/lsquic_enc_sess_ietf.c.o
[1016/1206] cc obj/vendor/lsquic/src/liblsquic/lsquic_engine.c.o
[1017/1206] cc obj/vendor/lsquic/src/liblsquic/lsquic_ev_log.c.o
[1018/1206] cc obj/vendor/lsquic/src/liblsquic/lsquic_frab_list.c.o
[1019/1206] cc obj/vendor/lsquic/src/liblsquic/lsquic_global.c.o
[1020/1206] cc obj/vendor/lsquic/src/liblsquic/lsquic_gquic_stubs.c.o
[1021/1206] cc obj/vendor/lsquic/src/liblsquic/lsquic_hash.c.o
[1022/1206] cc obj/vendor/lsquic/src/liblsquic/lsquic_hcsi_reader.c.o
[1023/1206] cc obj/vendor/lsquic/src/liblsquic/lsquic_hcso_writer.c.o
[1024/1206] cc obj/vendor/lsquic/src/liblsquic/lsquic_hkdf.c.o
[1025/1206] cc obj/vendor/lsquic/src/liblsquic/lsquic_hpi.c.o
[1026/1206] cc obj/vendor/lsquic/src/liblsquic/lsquic_http.c.o
[1027/1206] cc obj/vendor/lsquic/src/liblsquic/lsquic_http1x_if.c.o
[1028/1206] cc obj/vendor/lsquic/src/liblsquic/lsquic_logger.c.o
[1029/1206] cc obj/vendor/lsquic/src/liblsquic/lsquic_malo.c.o
[1030/1206] cc obj/vendor/lsquic/src/liblsquic/lsquic_min_heap.c.o
[1031/1206] cc obj/vendor/lsquic/src/liblsquic/lsquic_mini_conn_ietf.c.o
[1032/1206] cc obj/vendor/lsquic/src/liblsquic/lsquic_minmax.c.o
[1033/1206] cc obj/vendor/lsquic/src/liblsquic/lsquic_mm.c.o
[1034/1206] cc obj/vendor/lsquic/src/liblsquic/lsquic_pacer.c.o
[1035/1206] cc obj/vendor/lsquic/src/liblsquic/lsquic_full_conn_ietf.c.o
[1036/1206] cc obj/vendor/lsquic/src/liblsquic/lsquic_packet_common.c.o
[1037/1206] cc obj/vendor/lsquic/src/liblsquic/lsquic_packet_in.c.o
[1038/1206] cc obj/vendor/lsquic/src/liblsquic/lsquic_packet_resize.c.o
[1039/1206] cc obj/vendor/lsquic/src/liblsquic/lsquic_packet_out.c.o
[1040/1206] cc obj/vendor/lsquic/src/liblsquic/lsquic_parse_common.c.o
[1041/1206] cc obj/vendor/lsquic/src/liblsquic/lsquic_parse_gquic_common.c.o
[1042/1206] cc obj/vendor/lsquic/src/liblsquic/lsquic_parse_iquic_common.c.o
[1043/1206] cc obj/vendor/lsquic/src/liblsquic/lsquic_pr_queue.c.o
[1044/1206] cc obj/vendor/lsquic/src/liblsquic/lsquic_parse_ietf_v1.c.o
[1045/1206] cc obj/vendor/lsquic/src/liblsquic/lsquic_purga.c.o
[1046/1206] cc obj/vendor/lsquic/src/liblsquic/lsquic_qdec_hdl.c.o
[1047/1206] cc obj/vendor/lsquic/src/liblsquic/lsquic_qenc_hdl.c.o
[1048/1206] cc obj/vendor/lsquic/src/liblsquic/lsquic_qpack_exp.c.o
[1049/1206] cc obj/vendor/lsquic/src/liblsquic/lsquic_qlog.c.o
[1050/1206] cc obj/vendor/lsquic/src/liblsquic/lsquic_rtt.c.o
[1051/1206] cc obj/vendor/lsquic/src/liblsquic/lsquic_rechist.c.o
[1052/1206] cc obj/vendor/lsquic/src/liblsquic/lsquic_senhist.c.o
[1053/1206] cc obj/vendor/lsquic/src/liblsquic/lsquic_set.c.o
[1054/1206] cc obj/vendor/lsquic/src/liblsquic/lsquic_sfcw.c.o
[1055/1206] cc obj/vendor/lsquic/src/liblsquic/lsquic_spi.c.o
[1056/1206] cc obj/vendor/lsquic/src/liblsquic/lsquic_stock_shi.c.o
[1057/1206] cc obj/vendor/lsquic/src/liblsquic/lsquic_str.c.o
[1058/1206] cc obj/vendor/lsquic/src/liblsquic/lsquic_send_ctl.c.o
[1059/1206] cc obj/vendor/lsquic/src/liblsquic/lsquic_tokgen.c.o
[1060/1206] cc obj/vendor/lsquic/src/liblsquic/lsquic_trans_params.c.o
[1061/1206] cc obj/vendor/lsquic/src/liblsquic/lsquic_stream.c.o
[1062/1206] cc obj/vendor/lsquic/src/liblsquic/lsquic_trechist.c.o
[1063/1206] cc obj/vendor/lsquic/src/liblsquic/lsquic_varint.c.o
[1064/1206] cc obj/vendor/lsquic/src/liblsquic/lsquic_util.c.o
[1065/1206] cc obj/vendor/lsquic/src/liblsquic/lsquic_version.c.o
[1066/1206] cc obj/vendor/lsquic/src/liblsquic/lsquic_versions_to_string.c.o
[1067/1206] cc obj/vendor/lsqpack/lsqpack.c.o
[1068/1206] cxx obj/unified/UnifiedSource-packages_bun_usockets_src_crypto-0.cpp.o
[1069/1206] cxx obj/unified/UnifiedSource-src_jsc_bindings-1.cpp.o
[1070/1206] cxx obj/unified/UnifiedSource-src_jsc_bindings-0.cpp.o
[1071/1206] cxx obj/unified/UnifiedSource-src_jsc_bindings-2.cpp.o
[1072/1206] cxx obj/unified/UnifiedSource-src_jsc_bindings-3.cpp.o
[1073/1206] cxx obj/unified/UnifiedSource-src_jsc_bindings-4.cpp.o
[1074/1206] cxx obj/unified/UnifiedSource-src_jsc_bindings_node-0.cpp.o
[1075/1206] cxx obj/unified/UnifiedSource-src_jsc_bindings-5.cpp.o
[1076/1206] cxx obj/unified/UnifiedSource-src_jsc_bindings_node_crypto-0.cpp.o
[1077/1206] cxx obj/unified/UnifiedSource-src_jsc_bindings_node_crypto-1.cpp.o
[1078/1206] cxx obj/unified/UnifiedSource-src_jsc_bindings_node_http-0.cpp.o
[1079/1206] cxx obj/unified/UnifiedSource-src_jsc_bindings_v8-1.cpp.o
[1080/1206] cxx obj/unified/UnifiedSource-src_jsc_bindings_v8-0.cpp.o
[1081/1206] cxx obj/unified/UnifiedSource-src_jsc_bindings_v8_shim-0.cpp.o
[1082/1206] cxx obj/unified/UnifiedSource-src_jsc_bindings_vm-0.cpp.o
[1083/1206] cxx obj/unified/UnifiedSource-src_jsc_bindings_webcore-0.cpp.o
[1084/1206] cxx obj/unified/UnifiedSource-src_jsc_bindings_webcore-1.cpp.o
[1085/1206] cxx obj/unified/UnifiedSource-src_jsc_bindings_webcore-2.cpp.o
[1086/1206] cxx obj/unified/UnifiedSource-src_jsc_bindings_webcore-3.cpp.o
[1087/1206] cxx obj/unified/UnifiedSource-src_jsc_bindings_webcrypto-0.cpp.o
[1088/1206] cxx obj/unified/UnifiedSource-src_jsc_bindings_webcrypto-2.cpp.o
[1089/1206] cxx obj/unified/UnifiedSource-src_jsc_bindings_webcrypto-1.cpp.o
[1090/1206] cxx obj/unified/UnifiedSource-src_runtime_bake-0.cpp.o
[1091/1206] cxx obj/unified/UnifiedSource-src_jsc_modules-0.cpp.o
[1092/1206] cxx obj/unified/UnifiedSource-src_runtime_webview-0.cpp.o
[1093/1206] cxx obj/packages/bun-usockets/src/crypto/root_certs_darwin.cpp.o
[1094/1206] cxx obj/packages/bun-usockets/src/crypto/root_certs_windows.cpp.o
[1095/1206] cxx obj/unified/UnifiedSource-src_uws_sys-0.cpp.o
[1096/1206] cxx obj/src/jsc/bindings/BunObject.cpp.o
[1097/1206] cxx obj/src/jsc/bindings/bindings.cpp.o
[1098/1206] cxx obj/src/jsc/bindings/highway_json.cpp.o
[1099/1206] cxx obj/src/jsc/bindings/BunProcess.cpp.o
[1100/1206] cxx obj/src/jsc/bindings/highway_sourcemap.cpp.o
[1101/1206] cxx obj/src/jsc/bindings/image_coregraphics_shim.cpp.o
[1102/1206] cxx obj/src/jsc/bindings/highway_xml.cpp.o
[1103/1206] cxx obj/src/jsc/bindings/image_wic_shim.cpp.o
[1104/1206] cxx obj/src/jsc/bindings/image_resize.cpp.o
[1105/1206] cxx obj/src/jsc/bindings/JSBuffer.cpp.o
[1106/1206] cxx obj/src/jsc/bindings/ProcessBindingConstants.cpp.o
[1107/1206] cxx obj/src/jsc/bindings/napi.cpp.o
[1108/1206] cxx obj/src/jsc/bindings/ProcessBindingUV.cpp.o
[1109/1206] cxx obj/src/jsc/bindings/sqlite/JSSQLStatement.cpp.o
[1110/1206] cxx obj/src/jsc/bindings/webcore/HTTPParsers.cpp.o
[1111/1206] cxx obj/src/jsc/bindings/webcore/JSDOMPromiseDeferred.cpp.o
[1112/1206] cxx obj/src/jsc/bindings/sqlite/NodeSqlite.cpp.o
[1113/1206] cxx obj/src/jsc/bindings/webcore/JSMIMEType.cpp.o
[1114/1206] cxx obj/src/jsc/bindings/webcore/JSMessageEventCustom.cpp.o
[1115/1206] cxx obj/src/jsc/bindings/webcore/JSWasmStreamingCompiler.cpp.o
[1116/1206] cxx obj/src/jsc/bindings/webcore/streams/BunAsyncIterableSource.cpp.o
[1117/1206] cxx obj/src/jsc/bindings/webcore/streams/BunStreamConsumers.cpp.o
[1118/1206] cxx obj/src/jsc/bindings/webcore/SerializedScriptValue.cpp.o
[1119/1206] cxx obj/src/jsc/bindings/webcore/streams/CrossRealmTransform.cpp.o
[1120/1206] cxx obj/src/jsc/bindings/webcore/streams/JSByteLengthQueuingStrategy.cpp.o
[1121/1206] cxx obj/src/jsc/bindings/webcore/streams/BunStreamSource.cpp.o
[1122/1206] cxx obj/src/jsc/bindings/webcore/streams/JSCompressionStream.cpp.o
[1123/1206] cxx obj/src/jsc/bindings/webcore/streams/JSCompressionStreamShared.cpp.o
[1124/1206] cxx obj/src/jsc/bindings/webcore/streams/JSCountQueuingStrategy.cpp.o
[1125/1206] cxx obj/src/jsc/bindings/webcore/streams/JSCrossRealmTransformState.cpp.o
[1126/1206] cxx obj/src/jsc/bindings/webcore/streams/JSDecompressionStream.cpp.o
[1127/1206] cxx obj/src/jsc/bindings/webcore/streams/JSPullIntoDescriptor.cpp.o
[1128/1206] cxx obj/src/jsc/bindings/webcore/streams/JSDirectStreamController.cpp.o
[1129/1206] cxx obj/src/jsc/bindings/webcore/streams/JSReadableByteStreamController.cpp.o
[1130/1206] cxx obj/src/jsc/bindings/webcore/streams/JSReadableStreamAsyncIterator.cpp.o
[1131/1206] cxx obj/src/jsc/bindings/webcore/streams/JSReadableStream.cpp.o
[1132/1206] cxx obj/src/jsc/bindings/webcore/streams/JSReadableStreamBYOBReader.cpp.o
[1133/1206] cxx obj/src/jsc/bindings/webcore/streams/JSReadableStreamBYOBRequest.cpp.o
[1134/1206] cxx obj/src/jsc/bindings/webcore/streams/JSReadableStreamDefaultController.cpp.o
[1135/1206] cxx obj/src/jsc/bindings/webcore/streams/JSReadableStreamReaderBase.cpp.o
[1136/1206] cxx obj/src/jsc/bindings/webcore/streams/JSReadRequest.cpp.o
[1137/1206] cxx obj/src/jsc/bindings/webcore/streams/JSReadableStreamDefaultReader.cpp.o
[1138/1206] cxx obj/src/jsc/bindings/webcore/streams/JSStreamAlgorithmContexts.cpp.o
[1139/1206] cxx obj/src/jsc/bindings/webcore/streams/JSStreamsRuntime.cpp.o
[1140/1206] cxx obj/src/jsc/bindings/webcore/streams/JSStreamPipeToOperation.cpp.o
[1141/1206] cxx obj/src/jsc/bindings/webcore/streams/JSStreamTeeState.cpp.o
[1142/1206] cxx obj/src/jsc/bindings/webcore/streams/JSTextDecoderStream.cpp.o
[1143/1206] cxx obj/src/jsc/bindings/webcore/streams/JSTextEncoderStream.cpp.o
[1144/1206] cxx obj/src/jsc/bindings/webcore/streams/JSTransformStream.cpp.o
[1145/1206] cxx obj/src/jsc/bindings/webcore/streams/JSTransformStreamDefaultController.cpp.o
[1146/1206] cxx obj/src/jsc/bindings/webcore/streams/JSWritableStream.cpp.o
[1147/1206] cxx obj/src/jsc/bindings/webcore/streams/JSWritableStreamDefaultController.cpp.o
[1148/1206] cxx obj/src/jsc/bindings/webcore/streams/JSWritableStreamDefaultWriter.cpp.o
[1149/1206] cxx obj/src/jsc/bindings/webcore/streams/TransformStreamOperations.cpp.o
[1150/1206] cxx obj/src/jsc/bindings/webcore/streams/WebStreamsExports.cpp.o
[1151/1206] cxx obj/src/jsc/bindings/webcore/streams/ReadableStreamOperations.cpp.o
[1152/1206] cxx obj/src/jsc/bindings/webcore/streams/WebStreamsInspectCustom.cpp.o
[1153/1206] cxx obj/src/jsc/bindings/webcore/streams/WebStreamsMisc.cpp.o
[1154/1206] cxx obj/src/jsc/bindings/webcore/streams/WritableStreamOperations.cpp.o
[1155/1206] cxx obj/src/jsc/bindings/webcrypto/CryptoAlgorithmAES_CBC.cpp.o
[1156/1206] cxx obj/src/jsc/bindings/webcrypto/CryptoAlgorithmAES_CBCOpenSSL.cpp.o
[1157/1206] cxx obj/src/jsc/bindings/webcrypto/CryptoAlgorithmAES_CFB.cpp.o
[1158/1206] cxx obj/src/jsc/bindings/webcrypto/CryptoAlgorithmAES_CFBOpenSSL.cpp.o
[1159/1206] cxx obj/src/jsc/bindings/webcrypto/CryptoAlgorithmAES_CTR.cpp.o
[1160/1206] cxx obj/src/jsc/bindings/webcrypto/CryptoAlgorithmAES_CTROpenSSL.cpp.o
[1161/1206] cxx obj/src/jsc/bindings/webcrypto/CryptoAlgorithmAES_GCMOpenSSL.cpp.o
[1162/1206] cxx obj/src/jsc/bindings/webcrypto/CryptoAlgorithmAES_GCM.cpp.o
[1163/1206] cxx obj/src/jsc/bindings/webcrypto/CryptoAlgorithmAES_KW.cpp.o
[1164/1206] cxx obj/src/jsc/bindings/webcrypto/CryptoAlgorithmECDSA.cpp.o
[1165/1206] cxx obj/src/jsc/bindings/webcrypto/CryptoAlgorithmHMAC.cpp.o
[1166/1206] cxx obj/src/jsc/bindings/webcrypto/CryptoAlgorithmRSA_PSS.cpp.o
[1167/1206] cxx obj/src/jsc/bindings/webcrypto/CryptoAlgorithmRSA_OAEP.cpp.o
[1168/1206] cxx obj/src/jsc/bindings/webcrypto/CryptoAlgorithmRSASSA_PKCS1_v1_5.cpp.o
[1169/1206] cxx obj/src/jsc/bindings/workaround-missing-symbols.cpp.o
[1170/1206] cxx obj/src/jsc/bindings/xxhash3.cpp.o
[1171/1206] cxx obj/src/jsc/bindings/webcrypto/SubtleCrypto.cpp.o
[1172/1206] cxx obj/src/io/io_darwin.cpp.o
[1173/1206] cxx obj/src/simdutf_sys/bun-simdutf.cpp.o
[1174/1206] cxx obj/src/jsc/bindings/ZigGlobalObject.cpp.o
[1175/1206] cxx obj/codegen/WebCoreJSBuiltins.cpp.o
[1176/1206] cxx obj/codegen/GeneratedBindings.cpp.o
[1177/1206] cxx obj/codegen/JSSink.cpp.o
[1178/1206] cxx obj/codegen/GeneratedSocketConfigBinaryType.cpp.o
[1179/1206] cxx obj/codegen/GeneratedSocketConfigHandlers.cpp.o
[1180/1206] cxx obj/codegen/ZigGeneratedClasses.cpp.o
[1181/1206] cxx obj/codegen/GeneratedSocketConfig.cpp.o
[1182/1206] cxx obj/codegen/GeneratedSSLConfig.cpp.o
[1183/1206] cc obj/packages/bun-usockets/src/bsd.c.o
[1184/1206] cc obj/packages/bun-usockets/src/context.c.o
[1185/1206] cxx obj/codegen/GeneratedFakeTimersConfig.cpp.o
[1186/1206] cc obj/packages/bun-usockets/src/crypto/openssl.c.o
[1187/1206] cc obj/packages/bun-usockets/src/eventing/epoll_kqueue.c.o
[1188/1206] cc obj/packages/bun-usockets/src/eventing/libuv.c.o
[1189/1206] cc obj/packages/bun-usockets/src/fault_inject.c.o
[1190/1206] cc obj/packages/bun-usockets/src/loop.c.o
[1191/1206] cc obj/packages/bun-usockets/src/node_quic_shim.c.o
[1192/1206] cc obj/packages/bun-usockets/src/socket.c.o
[1193/1206] cc obj/packages/bun-usockets/src/udp.c.o
[1194/1206] cc obj/packages/bun-usockets/src/quic.c.o
[1195/1206] cc obj/src/jsc/bindings/node/http/llhttp/api.c.o
[1196/1206] cc obj/src/jsc/bindings/node/http/llhttp/http.c.o
[1197/1206] cc obj/src/jsc/bindings/uv-posix-polyfills.c.o
[1198/1206] cc obj/src/jsc/bindings/uv-posix-stubs.c.o
[1199/1206] cc obj/codegen/InternalModuleRegistryConstants.S.o
[1200/1206] cc obj/vendor/picohttpparser/picohttpparser.c.o
[1201/1206] check boringssl undefined symbols
[1202/1206] cc obj/src/jsc/bindings/node/http/llhttp/llhttp.c.o
[1203/1206] link bun-profile
[1204/1206] strip bun
[1205/1206] check bun-profile exports, dynamic deps, initializers, hardening
[check] bun-profile 686 exported symbols (185ms)
[check] bun-profile 3 shared libraries (0ms)
[check] bun-profile 389 imported symbols (5ms)
[check] bun-profile 3 static initializers (838ms)
[check] bun-profile 3 hardening properties (1ms)
[check] bun-profile 9 debug sections (0ms)
[1206/1206] check bun-profile link inputs for duplicate definitions
[check] bun-profile 0 duplicate strong symbols (2.1s)
[build] done
