rustup spent 13s installing the pinned toolchain (nightly-2026-09-15); it was missing or incomplete on this machine
[ninja] fetching https://github.com/oven-sh/ninja/releases/download/bun-ninja-5ecd8831/bun-ninja-linux-x64.zip
[ninja] could not fetch bun-ninja-5ecd8831 (Failed to download after 1 attempts: https://github.com/oven-sh/ninja/releases/download/bun-ninja-5ecd8831/bun-ninja-linux-x64.zip: The operation timed out.); building with the ninja on PATH, without Rust pipelining
[configured] bun-profile → bun (stripped) in 23648ms (unchanged)
ninja: Entering directory `/workspace/scratch/39b820233364/bun-source/build/android-aarch64'
[1/1198] fetch picohttpparser
[picohttpparser] up to date
[2/1198] rustc zeroize
[3/1198] rustc bcrypt
[4/1198] fetch nodejs (prebuilt)
[nodejs] fetching https://nodejs.org/dist/v26.3.0/node-v26.3.0-headers.tar.gz
[nodejs] extracted to /root/.bun/build-cache/nodejs-headers-26.3.0 (7.7s)
[5/1198] fetch zstd
[zstd] fetching facebook/zstd@f8745da6
[zstd] applying bmi2-probe-once.patch
[zstd] done → /workspace/scratch/39b820233364/bun-source/vendor/zstd (10.0s)
[6/1198] cc obj/vendor/zstd/lib/common/debug.c.o
[7/1198] cc obj/vendor/zstd/lib/common/entropy_common.c.o
[8/1198] fetch zlib
[zlib] fetching zlib-ng/zlib-ng@12731092
[zlib] applying clang-cl-arm64.patch
[zlib] done → /workspace/scratch/39b820233364/bun-source/vendor/zlib (10.5s)
[9/1198] subst deps/zlib/zlib.h
[10/1198] subst deps/zlib/zconf.h
[11/1198] cc obj/vendor/zstd/lib/common/error_private.c.o
[12/1198] cc obj/vendor/zlib/adler32.c.o
[13/1198] cc obj/vendor/zlib/compress.c.o
[14/1198] cc obj/vendor/zlib/crc32.c.o
[15/1198] cc obj/vendor/zstd/lib/common/fse_decompress.c.o
[16/1198] cc obj/vendor/zlib/crc32_braid_comb.c.o
[17/1198] cc obj/vendor/zlib/deflate_fast.c.o
[18/1198] cc obj/vendor/zlib/deflate_huff.c.o
[19/1198] cc obj/vendor/zlib/deflate.c.o
[20/1198] cc obj/vendor/zlib/deflate_medium.c.o
[21/1198] cc obj/vendor/zlib/deflate_quick.c.o
[22/1198] cc obj/vendor/zlib/deflate_rle.c.o
[23/1198] cc obj/vendor/zlib/deflate_slow.c.o
[24/1198] cc obj/vendor/zlib/deflate_stored.c.o
[25/1198] cc obj/vendor/zlib/functable.c.o
[26/1198] cc obj/vendor/zlib/infback.c.o
[27/1198] cc obj/vendor/zlib/inftrees.c.o
[28/1198] cc obj/vendor/zlib/insert_string.c.o
[29/1198] cc obj/vendor/zlib/insert_string_roll.c.o
[30/1198] cc obj/vendor/zlib/inflate.c.o
[31/1198] cc obj/vendor/zlib/uncompr.c.o
[32/1198] cc obj/vendor/zlib/zutil.c.o
[33/1198] cc obj/vendor/zlib/cpu_features.c.o
[34/1198] cc obj/vendor/zlib/trees.c.o
[35/1198] cc obj/vendor/zlib/gzlib.c.o
[36/1198] cc obj/vendor/zlib/gzread.c.o
[37/1198] cc obj/vendor/zlib/gzwrite.c.o
[38/1198] cc obj/vendor/zlib/arch/generic/adler32_c.c.o
[39/1198] cc obj/vendor/zlib/arch/generic/adler32_fold_c.c.o
[40/1198] rustc bun_js_parser
[41/1198] cc obj/vendor/zlib/arch/generic/chunkset_c.c.o
[42/1198] cc obj/vendor/zlib/arch/generic/crc32_chorba_c.c.o
[43/1198] rustc bun_ini
[44/1198] cc obj/vendor/zlib/arch/generic/crc32_braid_c.c.o
[45/1198] cc obj/vendor/zlib/arch/generic/compare256_c.c.o
[46/1198] cc obj/vendor/zlib/arch/generic/crc32_fold_c.c.o
[47/1198] cc obj/vendor/zlib/arch/generic/slide_hash_c.c.o
[48/1198] cc obj/vendor/zlib/arch/arm/arm_features.c.o
[49/1198] cc obj/vendor/zlib/arch/arm/adler32_neon.c.o
[50/1198] cc obj/vendor/zlib/arch/arm/chunkset_neon.c.o
[51/1198] cc obj/vendor/zlib/arch/arm/compare256_neon.c.o
[52/1198] cc obj/vendor/zlib/arch/arm/crc32_armv8.c.o
[53/1198] cc obj/vendor/zlib/arch/arm/slide_hash_neon.c.o
[54/1198] cc obj/vendor/zstd/lib/common/threading.c.o
[55/1198] cc obj/vendor/zstd/lib/common/xxhash.c.o
[56/1198] cc obj/vendor/zstd/lib/common/pool.c.o
[57/1198] cc obj/vendor/zstd/lib/common/zstd_common.c.o
[58/1198] cc obj/vendor/zstd/lib/compress/fse_compress.c.o
[59/1198] cc obj/vendor/zstd/lib/compress/hist.c.o
[60/1198] cc obj/vendor/zstd/lib/compress/huf_compress.c.o
[61/1198] cc obj/vendor/zstd/lib/compress/zstd_compress_literals.c.o
[62/1198] rustc bun_resolver
[63/1198] cc obj/vendor/zstd/lib/compress/zstd_compress_sequences.c.o
[64/1198] rustc bun_router
[65/1198] cc obj/vendor/zstd/lib/compress/zstd_compress.c.o
[66/1198] cc obj/vendor/zstd/lib/compress/zstd_compress_superblock.c.o
[67/1198] cc obj/vendor/zstd/lib/compress/zstd_double_fast.c.o
[68/1198] cc obj/vendor/zstd/lib/compress/zstd_fast.c.o
[69/1198] cc obj/vendor/zstd/lib/compress/zstd_ldm.c.o
[70/1198] cc obj/vendor/zstd/lib/compress/zstd_opt.c.o
[71/1198] cc obj/vendor/zstd/lib/compress/zstd_preSplit.c.o
[72/1198] cc obj/vendor/zstd/lib/compress/zstdmt_compress.c.o
[73/1198] fetch brotli
[brotli] fetching google/brotli@028fb5a2
[brotli] done → /workspace/scratch/39b820233364/bun-source/vendor/brotli (13.5s)
[74/1198] cc obj/vendor/zstd/lib/decompress/zstd_ddict.c.o
[75/1198] cc obj/vendor/zstd/lib/decompress/huf_decompress.c.o
[76/1198] cc obj/vendor/zstd/lib/decompress/zstd_decompress.c.o
[77/1198] cc obj/vendor/zstd/lib/compress/zstd_lazy.c.o
[78/1198] cc obj/vendor/zstd/lib/dictBuilder/cover.c.o
[79/1198] cc obj/vendor/zstd/lib/decompress/zstd_decompress_block.c.o
[80/1198] cc obj/vendor/zstd/lib/dictBuilder/fastcover.c.o
[81/1198] cc obj/vendor/brotli/c/common/constants.c.o
[82/1198] cc obj/vendor/brotli/c/common/context.c.o
[83/1198] cc obj/vendor/zstd/lib/dictBuilder/divsufsort.c.o
[84/1198] cc obj/vendor/brotli/c/common/platform.c.o
[85/1198] cc obj/vendor/brotli/c/common/shared_dictionary.c.o
[86/1198] cc obj/vendor/brotli/c/common/dictionary.c.o
[87/1198] cc obj/vendor/brotli/c/dec/bit_reader.c.o
[88/1198] cc obj/vendor/brotli/c/common/transform.c.o
[89/1198] cc obj/vendor/brotli/c/dec/huffman.c.o
[90/1198] cc obj/vendor/zstd/lib/dictBuilder/zdict.c.o
[91/1198] cc obj/vendor/brotli/c/dec/prefix.c.o
[92/1198] cc obj/vendor/brotli/c/dec/static_init.c.o
[93/1198] cc obj/vendor/brotli/c/dec/state.c.o
[94/1198] cc obj/vendor/brotli/c/enc/backward_references_hq.c.o
[95/1198] cc obj/vendor/brotli/c/dec/decode.c.o
[96/1198] cc obj/vendor/brotli/c/enc/bit_cost.c.o
[97/1198] cc obj/vendor/brotli/c/enc/brotli_bit_stream.c.o
[98/1198] cc obj/vendor/brotli/c/enc/block_splitter.c.o
[99/1198] cc obj/vendor/brotli/c/enc/command.c.o
[100/1198] cc obj/vendor/brotli/c/enc/cluster.c.o
[101/1198] cc obj/vendor/brotli/c/enc/compound_dictionary.c.o
[102/1198] cc obj/vendor/brotli/c/enc/compress_fragment.c.o
[103/1198] cc obj/vendor/brotli/c/enc/dictionary_hash.c.o
[104/1198] cc obj/vendor/brotli/c/enc/compress_fragment_two_pass.c.o
[105/1198] cc obj/vendor/brotli/c/enc/encoder_dict.c.o
[106/1198] cc obj/vendor/brotli/c/enc/entropy_encode.c.o
[107/1198] cc obj/vendor/brotli/c/enc/fast_log.c.o
[108/1198] cc obj/vendor/brotli/c/enc/histogram.c.o
[109/1198] cc obj/vendor/brotli/c/enc/literal_cost.c.o
[110/1198] cc obj/vendor/brotli/c/enc/memory.c.o
[111/1198] cc obj/vendor/brotli/c/enc/encode.c.o
[112/1198] cc obj/vendor/brotli/c/enc/metablock.c.o
[113/1198] cc obj/vendor/brotli/c/enc/static_dict.c.o
[114/1198] cc obj/vendor/brotli/c/enc/static_init.c.o
[115/1198] cc obj/vendor/brotli/c/enc/utf8_util.c.o
[116/1198] cc obj/vendor/brotli/c/enc/static_dict_lut.c.o
[117/1198] cc obj/vendor/brotli/c/enc/backward_references.c.o
[118/1198] rustc bun_bundler
[119/1198] rustc bun_standalone_graph
[120/1198] rustc bun_bunfig
[121/1198] rustc bun_transpiler
[122/1198] fetch libdeflate
[libdeflate] fetching ebiggers/libdeflate@92e6a0db
[libdeflate] done → /workspace/scratch/39b820233364/bun-source/vendor/libdeflate (19.5s)
[123/1198] cc obj/vendor/libdeflate/lib/utils.c.o
[124/1198] cc obj/vendor/libdeflate/lib/arm/cpu_features.c.o
[125/1198] cc obj/vendor/libdeflate/lib/x86/cpu_features.c.o
[126/1198] fetch libjpeg-turbo
[libjpeg-turbo] fetching libjpeg-turbo/libjpeg-turbo@c85e6b90
[libjpeg-turbo] applying 8bit-only.patch
[libjpeg-turbo] applying fatal-clears-warning.patch
[libjpeg-turbo] overlay jbun_stubs.c
[libjpeg-turbo] done → /workspace/scratch/39b820233364/bun-source/vendor/libjpeg-turbo (17.8s)
[127/1198] cc obj/vendor/libdeflate/lib/deflate_decompress.c.o
[128/1198] cc obj/vendor/libdeflate/lib/adler32.c.o
[129/1198] fetch libarchive
[libarchive] fetching libarchive/libarchive@27cbc782
[libarchive] applying archive_write_add_filter_gzip.c.patch
[libarchive] applying select-registered-only.patch
[libarchive] applying nonblocking-read.patch
[libarchive] applying archive_string-codepage-cache.patch
[libarchive] done → /workspace/scratch/39b820233364/bun-source/vendor/libarchive (20.4s)
[130/1198] cc obj/vendor/libdeflate/lib/zlib_compress.c.o
[131/1198] cc obj/vendor/libdeflate/lib/zlib_decompress.c.o
[132/1198] cc obj/vendor/libdeflate/lib/gzip_compress.c.o
[133/1198] cc obj/vendor/libdeflate/lib/gzip_decompress.c.o
[134/1198] cc obj/vendor/libdeflate/lib/crc32.c.o
[135/1198] cc obj/vendor/libarchive/libarchive/archive_acl.c.o
[136/1198] cc obj/vendor/libarchive/libarchive/archive_check_magic.c.o
[137/1198] cc obj/vendor/libarchive/libarchive/archive_cmdline.c.o
[138/1198] cc obj/vendor/libarchive/libarchive/archive_cryptor.c.o
[139/1198] cc obj/vendor/libarchive/libarchive/archive_digest.c.o
[140/1198] cc obj/vendor/libarchive/libarchive/archive_entry_copy_stat.c.o
[141/1198] cc obj/vendor/libarchive/libarchive/archive_entry_link_resolver.c.o
[142/1198] cc obj/vendor/libdeflate/lib/deflate_compress.c.o
[143/1198] cc obj/vendor/libarchive/libarchive/archive_entry_sparse.c.o
[144/1198] cc obj/vendor/libarchive/libarchive/archive_entry.c.o
[145/1198] cc obj/vendor/libarchive/libarchive/archive_entry_stat.c.o
[146/1198] cc obj/vendor/libarchive/libarchive/archive_entry_strmode.c.o
[147/1198] cc obj/vendor/libarchive/libarchive/archive_hmac.c.o
[148/1198] cc obj/vendor/libarchive/libarchive/archive_options.c.o
[149/1198] cc obj/vendor/libarchive/libarchive/archive_entry_xattr.c.o
[150/1198] cc obj/vendor/libarchive/libarchive/archive_pack_dev.c.o
[151/1198] cc obj/vendor/libarchive/libarchive/archive_match.c.o
[152/1198] cc obj/vendor/libarchive/libarchive/archive_pathmatch.c.o
[153/1198] cc obj/vendor/libarchive/libarchive/archive_parse_date.c.o
[154/1198] cc obj/vendor/libarchive/libarchive/archive_random.c.o
[155/1198] cc obj/vendor/libarchive/libarchive/archive_rb.c.o
[156/1198] cc obj/vendor/libarchive/libarchive/archive_read_add_passphrase.c.o
[157/1198] cc obj/vendor/libarchive/libarchive/archive_read_append_filter.c.o
[158/1198] cc obj/vendor/libarchive/libarchive/archive_read_data_into_fd.c.o
[159/1198] cc obj/vendor/libarchive/libarchive/archive_ppmd7.c.o
[160/1198] cc obj/vendor/libarchive/libarchive/archive_read.c.o
[161/1198] cc obj/vendor/libarchive/libarchive/archive_read_disk_set_standard_lookup.c.o
[162/1198] cc obj/vendor/libarchive/libarchive/archive_read_disk_entry_from_file.c.o
[163/1198] cc obj/vendor/libarchive/libarchive/archive_read_extract.c.o
[164/1198] cc obj/vendor/libarchive/libarchive/archive_read_open_fd.c.o
[165/1198] cc obj/vendor/libarchive/libarchive/archive_read_extract2.c.o
[166/1198] cc obj/vendor/libarchive/libarchive/archive_read_open_file.c.o
[167/1198] cc obj/vendor/libarchive/libarchive/archive_read_open_filename.c.o
[168/1198] cc obj/vendor/libarchive/libarchive/archive_read_open_memory.c.o
[169/1198] cc obj/vendor/libarchive/libarchive/archive_read_disk_posix.c.o
[170/1198] cc obj/vendor/libarchive/libarchive/archive_read_set_format.c.o
[171/1198] cc obj/vendor/libarchive/libarchive/archive_read_set_options.c.o
[172/1198] cc obj/vendor/libarchive/libarchive/archive_read_support_filter_gzip.c.o
[173/1198] cc obj/vendor/libarchive/libarchive/archive_read_support_filter_program.c.o
[174/1198] cc obj/vendor/libarchive/libarchive/archive_read_support_format_empty.c.o
[175/1198] cc obj/vendor/libarchive/libarchive/archive_read_support_format_raw.c.o
[176/1198] cc obj/vendor/libarchive/libarchive/archive_string_sprintf.c.o
[177/1198] cc obj/vendor/libarchive/libarchive/archive_time.c.o
[178/1198] cc obj/vendor/libarchive/libarchive/archive_util.c.o
[179/1198] cc obj/vendor/libarchive/libarchive/archive_version_details.c.o
[180/1198] cc obj/vendor/libarchive/libarchive/archive_virtual.c.o
[181/1198] cc obj/vendor/libarchive/libarchive/archive_write.c.o
[182/1198] cc obj/vendor/libarchive/libarchive/archive_read_support_format_tar.c.o
[183/1198] cc obj/vendor/libarchive/libarchive/archive_write_disk_set_standard_lookup.c.o
[184/1198] cc obj/vendor/libarchive/libarchive/archive_string.c.o
[185/1198] cc obj/vendor/libarchive/libarchive/archive_write_open_file.c.o
[186/1198] cc obj/vendor/libarchive/libarchive/archive_write_open_fd.c.o
[187/1198] cc obj/vendor/libarchive/libarchive/archive_write_open_memory.c.o
[188/1198] cc obj/vendor/libarchive/libarchive/archive_write_open_filename.c.o
[189/1198] cc obj/vendor/libarchive/libarchive/archive_write_add_filter.c.o
[190/1198] cc obj/vendor/libarchive/libarchive/archive_write_disk_posix.c.o
[191/1198] cc obj/vendor/libarchive/libarchive/archive_write_add_filter_b64encode.c.o
[192/1198] cc obj/vendor/libarchive/libarchive/archive_write_add_filter_by_name.c.o
[193/1198] cc obj/vendor/libarchive/libarchive/archive_write_add_filter_bzip2.c.o
[194/1198] cc obj/vendor/libarchive/libarchive/archive_write_add_filter_grzip.c.o
[195/1198] cc obj/vendor/libarchive/libarchive/archive_write_add_filter_compress.c.o
[196/1198] cc obj/vendor/libarchive/libarchive/archive_write_add_filter_lrzip.c.o
[197/1198] cc obj/vendor/libarchive/libarchive/archive_write_add_filter_gzip.c.o
[198/1198] cc obj/vendor/libarchive/libarchive/archive_write_add_filter_lz4.c.o
[199/1198] cc obj/vendor/libarchive/libarchive/archive_write_add_filter_lzop.c.o
[200/1198] cc obj/vendor/libarchive/libarchive/archive_write_add_filter_none.c.o
[201/1198] cc obj/vendor/libarchive/libarchive/archive_write_add_filter_xz.c.o
[202/1198] cc obj/vendor/libarchive/libarchive/archive_write_add_filter_program.c.o
[203/1198] cc obj/vendor/libarchive/libarchive/archive_write_add_filter_uuencode.c.o
[204/1198] cc obj/vendor/libarchive/libarchive/archive_write_set_format.c.o
[205/1198] cc obj/vendor/libarchive/libarchive/archive_write_add_filter_zstd.c.o
[206/1198] cc obj/vendor/libarchive/libarchive/archive_write_set_format_by_name.c.o
[207/1198] cc obj/vendor/libarchive/libarchive/archive_write_set_format_ar.c.o
[208/1198] cc obj/vendor/libarchive/libarchive/archive_write_set_format_cpio.c.o
[209/1198] cc obj/vendor/libarchive/libarchive/archive_write_set_format_cpio_newc.c.o
[210/1198] cc obj/vendor/libarchive/libarchive/archive_write_set_format_cpio_binary.c.o
[211/1198] cc obj/vendor/libarchive/libarchive/archive_write_set_format_filter_by_ext.c.o
[212/1198] cc obj/vendor/libarchive/libarchive/archive_write_set_format_cpio_odc.c.o
[213/1198] cc obj/vendor/libarchive/libarchive/archive_write_set_format_7zip.c.o
[214/1198] cc obj/vendor/libarchive/libarchive/archive_write_set_format_gnutar.c.o
[215/1198] cc obj/vendor/libarchive/libarchive/archive_write_set_format_mtree.c.o
[216/1198] cc obj/vendor/libarchive/libarchive/archive_write_set_format_pax.c.o
[217/1198] cc obj/vendor/libarchive/libarchive/archive_write_set_format_raw.c.o
[218/1198] cc obj/vendor/libarchive/libarchive/archive_write_set_format_shar.c.o
[219/1198] cc obj/vendor/libarchive/libarchive/archive_write_set_format_ustar.c.o
[220/1198] rustc bun_install
[221/1198] cc obj/vendor/libarchive/libarchive/archive_write_set_format_warc.c.o
[222/1198] cc obj/vendor/libarchive/libarchive/archive_write_set_format_v7tar.c.o
[223/1198] cc obj/vendor/libarchive/libarchive/archive_write_set_format_xar.c.o
[224/1198] cc obj/vendor/libarchive/libarchive/archive_write_set_options.c.o
[225/1198] cc obj/vendor/libarchive/libarchive/archive_write_set_passphrase.c.o
[226/1198] cc obj/vendor/libarchive/libarchive/filter_fork_posix.c.o
[227/1198] cc obj/vendor/libarchive/libarchive/archive_write_set_format_zip.c.o
[228/1198] cc obj/vendor/libarchive/libarchive/xxhash.c.o
[229/1198] subst deps/libjpeg-turbo/jconfig.h
[230/1198] subst deps/libjpeg-turbo/jconfigint.h
[231/1198] subst deps/libjpeg-turbo/jversion.h
[232/1198] subst deps/libjpeg-turbo/neon-compat.h
[233/1198] cc obj/vendor/libjpeg-turbo/src/jcapimin.c.o
[234/1198] cc obj/vendor/libjpeg-turbo/src/jcapistd.c.o
[235/1198] cc obj/vendor/libarchive/libarchive/archive_write_set_format_iso9660.c.o
[236/1198] cc obj/vendor/libjpeg-turbo/src/jccoefct.c.o
[237/1198] cc obj/vendor/libjpeg-turbo/src/jcdctmgr.c.o
[238/1198] cc obj/vendor/libjpeg-turbo/src/jccolor.c.o
[239/1198] cc obj/vendor/libjpeg-turbo/src/jcdiffct.c.o
[240/1198] cc obj/vendor/libjpeg-turbo/src/jcicc.c.o
[241/1198] cc obj/vendor/libjpeg-turbo/src/jcinit.c.o
[242/1198] cc obj/vendor/libjpeg-turbo/src/jclhuff.c.o
[243/1198] cc obj/vendor/libjpeg-turbo/src/jclossls.c.o
[244/1198] cc obj/vendor/libjpeg-turbo/src/jcmainct.c.o
[245/1198] cc obj/vendor/libjpeg-turbo/src/jcmarker.c.o
[246/1198] cc obj/vendor/libjpeg-turbo/src/jcmaster.c.o
[247/1198] cc obj/vendor/libjpeg-turbo/src/jcomapi.c.o
[248/1198] cc obj/vendor/libjpeg-turbo/src/jcparam.c.o
[249/1198] cc obj/vendor/libjpeg-turbo/src/jcphuff.c.o
[250/1198] cc obj/vendor/libjpeg-turbo/src/jcprepct.c.o
[251/1198] cc obj/vendor/libjpeg-turbo/src/jchuff.c.o
[252/1198] cc obj/vendor/libjpeg-turbo/src/jcsample.c.o
[253/1198] cc obj/vendor/libjpeg-turbo/src/jdapimin.c.o
[254/1198] cc obj/vendor/libjpeg-turbo/src/jctrans.c.o
[255/1198] cc obj/vendor/libjpeg-turbo/src/jdatadst.c.o
[256/1198] cc obj/vendor/libjpeg-turbo/src/jdatasrc.c.o
[257/1198] cc obj/vendor/libjpeg-turbo/src/jdapistd.c.o
[258/1198] cc obj/vendor/libjpeg-turbo/src/jdcoefct.c.o
[259/1198] cc obj/vendor/libjpeg-turbo/src/jddctmgr.c.o
[260/1198] cc obj/vendor/libjpeg-turbo/src/jddiffct.c.o
[261/1198] cc obj/vendor/libjpeg-turbo/src/jdcolor.c.o
[262/1198] cc obj/vendor/libjpeg-turbo/src/jdicc.c.o
[263/1198] cc obj/vendor/libjpeg-turbo/src/jdinput.c.o
[264/1198] cc obj/vendor/libjpeg-turbo/src/jdhuff.c.o
[265/1198] cc obj/vendor/libjpeg-turbo/src/jdlhuff.c.o
[266/1198] cc obj/vendor/libjpeg-turbo/src/jdlossls.c.o
[267/1198] cc obj/vendor/libjpeg-turbo/src/jdmainct.c.o
[268/1198] cc obj/vendor/libjpeg-turbo/src/jdmaster.c.o
[269/1198] cc obj/vendor/libjpeg-turbo/src/jdmarker.c.o
[270/1198] cc obj/vendor/libjpeg-turbo/src/jdphuff.c.o
[271/1198] cc obj/vendor/libjpeg-turbo/src/jdmerge.c.o
[272/1198] cc obj/vendor/libjpeg-turbo/src/jdpostct.c.o
[273/1198] cc obj/vendor/libjpeg-turbo/src/jdtrans.c.o
[274/1198] cc obj/vendor/libjpeg-turbo/src/jfdctflt.c.o
[275/1198] cc obj/vendor/libjpeg-turbo/src/jdsample.c.o
[276/1198] cc obj/vendor/libjpeg-turbo/src/jfdctfst.c.o
[277/1198] cc obj/vendor/libjpeg-turbo/src/jfdctint.c.o
[278/1198] cc obj/vendor/libjpeg-turbo/src/jidctflt.c.o
[279/1198] cc obj/vendor/libjpeg-turbo/src/jidctfst.c.o
[280/1198] cc obj/vendor/libjpeg-turbo/src/jidctred.c.o
[281/1198] cc obj/vendor/libjpeg-turbo/src/jaricom.c.o
[282/1198] cc obj/vendor/libjpeg-turbo/src/jcarith.c.o
[283/1198] cc obj/vendor/libjpeg-turbo/src/jidctint.c.o
[284/1198] cc obj/vendor/libjpeg-turbo/src/jdarith.c.o
[285/1198] cc obj/vendor/libjpeg-turbo/src/jerror.c.o
[286/1198] cc obj/vendor/libjpeg-turbo/src/jmemnobs.c.o
[287/1198] cc obj/vendor/libjpeg-turbo/src/jmemmgr.c.o
[288/1198] cc obj/vendor/libjpeg-turbo/src/jquant1.c.o
[289/1198] cc obj/vendor/libjpeg-turbo/src/jutils.c.o
[290/1198] cc obj/vendor/libjpeg-turbo/src/jpeg_nbits.c.o
[291/1198] cc obj/vendor/libjpeg-turbo/src/jquant2.c.o
[292/1198] cc obj/vendor/libjpeg-turbo/src/turbojpeg.c.o
[293/1198] cc obj/vendor/libjpeg-turbo/src/jdatadst-tj.c.o
[294/1198] cc obj/vendor/libjpeg-turbo/src/jdatasrc-tj.c.o
[295/1198] cc obj/vendor/libjpeg-turbo/jbun_stubs.c.o
[296/1198] cc obj/vendor/libjpeg-turbo/simd/jsimd.c.o
[297/1198] rustc bun_jsc
[298/1198] rustc bun_ast_jsc
[299/1198] cc obj/vendor/libjpeg-turbo/src/transupp.c.o
[300/1198] cc obj/vendor/libjpeg-turbo/simd/arm/jccolor-neon.c.o
[301/1198] rustc bun_bundler_jsc
[302/1198] rustc bun_css_jsc
[303/1198] rustc bun_patch_jsc
[304/1198] rustc bun_js_parser_jsc
[305/1198] rustc bun_semver_jsc
[306/1198] rustc bun_http_jsc
[307/1198] rustc bun_install_jsc
[308/1198] rustc bun_sys_jsc
[309/1198] rustc bun_sourcemap_jsc
[310/1198] cc obj/vendor/libjpeg-turbo/simd/arm/jcgray-neon.c.o
[311/1198] cc obj/vendor/libjpeg-turbo/simd/arm/aarch64/jchuff-neon.c.o
[312/1198] cc obj/vendor/libjpeg-turbo/simd/arm/jcphuff-neon.c.o
[313/1198] cc obj/vendor/libjpeg-turbo/simd/arm/jcsample-neon.c.o
[314/1198] cc obj/vendor/libjpeg-turbo/simd/arm/jdcolor-neon.c.o
[315/1198] cc obj/vendor/libjpeg-turbo/simd/arm/jdmerge-neon.c.o
[316/1198] cc obj/vendor/libjpeg-turbo/simd/arm/jdsample-neon.c.o
[317/1198] cc obj/vendor/libjpeg-turbo/simd/arm/jfdctfst-neon.c.o
[318/1198] cc obj/vendor/libjpeg-turbo/simd/arm/jfdctint-neon.c.o
[319/1198] cc obj/vendor/libjpeg-turbo/simd/arm/jidctfst-neon.c.o
[320/1198] cc obj/vendor/libjpeg-turbo/simd/arm/jidctint-neon.c.o
[321/1198] cc obj/vendor/libjpeg-turbo/simd/arm/jidctred-neon.c.o
[322/1198] cc obj/vendor/libjpeg-turbo/simd/arm/jquanti-neon.c.o
[323/1198] cc obj/vendor/libjpeg-turbo/simd/arm/aarch64/jsimdcpu.c.o
[324/1198] rustc bun_sql_jsc
[325/1198] fetch libspng
[libspng] fetching randy408/libspng@fb768002
[libspng] done → /workspace/scratch/39b820233364/bun-source/vendor/libspng (12.4s)
[326/1198] cc obj/vendor/libspng/spng/spng.c.o
[327/1198] fetch libwebp
[libwebp] fetching webmproject/libwebp@b7e29b9d
[libwebp] done → /workspace/scratch/39b820233364/bun-source/vendor/libwebp (12.6s)
[328/1198] fetch hdrhistogram
[hdrhistogram] fetching HdrHistogram/HdrHistogram_c@18c7a324
[hdrhistogram] applying bitscan-type.patch
[hdrhistogram] applying no-avx2-dispatch.patch
[hdrhistogram] done → /workspace/scratch/39b820233364/bun-source/vendor/hdrhistogram (8.0s)
[329/1198] cc obj/vendor/libwebp/src/dec/alpha_dec.c.o
[330/1198] cc obj/vendor/libwebp/src/dec/buffer_dec.c.o
[331/1198] fetch cares
[cares] fetching c-ares/c-ares@c7a3138d
[cares] applying accept-rdata-compression.patch
[cares] done → /workspace/scratch/39b820233364/bun-source/vendor/cares (12.8s)
[332/1198] cc obj/vendor/libwebp/src/dec/idec_dec.c.o
[333/1198] cc obj/vendor/libwebp/src/dec/quant_dec.c.o
[334/1198] cc obj/vendor/libwebp/src/dec/io_dec.c.o
[335/1198] cc obj/vendor/libwebp/src/dec/frame_dec.c.o
[336/1198] cc obj/vendor/libwebp/src/dec/tree_dec.c.o
[337/1198] cc obj/vendor/libwebp/src/dec/vp8_dec.c.o
[338/1198] cc obj/vendor/libwebp/src/dec/webp_dec.c.o
[339/1198] cc obj/vendor/libwebp/src/enc/alpha_enc.c.o
[340/1198] cc obj/vendor/libwebp/src/enc/analysis_enc.c.o
[341/1198] cc obj/vendor/libwebp/src/dec/vp8l_dec.c.o
[342/1198] cc obj/vendor/libwebp/src/enc/config_enc.c.o
[343/1198] cc obj/vendor/libwebp/src/enc/backward_references_cost_enc.c.o
[344/1198] cc obj/vendor/libwebp/src/enc/filter_enc.c.o
[345/1198] cc obj/vendor/libwebp/src/enc/cost_enc.c.o
[346/1198] cc obj/vendor/libwebp/src/enc/frame_enc.c.o
[347/1198] cc obj/vendor/libwebp/src/enc/backward_references_enc.c.o
[348/1198] cc obj/vendor/libwebp/src/enc/near_lossless_enc.c.o
[349/1198] cc obj/vendor/libwebp/src/enc/iterator_enc.c.o
[350/1198] cc obj/vendor/libwebp/src/enc/histogram_enc.c.o
[351/1198] cc obj/vendor/libwebp/src/enc/picture_enc.c.o
[352/1198] cc obj/vendor/libwebp/src/enc/picture_rescale_enc.c.o
[353/1198] cc obj/vendor/libwebp/src/enc/picture_psnr_enc.c.o
[354/1198] cc obj/vendor/libwebp/src/enc/picture_csp_enc.c.o
[355/1198] cc obj/vendor/libwebp/src/enc/predictor_enc.c.o
[356/1198] cc obj/vendor/libwebp/src/enc/syntax_enc.c.o
[357/1198] cc obj/vendor/libwebp/src/enc/picture_tools_enc.c.o
[358/1198] cc obj/vendor/libwebp/src/enc/tree_enc.c.o
[359/1198] cc obj/vendor/libwebp/src/enc/token_enc.c.o
[360/1198] cc obj/vendor/libwebp/src/enc/quant_enc.c.o
[361/1198] cc obj/vendor/libwebp/src/enc/webp_enc.c.o
[362/1198] cc obj/vendor/libwebp/src/dsp/alpha_processing.c.o
[363/1198] cc obj/vendor/libwebp/src/dsp/alpha_processing_mips_dsp_r2.c.o
[364/1198] cc obj/vendor/libwebp/src/dsp/alpha_processing_sse2.c.o
[365/1198] cc obj/vendor/libwebp/src/dsp/alpha_processing_sse41.c.o
[366/1198] cc obj/vendor/libwebp/src/dsp/cost.c.o
[367/1198] cc obj/vendor/libwebp/src/dsp/cost_mips32.c.o
[368/1198] cc obj/vendor/libwebp/src/dsp/cost_mips_dsp_r2.c.o
[369/1198] cc obj/vendor/libwebp/src/dsp/alpha_processing_neon.c.o
[370/1198] cc obj/vendor/libwebp/src/dsp/cost_sse2.c.o
[371/1198] cc obj/vendor/libwebp/src/dsp/cpu.c.o
[372/1198] cc obj/vendor/libwebp/src/dsp/cost_neon.c.o
[373/1198] cc obj/vendor/libwebp/src/enc/vp8l_enc.c.o
[374/1198] cc obj/vendor/libwebp/src/dsp/dec_clip_tables.c.o
[375/1198] cc obj/vendor/libwebp/src/dsp/dec_mips32.c.o
[376/1198] cc obj/vendor/libwebp/src/dsp/dec.c.o
[377/1198] cc obj/vendor/libwebp/src/dsp/dec_mips_dsp_r2.c.o
[378/1198] cc obj/vendor/libwebp/src/dsp/dec_msa.c.o
[379/1198] cc obj/vendor/libwebp/src/dsp/dec_sse2.c.o
[380/1198] cc obj/vendor/libwebp/src/dsp/dec_sse41.c.o
[381/1198] cc obj/vendor/libwebp/src/dsp/enc_mips32.c.o
[382/1198] cc obj/vendor/libwebp/src/dsp/enc_mips_dsp_r2.c.o
[383/1198] cc obj/vendor/libwebp/src/dsp/enc.c.o
[384/1198] cc obj/vendor/libwebp/src/dsp/enc_msa.c.o
[385/1198] cc obj/vendor/libwebp/src/dsp/enc_sse2.c.o
[386/1198] cc obj/vendor/libwebp/src/dsp/enc_sse41.c.o
[387/1198] cc obj/vendor/libwebp/src/dsp/filters.c.o
[388/1198] cc obj/vendor/libwebp/src/dsp/filters_mips_dsp_r2.c.o
[389/1198] cc obj/vendor/libwebp/src/dsp/filters_msa.c.o
[390/1198] cc obj/vendor/libwebp/src/dsp/dec_neon.c.o
[391/1198] cc obj/vendor/libwebp/src/dsp/enc_neon.c.o
[392/1198] cc obj/vendor/libwebp/src/dsp/filters_sse2.c.o
[393/1198] cc obj/vendor/libwebp/src/dsp/lossless_avx2.c.o
[394/1198] cc obj/vendor/libwebp/src/dsp/filters_neon.c.o
[395/1198] cc obj/vendor/libwebp/src/dsp/lossless_enc.c.o
[396/1198] cc obj/vendor/libwebp/src/dsp/lossless_enc_avx2.c.o
[397/1198] cc obj/vendor/libwebp/src/dsp/lossless.c.o
[398/1198] cc obj/vendor/libwebp/src/dsp/lossless_enc_mips32.c.o
[399/1198] cc obj/vendor/libwebp/src/dsp/lossless_enc_msa.c.o
[400/1198] cc obj/vendor/libwebp/src/dsp/lossless_enc_mips_dsp_r2.c.o
[401/1198] cc obj/vendor/libwebp/src/dsp/lossless_enc_sse2.c.o
[402/1198] cc obj/vendor/libwebp/src/dsp/lossless_mips_dsp_r2.c.o
[403/1198] cc obj/vendor/libwebp/src/dsp/lossless_enc_sse41.c.o
[404/1198] cc obj/vendor/libwebp/src/dsp/lossless_msa.c.o
[405/1198] cc obj/vendor/libwebp/src/dsp/lossless_sse2.c.o
[406/1198] cc obj/vendor/libwebp/src/dsp/lossless_sse41.c.o
[407/1198] cc obj/vendor/libwebp/src/dsp/lossless_enc_neon.c.o
[408/1198] cc obj/vendor/libwebp/src/dsp/rescaler_mips32.c.o
[409/1198] cc obj/vendor/libwebp/src/dsp/rescaler_mips_dsp_r2.c.o
[410/1198] cc obj/vendor/libwebp/src/dsp/rescaler.c.o
[411/1198] cc obj/vendor/libwebp/src/dsp/rescaler_msa.c.o
[412/1198] cc obj/vendor/libwebp/src/dsp/rescaler_sse2.c.o
[413/1198] cc obj/vendor/libwebp/src/dsp/lossless_neon.c.o
[414/1198] cc obj/vendor/libwebp/src/dsp/ssim.c.o
[415/1198] cc obj/vendor/libwebp/src/dsp/ssim_sse2.c.o
[416/1198] cc obj/vendor/libwebp/src/dsp/upsampling_mips_dsp_r2.c.o
[417/1198] cc obj/vendor/libwebp/src/dsp/upsampling_msa.c.o
[418/1198] cc obj/vendor/libwebp/src/dsp/rescaler_neon.c.o
[419/1198] cc obj/vendor/libwebp/src/dsp/upsampling_sse2.c.o
[420/1198] cc obj/vendor/libwebp/src/dsp/upsampling_sse41.c.o
[421/1198] cc obj/vendor/libwebp/src/dsp/upsampling.c.o
[422/1198] cc obj/vendor/libwebp/src/dsp/yuv_mips32.c.o
[423/1198] cc obj/vendor/libwebp/src/dsp/yuv_mips_dsp_r2.c.o
[424/1198] cc obj/vendor/libwebp/src/dsp/yuv_neon.c.o
[425/1198] cc obj/vendor/libwebp/src/dsp/yuv_sse2.c.o
[426/1198] cc obj/vendor/libwebp/src/dsp/yuv_sse41.c.o
[427/1198] cc obj/vendor/libwebp/src/dsp/yuv.c.o
[428/1198] cc obj/vendor/libwebp/src/utils/bit_reader_utils.c.o
[429/1198] cc obj/vendor/libwebp/src/utils/bit_writer_utils.c.o
[430/1198] cc obj/vendor/libwebp/src/utils/color_cache_utils.c.o
[431/1198] cc obj/vendor/libwebp/src/dsp/upsampling_neon.c.o
[432/1198] cc obj/vendor/libwebp/src/utils/filters_utils.c.o
[433/1198] cc obj/vendor/libwebp/src/utils/huffman_utils.c.o
[434/1198] cc obj/vendor/libwebp/src/utils/huffman_encode_utils.c.o
[435/1198] cc obj/vendor/libwebp/src/utils/palette.c.o
[436/1198] cc obj/vendor/libwebp/src/utils/random_utils.c.o
[437/1198] cc obj/vendor/libwebp/src/utils/quant_levels_utils.c.o
[438/1198] cc obj/vendor/libwebp/src/utils/quant_levels_dec_utils.c.o
[439/1198] cc obj/vendor/libwebp/src/utils/thread_utils.c.o
[440/1198] cc obj/vendor/libwebp/src/utils/rescaler_utils.c.o
[441/1198] cc obj/vendor/libwebp/src/utils/utils.c.o
[442/1198] cc obj/vendor/libwebp/src/demux/demux.c.o
[443/1198] cc obj/vendor/libwebp/src/mux/muxedit.c.o
[444/1198] cc obj/vendor/libwebp/src/mux/muxinternal.c.o
[445/1198] cc obj/vendor/libwebp/sharpyuv/sharpyuv_cpu.c.o
[446/1198] cc obj/vendor/libwebp/sharpyuv/sharpyuv_csp.c.o
[447/1198] cc obj/vendor/libwebp/src/mux/muxread.c.o
[448/1198] cc obj/vendor/libwebp/sharpyuv/sharpyuv_dsp.c.o
[449/1198] cc obj/vendor/libwebp/sharpyuv/sharpyuv_gamma.c.o
[450/1198] cc obj/vendor/libwebp/sharpyuv/sharpyuv_sse2.c.o
[451/1198] cc obj/vendor/libwebp/sharpyuv/sharpyuv.c.o
[452/1198] cc obj/vendor/cares/src/lib/ares_addrinfo2hostent.c.o
[453/1198] cc obj/vendor/cares/src/lib/ares_addrinfo_localhost.c.o
[454/1198] cc obj/vendor/cares/src/lib/ares_cancel.c.o
[455/1198] cc obj/vendor/libwebp/sharpyuv/sharpyuv_neon.c.o
[456/1198] cc obj/vendor/cares/src/lib/ares_android.c.o
[457/1198] cc obj/vendor/cares/src/lib/ares_close_sockets.c.o
[458/1198] cc obj/vendor/cares/src/lib/ares_cookie.c.o
[459/1198] cc obj/vendor/cares/src/lib/ares_data.c.o
[460/1198] cc obj/vendor/cares/src/lib/ares_conn.c.o
[461/1198] cc obj/vendor/cares/src/lib/ares_free_hostent.c.o
[462/1198] cc obj/vendor/cares/src/lib/ares_destroy.c.o
[463/1198] cc obj/vendor/cares/src/lib/ares_free_string.c.o
[464/1198] cc obj/vendor/cares/src/lib/ares_freeaddrinfo.c.o
[465/1198] cc obj/vendor/cares/src/lib/ares_getenv.c.o
[466/1198] cc obj/vendor/cares/src/lib/ares_gethostbyaddr.c.o
[467/1198] cc obj/vendor/cares/src/lib/ares_getaddrinfo.c.o
[468/1198] cc obj/vendor/cares/src/lib/ares_gethostbyname.c.o
[469/1198] cc obj/vendor/cares/src/lib/ares_getnameinfo.c.o
[470/1198] cc obj/vendor/cares/src/lib/ares_init.c.o
[471/1198] cc obj/vendor/cares/src/lib/ares_library_init.c.o
[472/1198] cc obj/vendor/cares/src/lib/ares_hosts_file.c.o
[473/1198] cc obj/vendor/cares/src/lib/ares_metrics.c.o
[474/1198] cc obj/vendor/cares/src/lib/ares_parse_into_addrinfo.c.o
[475/1198] cc obj/vendor/cares/src/lib/ares_options.c.o
[476/1198] cc obj/vendor/cares/src/lib/ares_query.c.o
[477/1198] cc obj/vendor/cares/src/lib/ares_qcache.c.o
[478/1198] cc obj/vendor/cares/src/lib/ares_process.c.o
[479/1198] cc obj/vendor/cares/src/lib/ares_send.c.o
[480/1198] cc obj/vendor/cares/src/lib/ares_search.c.o
[481/1198] cc obj/vendor/cares/src/lib/ares_socket.c.o
[482/1198] cc obj/vendor/cares/src/lib/ares_set_socket_functions.c.o
[483/1198] cc obj/vendor/cares/src/lib/ares_sortaddrinfo.c.o
[484/1198] cc obj/vendor/cares/src/lib/ares_strerror.c.o
[485/1198] cc obj/vendor/cares/src/lib/ares_sysconfig.c.o
[486/1198] cc obj/vendor/cares/src/lib/ares_sysconfig_mac.c.o
[487/1198] cc obj/vendor/cares/src/lib/ares_sysconfig_win.c.o
[488/1198] cc obj/vendor/cares/src/lib/ares_sysconfig_files.c.o
[489/1198] cc obj/vendor/cares/src/lib/ares_timeout.c.o
[490/1198] cc obj/vendor/cares/src/lib/ares_version.c.o
[491/1198] cc obj/vendor/cares/src/lib/ares_update_servers.c.o
[492/1198] cc obj/vendor/cares/src/lib/inet_net_pton.c.o
[493/1198] cc obj/vendor/cares/src/lib/windows_port.c.o
[494/1198] cc obj/vendor/cares/src/lib/inet_ntop.c.o
[495/1198] cc obj/vendor/cares/src/lib/dsa/ares_htable_asvp.c.o
[496/1198] cc obj/vendor/cares/src/lib/dsa/ares_array.c.o
[497/1198] cc obj/vendor/cares/src/lib/dsa/ares_htable.c.o
[498/1198] cc obj/vendor/cares/src/lib/dsa/ares_htable_dict.c.o
[499/1198] cc obj/vendor/cares/src/lib/dsa/ares_htable_strvp.c.o
[500/1198] cc obj/vendor/cares/src/lib/dsa/ares_htable_szvp.c.o
[501/1198] cc obj/vendor/cares/src/lib/dsa/ares_htable_vpstr.c.o
[502/1198] cc obj/vendor/cares/src/lib/dsa/ares_htable_vpvp.c.o
[503/1198] cc obj/vendor/cares/src/lib/event/ares_event_configchg.c.o
[504/1198] cc obj/vendor/cares/src/lib/dsa/ares_llist.c.o
[505/1198] cc obj/vendor/cares/src/lib/dsa/ares_slist.c.o
[506/1198] cc obj/vendor/cares/src/lib/event/ares_event_kqueue.c.o
[507/1198] cc obj/vendor/cares/src/lib/event/ares_event_epoll.c.o
[508/1198] cc obj/vendor/cares/src/lib/event/ares_event_select.c.o
[509/1198] cc obj/vendor/cares/src/lib/event/ares_event_poll.c.o
[510/1198] cc obj/vendor/cares/src/lib/event/ares_event_win32.c.o
[511/1198] cc obj/vendor/cares/src/lib/event/ares_event_wake_pipe.c.o
[512/1198] cc obj/vendor/cares/src/lib/event/ares_event_thread.c.o
[513/1198] cc obj/vendor/cares/src/lib/legacy/ares_expand_string.c.o
[514/1198] cc obj/vendor/cares/src/lib/legacy/ares_expand_name.c.o
[515/1198] cc obj/vendor/cares/src/lib/legacy/ares_create_query.c.o
[516/1198] cc obj/vendor/cares/src/lib/legacy/ares_fds.c.o
[517/1198] cc obj/vendor/cares/src/lib/legacy/ares_getsock.c.o
[518/1198] cc obj/vendor/cares/src/lib/legacy/ares_parse_a_reply.c.o
[519/1198] cc obj/vendor/cares/src/lib/legacy/ares_parse_aaaa_reply.c.o
[520/1198] cc obj/vendor/cares/src/lib/legacy/ares_parse_caa_reply.c.o
[521/1198] cc obj/vendor/cares/src/lib/legacy/ares_parse_mx_reply.c.o
[522/1198] cc obj/vendor/cares/src/lib/legacy/ares_parse_naptr_reply.c.o
[523/1198] cc obj/vendor/cares/src/lib/legacy/ares_parse_ns_reply.c.o
[524/1198] cc obj/vendor/cares/src/lib/legacy/ares_parse_soa_reply.c.o
[525/1198] cc obj/vendor/cares/src/lib/legacy/ares_parse_ptr_reply.c.o
[526/1198] cc obj/vendor/cares/src/lib/legacy/ares_parse_srv_reply.c.o
[527/1198] cc obj/vendor/cares/src/lib/legacy/ares_parse_uri_reply.c.o
[528/1198] cc obj/vendor/cares/src/lib/legacy/ares_parse_txt_reply.c.o
[529/1198] cc obj/vendor/cares/src/lib/record/ares_dns_mapping.c.o
[530/1198] cc obj/vendor/cares/src/lib/record/ares_dns_multistring.c.o
[531/1198] cc obj/vendor/cares/src/lib/record/ares_dns_name.c.o
[532/1198] cc obj/vendor/cares/src/lib/record/ares_dns_parse.c.o
[533/1198] cc obj/vendor/cares/src/lib/record/ares_dns_write.c.o
[534/1198] cc obj/vendor/cares/src/lib/record/ares_dns_record.c.o
[535/1198] cc obj/vendor/cares/src/lib/str/ares_str.c.o
[536/1198] cc obj/vendor/cares/src/lib/str/ares_strsplit.c.o
[537/1198] cc obj/vendor/cares/src/lib/util/ares_iface_ips.c.o
[538/1198] cc obj/vendor/cares/src/lib/util/ares_threads.c.o
[539/1198] cc obj/vendor/cares/src/lib/str/ares_buf.c.o
[540/1198] cc obj/vendor/cares/src/lib/util/ares_timeval.c.o
[541/1198] cc obj/vendor/cares/src/lib/util/ares_math.c.o
[542/1198] cc obj/vendor/cares/src/lib/util/ares_rand.c.o
[543/1198] cc obj/vendor/hdrhistogram/src/hdr_encoding.c.o
[544/1198] cc obj/vendor/hdrhistogram/src/hdr_histogram_log_no_op.c.o
[545/1198] cc obj/vendor/cares/src/lib/util/ares_uri.c.o
[546/1198] cc obj/vendor/hdrhistogram/src/hdr_histogram.c.o
[547/1198] fetch lshpack
[lshpack] fetching litespeedtech/ls-hpack@cf0f70dd
[lshpack] applying bss-huff-tables.patch
[lshpack] done → /workspace/scratch/39b820233364/bun-source/vendor/lshpack (14.6s)
[548/1198] fetch lsqpack
[lsqpack] fetching litespeedtech/ls-qpack@91567706
[lsqpack] applying bss-huff-tables.patch
[lsqpack] done → /workspace/scratch/39b820233364/bun-source/vendor/lsqpack (14.6s)
[549/1198] cc obj/vendor/lshpack/deps/xxhash/xxhash.c.o
[550/1198] fetch highway
[highway] fetching google/highway@2607d3b5
[highway] applying silence-warnings.patch
[highway] done → /workspace/scratch/39b820233364/bun-source/vendor/highway (15.0s)
[551/1198] cc obj/vendor/lshpack/lshpack.c.o
[552/1198] cxx obj/vendor/highway/hwy/aligned_allocator.cc.o
[553/1198] cxx obj/vendor/highway/hwy/abort.cc.o
[554/1198] cxx obj/vendor/highway/hwy/nanobenchmark.cc.o
[555/1198] cxx obj/vendor/highway/hwy/perf_counters.cc.o
[556/1198] cxx obj/vendor/highway/hwy/print.cc.o
[557/1198] cxx obj/vendor/highway/hwy/per_target.cc.o
[558/1198] cxx obj/vendor/highway/hwy/profiler.cc.o
[559/1198] cxx obj/vendor/highway/hwy/timer.cc.o
[560/1198] cxx obj/vendor/highway/hwy/targets.cc.o
[561/1198] fetch mimalloc
[mimalloc] fetching oven-sh/mimalloc@eab09015
[mimalloc] done → /workspace/scratch/39b820233364/bun-source/vendor/mimalloc (13.9s)
[562/1198] cc obj/vendor/mimalloc/src/static.c.o
[563/1198] fetch boringssl
[boringssl] fetching oven-sh/boringssl@41bf9b59
[boringssl] done → /workspace/scratch/39b820233364/bun-source/vendor/boringssl (23.1s)
[564/1198] fetch lsquic
[lsquic] fetching litespeedtech/lsquic@f812ceb9
[lsquic] applying versions-to-string.patch
[lsquic] applying allow-no-sni.patch
[lsquic] applying skip-priority-walk.patch
[lsquic] applying hash-nested-iter.patch
[lsquic] applying abort-error-tickable.patch
[lsquic] applying disable-gquic.patch
[lsquic] applying requeue-unsent-coalesced.patch
[lsquic] applying node-quic-accessors.patch
[lsquic] applying coalesce-batch-drop.patch
[lsquic] applying connection-close-pns.patch
[lsquic] applying goaway-accept-uni-streams.patch
[lsquic] done → /workspace/scratch/39b820233364/bun-source/vendor/lsquic (13.8s)
[565/1198] cxx obj/vendor/boringssl/crypto/aes/aes.cc.o
[566/1198] cxx obj/vendor/boringssl/crypto/asn1/a_bitstr.cc.o
[567/1198] cxx obj/vendor/boringssl/crypto/asn1/a_bool.cc.o
[568/1198] cxx obj/vendor/boringssl/crypto/asn1/a_d2i_fp.cc.o
[569/1198] cxx obj/vendor/boringssl/crypto/asn1/a_dup.cc.o
[570/1198] cxx obj/vendor/boringssl/crypto/asn1/a_gentm.cc.o
[571/1198] cxx obj/vendor/boringssl/crypto/asn1/a_i2d_fp.cc.o
[572/1198] cxx obj/vendor/boringssl/crypto/asn1/a_int.cc.o
[573/1198] rustc bun_runtime
[574/1198] cxx obj/vendor/boringssl/crypto/asn1/a_mbstr.cc.o
[575/1198] cxx obj/vendor/boringssl/crypto/asn1/a_object.cc.o
[576/1198] cxx obj/vendor/boringssl/crypto/asn1/a_octet.cc.o
[577/1198] cxx obj/vendor/boringssl/crypto/asn1/a_strnid.cc.o
[578/1198] cxx obj/vendor/boringssl/crypto/asn1/a_strex.cc.o
[579/1198] cxx obj/vendor/boringssl/crypto/asn1/a_time.cc.o
[580/1198] cxx obj/vendor/boringssl/crypto/asn1/a_type.cc.o
[581/1198] cxx obj/vendor/boringssl/crypto/asn1/asn1_lib.cc.o
[582/1198] cxx obj/vendor/boringssl/crypto/asn1/a_utctm.cc.o
[583/1198] cxx obj/vendor/boringssl/crypto/asn1/asn_pack.cc.o
[584/1198] cxx obj/vendor/boringssl/crypto/asn1/asn1_par.cc.o
[585/1198] cxx obj/vendor/boringssl/crypto/asn1/f_int.cc.o
[586/1198] cxx obj/vendor/boringssl/crypto/asn1/f_string.cc.o
[587/1198] cxx obj/vendor/boringssl/crypto/asn1/posix_time.cc.o
[588/1198] cxx obj/vendor/boringssl/crypto/asn1/tasn_dec.cc.o
[589/1198] cxx obj/vendor/boringssl/crypto/asn1/tasn_enc.cc.o
[590/1198] cxx obj/vendor/boringssl/crypto/asn1/tasn_fre.cc.o
[591/1198] cxx obj/vendor/boringssl/crypto/asn1/tasn_new.cc.o
[592/1198] cxx obj/vendor/boringssl/crypto/asn1/tasn_typ.cc.o
[593/1198] cxx obj/vendor/boringssl/crypto/asn1/tasn_utl.cc.o
[594/1198] cxx obj/vendor/boringssl/crypto/base64/base64.cc.o
[595/1198] cxx obj/vendor/boringssl/crypto/bio/bio_mem.cc.o
[596/1198] cxx obj/vendor/boringssl/crypto/bio/bio.cc.o
[597/1198] cxx obj/vendor/boringssl/crypto/bio/connect.cc.o
[598/1198] cxx obj/vendor/boringssl/crypto/bio/errno.cc.o
[599/1198] cxx obj/vendor/boringssl/crypto/bio/fd.cc.o
[600/1198] cxx obj/vendor/boringssl/crypto/bio/file.cc.o
[601/1198] cxx obj/vendor/boringssl/crypto/bio/hexdump.cc.o
[602/1198] cxx obj/vendor/boringssl/crypto/bio/pair.cc.o
[603/1198] cxx obj/vendor/boringssl/crypto/bio/printf.cc.o
[604/1198] cxx obj/vendor/boringssl/crypto/bio/socket.cc.o
[605/1198] cxx obj/vendor/boringssl/crypto/bio/socket_helper.cc.o
[606/1198] cc obj/src/jsc/bindings/sqlite/sqlite3.c.o
[607/1198] cxx obj/vendor/boringssl/crypto/blake2/blake2.cc.o
[608/1198] cxx obj/vendor/boringssl/crypto/bn/bn_asn1.cc.o
[609/1198] cxx obj/vendor/boringssl/crypto/bn/div.cc.o
[610/1198] cxx obj/vendor/boringssl/crypto/bn/convert.cc.o
[611/1198] cxx obj/vendor/boringssl/crypto/bn/exponentiation.cc.o
[612/1198] cxx obj/vendor/boringssl/crypto/bn/sqrt.cc.o
[613/1198] cxx obj/vendor/boringssl/crypto/buf/buf.cc.o
[614/1198] cxx obj/vendor/boringssl/crypto/bytestring/asn1_compat.cc.o
[615/1198] cxx obj/vendor/boringssl/crypto/bytestring/ber.cc.o
[616/1198] cxx obj/vendor/boringssl/crypto/bytestring/unicode.cc.o
[617/1198] cxx obj/vendor/boringssl/crypto/bytestring/cbs.cc.o
[618/1198] cxx obj/vendor/boringssl/crypto/bytestring/cbb.cc.o
[619/1198] cxx obj/vendor/boringssl/crypto/cipher/derive_key.cc.o
[620/1198] cxx obj/vendor/boringssl/crypto/chacha/chacha.cc.o
[621/1198] cxx obj/vendor/boringssl/crypto/cipher/e_aesctrhmac.cc.o
[622/1198] cxx obj/vendor/boringssl/crypto/cipher/e_aeseax.cc.o
[623/1198] cxx obj/vendor/boringssl/crypto/cipher/e_aesgcmsiv.cc.o
[624/1198] cxx obj/vendor/boringssl/crypto/cipher/e_chacha20poly1305.cc.o
[625/1198] cxx obj/vendor/boringssl/crypto/cipher/e_des.cc.o
[626/1198] cxx obj/vendor/boringssl/crypto/cipher/e_null.cc.o
[627/1198] cxx obj/vendor/boringssl/crypto/cipher/e_rc4.cc.o
[628/1198] cxx obj/vendor/boringssl/crypto/cipher/e_rc2.cc.o
[629/1198] cxx obj/vendor/boringssl/crypto/cipher/get_cipher.cc.o
[630/1198] cxx obj/vendor/boringssl/crypto/fipsmodule/bcm.cc.o
[631/1198] cxx obj/vendor/boringssl/crypto/cipher/tls_cbc.cc.o
[632/1198] cxx obj/vendor/boringssl/crypto/cipher/e_tls.cc.o
[633/1198] cxx obj/vendor/boringssl/crypto/cms/cms.cc.o
[634/1198] cxx obj/vendor/boringssl/crypto/conf/conf.cc.o
[635/1198] cxx obj/vendor/boringssl/crypto/cpu_aarch64_apple.cc.o
[636/1198] cxx obj/vendor/boringssl/crypto/cpu_aarch64_fuchsia.cc.o
[637/1198] cxx obj/vendor/boringssl/crypto/cpu_aarch64_openbsd.cc.o
[638/1198] cxx obj/vendor/boringssl/crypto/cpu_aarch64_linux.cc.o
[639/1198] cxx obj/vendor/boringssl/crypto/cpu_aarch64_sysreg.cc.o
[640/1198] cxx obj/vendor/boringssl/crypto/cpu_aarch64_win.cc.o
[641/1198] cxx obj/vendor/boringssl/crypto/cpu_arm_freebsd.cc.o
[642/1198] cxx obj/vendor/boringssl/crypto/cpu_arm_linux.cc.o
[643/1198] cxx obj/vendor/boringssl/crypto/cpu_intel.cc.o
[644/1198] cxx obj/vendor/boringssl/crypto/curve25519/curve25519_64_adx.cc.o
[645/1198] cxx obj/vendor/boringssl/crypto/crypto.cc.o
[646/1198] cxx obj/vendor/boringssl/crypto/curve25519/spake25519.cc.o
[647/1198] cxx obj/vendor/boringssl/crypto/dh/dh_asn1.cc.o
[648/1198] cxx obj/vendor/boringssl/crypto/des/des.cc.o
[649/1198] cxx obj/vendor/boringssl/crypto/dh/params.cc.o
[650/1198] cxx obj/vendor/boringssl/crypto/digest/digest_extra.cc.o
[651/1198] cxx obj/vendor/boringssl/crypto/dsa/dsa_asn1.cc.o
[652/1198] cxx obj/vendor/boringssl/crypto/dsa/dsa.cc.o
[653/1198] cxx obj/vendor/boringssl/crypto/ec/ec_asn1.cc.o
[654/1198] cxx obj/vendor/boringssl/crypto/curve25519/curve25519.cc.o
[655/1198] cxx obj/vendor/boringssl/crypto/ec/ec_derive.cc.o
[656/1198] cxx obj/vendor/boringssl/crypto/ec/hash_to_curve.cc.o
[657/1198] cxx obj/vendor/boringssl/crypto/ecdh/ecdh.cc.o
[658/1198] cxx obj/vendor/boringssl/crypto/ecdsa/ecdsa_p1363.cc.o
[659/1198] cxx obj/vendor/boringssl/crypto/ecdsa/ecdsa_asn1.cc.o
[660/1198] cxx obj/vendor/boringssl/crypto/engine/engine.cc.o
[661/1198] cxx obj/vendor/boringssl/crypto/err/err.cc.o
[662/1198] cxx obj/vendor/boringssl/crypto/evp/evp.cc.o
[663/1198] cxx obj/vendor/boringssl/crypto/evp/evp_asn1.cc.o
[664/1198] cxx obj/vendor/boringssl/crypto/evp/evp_ctx.cc.o
[665/1198] cxx obj/vendor/boringssl/crypto/evp/evp_kem.cc.o
[666/1198] cxx obj/vendor/boringssl/crypto/evp/p_dh.cc.o
[667/1198] cxx obj/vendor/boringssl/crypto/evp/p_dsa.cc.o
[668/1198] cxx obj/vendor/boringssl/crypto/evp/p_ec.cc.o
[669/1198] cxx obj/vendor/boringssl/crypto/evp/p_ed25519.cc.o
[670/1198] cxx obj/vendor/boringssl/crypto/evp/p_hkdf.cc.o
[671/1198] cxx obj/vendor/boringssl/crypto/evp/p_rsa.cc.o
[672/1198] cxx obj/vendor/boringssl/crypto/evp/p_mlkem.cc.o
[673/1198] cxx obj/vendor/boringssl/crypto/evp/p_mldsa.cc.o
[674/1198] cxx obj/vendor/boringssl/crypto/evp/p_x25519.cc.o
[675/1198] cxx obj/vendor/boringssl/crypto/evp/pbkdf.cc.o
[676/1198] cxx obj/vendor/boringssl/crypto/evp/print.cc.o
[677/1198] cxx obj/vendor/boringssl/crypto/evp/p_xwing.cc.o
[678/1198] cxx obj/vendor/boringssl/crypto/fipsmodule/fips_shared_support.cc.o
[679/1198] cxx obj/vendor/boringssl/crypto/evp/scrypt.cc.o
[680/1198] cxx obj/vendor/boringssl/crypto/evp/sign.cc.o
[681/1198] cxx obj/vendor/boringssl/crypto/ex_data.cc.o
[682/1198] cxx obj/vendor/boringssl/crypto/fuzzer_mode.cc.o
[683/1198] cxx obj/vendor/boringssl/crypto/hpke/hpke.cc.o
[684/1198] cxx obj/vendor/boringssl/crypto/lhash/lhash.cc.o
[685/1198] cxx obj/vendor/boringssl/crypto/md4/md4.cc.o
[686/1198] cxx obj/vendor/boringssl/crypto/mldsa/mldsa.cc.o
[687/1198] cxx obj/vendor/boringssl/crypto/md5/md5.cc.o
[688/1198] cxx obj/vendor/boringssl/crypto/mem.cc.o
[689/1198] cxx obj/vendor/boringssl/crypto/hrss/hrss.cc.o
[690/1198] cxx obj/vendor/boringssl/crypto/mlkem/mlkem.cc.o
[691/1198] cxx obj/vendor/boringssl/crypto/obj/obj_xref.cc.o
[692/1198] cxx obj/vendor/boringssl/crypto/obj/obj.cc.o
[693/1198] cxx obj/vendor/boringssl/crypto/pem/pem_all.cc.o
[694/1198] cxx obj/vendor/boringssl/crypto/pem/pem_info.cc.o
[695/1198] cxx obj/vendor/boringssl/crypto/pem/pem_oth.cc.o
[696/1198] cxx obj/vendor/boringssl/crypto/pem/pem_lib.cc.o
[697/1198] cxx obj/vendor/boringssl/crypto/pem/pem_pk8.cc.o
[698/1198] cxx obj/vendor/boringssl/crypto/pem/pem_pkey.cc.o
[699/1198] cxx obj/vendor/boringssl/crypto/pem/pem_x509.cc.o
[700/1198] cxx obj/vendor/boringssl/crypto/pem/pem_xaux.cc.o
[701/1198] cxx obj/vendor/boringssl/crypto/pkcs7/pkcs7.cc.o
[702/1198] cxx obj/vendor/boringssl/crypto/pkcs7/pkcs7_x509.cc.o
[703/1198] cxx obj/vendor/boringssl/crypto/pkcs8/p5_pbev2.cc.o
[704/1198] cxx obj/vendor/boringssl/crypto/pkcs8/pkcs8.cc.o
[705/1198] cxx obj/vendor/boringssl/crypto/pkcs8/pkcs8_x509.cc.o
[706/1198] cxx obj/vendor/boringssl/crypto/poly1305/poly1305.cc.o
[707/1198] cxx obj/vendor/boringssl/crypto/poly1305/poly1305_arm.cc.o
[708/1198] cxx obj/vendor/boringssl/crypto/poly1305/poly1305_vec.cc.o
[709/1198] cxx obj/vendor/boringssl/crypto/rand/deterministic.cc.o
[710/1198] cxx obj/vendor/boringssl/crypto/pool/pool.cc.o
[711/1198] cxx obj/vendor/boringssl/crypto/rand/ios.cc.o
[712/1198] cxx obj/vendor/boringssl/crypto/rand/getentropy.cc.o
[713/1198] cxx obj/vendor/boringssl/crypto/rand/fork_detect.cc.o
[714/1198] cxx obj/vendor/boringssl/crypto/rand/forkunsafe.cc.o
[715/1198] cxx obj/vendor/boringssl/crypto/rand/rand.cc.o
[716/1198] cxx obj/vendor/boringssl/crypto/rand/trusty.cc.o
[717/1198] cxx obj/vendor/boringssl/crypto/rand/urandom.cc.o
[718/1198] cxx obj/vendor/boringssl/crypto/rc4/rc4.cc.o
[719/1198] cxx obj/vendor/boringssl/crypto/rand/windows.cc.o
[720/1198] cxx obj/vendor/boringssl/crypto/refcount.cc.o
[721/1198] cxx obj/vendor/boringssl/crypto/rsa/rsa_extra.cc.o
[722/1198] cxx obj/vendor/boringssl/crypto/ripemd/ripemd.cc.o
[723/1198] cxx obj/vendor/boringssl/crypto/rsa/rsa_crypt.cc.o
[724/1198] cxx obj/vendor/boringssl/crypto/rsa/rsa_asn1.cc.o
[725/1198] cxx obj/vendor/boringssl/crypto/sha/sha1.cc.o
[726/1198] cxx obj/vendor/boringssl/crypto/sha/sha256.cc.o
[727/1198] cxx obj/vendor/boringssl/crypto/rsa/rsa_print.cc.o
[728/1198] cxx obj/vendor/boringssl/crypto/sha/sha512.cc.o
[729/1198] cxx obj/vendor/boringssl/crypto/siphash/siphash.cc.o
[730/1198] cxx obj/vendor/boringssl/crypto/slhdsa/slhdsa.cc.o
[731/1198] cxx obj/vendor/boringssl/crypto/spake2plus/spake2plus.cc.o
[732/1198] cxx obj/vendor/boringssl/crypto/thread.cc.o
[733/1198] cxx obj/vendor/boringssl/crypto/thread_none.cc.o
[734/1198] cxx obj/vendor/boringssl/crypto/stack/stack.cc.o
[735/1198] cxx obj/vendor/boringssl/crypto/thread_pthread.cc.o
[736/1198] cxx obj/vendor/boringssl/crypto/thread_win.cc.o
[737/1198] cxx obj/vendor/boringssl/crypto/trust_token/trust_token.cc.o
[738/1198] cxx obj/vendor/boringssl/crypto/trust_token/pmbtoken.cc.o
[739/1198] cxx obj/vendor/boringssl/crypto/x509/a_digest.cc.o
[740/1198] cxx obj/vendor/boringssl/crypto/trust_token/voprf.cc.o
[741/1198] cxx obj/vendor/boringssl/crypto/x509/a_sign.cc.o
[742/1198] cxx obj/vendor/boringssl/crypto/x509/a_verify.cc.o
[743/1198] cxx obj/vendor/boringssl/crypto/x509/algorithm.cc.o
[744/1198] cxx obj/vendor/boringssl/crypto/x509/asn1_gen.cc.o
[745/1198] cxx obj/vendor/boringssl/crypto/x509/i2d_pr.cc.o
[746/1198] cxx obj/vendor/boringssl/crypto/x509/by_file.cc.o
[747/1198] cxx obj/vendor/boringssl/crypto/x509/by_dir.cc.o
[748/1198] cxx obj/vendor/boringssl/crypto/x509/name_print.cc.o
[749/1198] cxx obj/vendor/boringssl/crypto/x509/rsa_pss.cc.o
[750/1198] cxx obj/vendor/boringssl/crypto/x509/t_crl.cc.o
[751/1198] cxx obj/vendor/boringssl/crypto/x509/t_req.cc.o
[752/1198] cxx obj/vendor/boringssl/crypto/x509/policy.cc.o
[753/1198] cxx obj/vendor/boringssl/crypto/x509/t_x509a.cc.o
[754/1198] cxx obj/vendor/boringssl/crypto/x509/t_x509.cc.o
[755/1198] cxx obj/vendor/boringssl/crypto/x509/v3_akey.cc.o
[756/1198] cxx obj/vendor/boringssl/crypto/x509/v3_akeya.cc.o
[757/1198] cxx obj/vendor/boringssl/crypto/x509/v3_alt.cc.o
[758/1198] cxx obj/vendor/boringssl/crypto/x509/v3_bitst.cc.o
[759/1198] cxx obj/vendor/boringssl/crypto/x509/v3_bcons.cc.o
[760/1198] cxx obj/vendor/boringssl/crypto/x509/v3_conf.cc.o
[761/1198] cxx obj/vendor/boringssl/crypto/x509/v3_enum.cc.o
[762/1198] cxx obj/vendor/boringssl/crypto/x509/v3_cpols.cc.o
[763/1198] cxx obj/vendor/boringssl/crypto/x509/v3_crld.cc.o
[764/1198] cxx obj/vendor/boringssl/crypto/x509/v3_extku.cc.o
[765/1198] cxx obj/vendor/boringssl/crypto/x509/v3_genn.cc.o
[766/1198] cxx obj/vendor/boringssl/crypto/x509/v3_ia5.cc.o
[767/1198] cxx obj/vendor/boringssl/crypto/x509/v3_info.cc.o
[768/1198] cxx obj/vendor/boringssl/crypto/x509/v3_int.cc.o
[769/1198] cxx obj/vendor/boringssl/crypto/x509/v3_lib.cc.o
[770/1198] cxx obj/vendor/boringssl/crypto/x509/v3_ocsp.cc.o
[771/1198] cxx obj/vendor/boringssl/crypto/x509/v3_ncons.cc.o
[772/1198] cxx obj/vendor/boringssl/crypto/x509/v3_pcons.cc.o
[773/1198] cxx obj/vendor/boringssl/crypto/x509/v3_pmaps.cc.o
[774/1198] cxx obj/vendor/boringssl/crypto/x509/v3_prn.cc.o
[775/1198] cxx obj/vendor/boringssl/crypto/x509/v3_purp.cc.o
[776/1198] cxx obj/vendor/boringssl/crypto/x509/x509.cc.o
[777/1198] cxx obj/vendor/boringssl/crypto/x509/v3_skey.cc.o
[778/1198] cxx obj/vendor/boringssl/crypto/x509/x509_att.cc.o
[779/1198] cxx obj/vendor/boringssl/crypto/x509/v3_utl.cc.o
[780/1198] cxx obj/vendor/boringssl/crypto/x509/x509_d2.cc.o
[781/1198] cxx obj/vendor/boringssl/crypto/x509/x509_cmp.cc.o
[782/1198] cxx obj/vendor/boringssl/crypto/x509/x509_def.cc.o
[783/1198] cxx obj/vendor/boringssl/crypto/x509/x509_ext.cc.o
[784/1198] cxx obj/vendor/boringssl/crypto/x509/x509_obj.cc.o
[785/1198] cxx obj/vendor/boringssl/crypto/x509/x509_mtc.cc.o
[786/1198] cxx obj/vendor/boringssl/crypto/x509/x509_req.cc.o
[787/1198] cxx obj/vendor/boringssl/crypto/x509/x509_lu.cc.o
[788/1198] cxx obj/vendor/boringssl/crypto/x509/x509_set.cc.o
[789/1198] cxx obj/vendor/boringssl/crypto/x509/x509_trs.cc.o
[790/1198] cxx obj/vendor/boringssl/crypto/x509/x509_txt.cc.o
[791/1198] cxx obj/vendor/boringssl/crypto/x509/x509_v3.cc.o
[792/1198] cxx obj/vendor/boringssl/crypto/x509/x509_vpm.cc.o
[793/1198] cxx obj/vendor/boringssl/crypto/x509/x509cset.cc.o
[794/1198] cxx obj/vendor/boringssl/crypto/x509/x509_vfy.cc.o
[795/1198] cxx obj/vendor/boringssl/crypto/x509/x509name.cc.o
[796/1198] cxx obj/vendor/boringssl/crypto/x509/x509rset.cc.o
[797/1198] cxx obj/vendor/boringssl/crypto/x509/x509spki.cc.o
[798/1198] cxx obj/vendor/boringssl/crypto/x509/x_algor.cc.o
[799/1198] cxx obj/vendor/boringssl/crypto/x509/x_attrib.cc.o
[800/1198] cxx obj/vendor/boringssl/crypto/x509/x_crl.cc.o
[801/1198] cxx obj/vendor/boringssl/crypto/x509/x_all.cc.o
[802/1198] cxx obj/vendor/boringssl/crypto/x509/x_exten.cc.o
[803/1198] cxx obj/vendor/boringssl/crypto/x509/x_req.cc.o
[804/1198] cxx obj/vendor/boringssl/crypto/x509/x_pubkey.cc.o
[805/1198] cxx obj/vendor/boringssl/crypto/x509/x_sig.cc.o
[806/1198] cxx obj/vendor/boringssl/crypto/x509/x_name.cc.o
[807/1198] cxx obj/vendor/boringssl/crypto/x509/x_spki.cc.o
[808/1198] cxx obj/vendor/boringssl/crypto/xwing/xwing.cc.o
[809/1198] cxx obj/vendor/boringssl/crypto/x509/x_x509a.cc.o
[810/1198] cxx obj/vendor/boringssl/crypto/x509/x_x509.cc.o
[811/1198] cxx obj/vendor/boringssl/gen/crypto/err_data.cc.o
[812/1198] cxx obj/vendor/boringssl/ssl/bio_ssl.cc.o
[813/1198] cxx obj/vendor/boringssl/ssl/d1_pkt.cc.o
[814/1198] cxx obj/vendor/boringssl/ssl/d1_lib.cc.o
[815/1198] cxx obj/vendor/boringssl/ssl/d1_both.cc.o
[816/1198] cxx obj/vendor/boringssl/ssl/d1_srtp.cc.o
[817/1198] cxx obj/vendor/boringssl/ssl/dtls_method.cc.o
[818/1198] cxx obj/vendor/boringssl/ssl/dtls_record.cc.o
[819/1198] cxx obj/vendor/boringssl/ssl/encrypted_client_hello.cc.o
[820/1198] cxx obj/vendor/boringssl/ssl/handoff.cc.o
[821/1198] cxx obj/vendor/boringssl/ssl/handshake.cc.o
[822/1198] cxx obj/vendor/boringssl/ssl/handshake_client.cc.o
[823/1198] cxx obj/vendor/boringssl/ssl/extensions.cc.o
[824/1198] cxx obj/vendor/boringssl/ssl/s3_both.cc.o
[825/1198] cxx obj/vendor/boringssl/ssl/handshake_server.cc.o
[826/1198] cxx obj/vendor/boringssl/ssl/s3_lib.cc.o
[827/1198] cxx obj/vendor/boringssl/ssl/s3_pkt.cc.o
[828/1198] cxx obj/vendor/boringssl/ssl/ssl_aead_ctx.cc.o
[829/1198] cxx obj/vendor/boringssl/ssl/ssl_asn1.cc.o
[830/1198] cxx obj/vendor/boringssl/ssl/ssl_buffer.cc.o
[831/1198] cxx obj/vendor/boringssl/ssl/ssl_cert.cc.o
[832/1198] cxx obj/vendor/boringssl/ssl/ssl_cipher.cc.o
[833/1198] cxx obj/vendor/boringssl/ssl/ssl_file.cc.o
[834/1198] cxx obj/vendor/boringssl/ssl/ssl_credential.cc.o
[835/1198] cxx obj/vendor/boringssl/ssl/ssl_key_share.cc.o
[836/1198] cxx obj/vendor/boringssl/ssl/ssl_privkey.cc.o
[837/1198] cxx obj/vendor/boringssl/ssl/ssl_stat.cc.o
[838/1198] cxx obj/vendor/boringssl/ssl/ssl_session.cc.o
[839/1198] cxx obj/vendor/boringssl/ssl/ssl_lib.cc.o
[840/1198] cxx obj/vendor/boringssl/ssl/ssl_transcript.cc.o
[841/1198] cxx obj/vendor/boringssl/ssl/ssl_versions.cc.o
[842/1198] cxx obj/vendor/boringssl/ssl/ssl_x509.cc.o
[843/1198] cxx obj/vendor/boringssl/ssl/t1_enc.cc.o
[844/1198] cxx obj/vendor/boringssl/ssl/tls13_both.cc.o
[845/1198] cxx obj/vendor/boringssl/ssl/tls13_client.cc.o
[846/1198] cxx obj/vendor/boringssl/ssl/tls13_enc.cc.o
[847/1198] cxx obj/vendor/boringssl/ssl/tls_method.cc.o
[848/1198] cxx obj/vendor/boringssl/ssl/tls13_server.cc.o
[849/1198] cxx obj/vendor/boringssl/ssl/tls_record.cc.o
[850/1198] cxx obj/vendor/boringssl/decrepit/bio/base64_bio.cc.o
[851/1198] cxx obj/vendor/boringssl/decrepit/cast/cast_tables.cc.o
[852/1198] cxx obj/vendor/boringssl/decrepit/blowfish/blowfish.cc.o
[853/1198] cxx obj/vendor/boringssl/decrepit/cast/cast.cc.o
[854/1198] cxx obj/vendor/boringssl/decrepit/des/cfb64ede.cc.o
[855/1198] cxx obj/vendor/boringssl/decrepit/cfb/cfb.cc.o
[856/1198] cxx obj/vendor/boringssl/decrepit/dh/dh_decrepit.cc.o
[857/1198] cxx obj/vendor/boringssl/decrepit/dsa/dsa_decrepit.cc.o
[858/1198] cxx obj/vendor/boringssl/decrepit/evp/dss1.cc.o
[859/1198] cxx obj/vendor/boringssl/decrepit/evp/evp_do_all.cc.o
[860/1198] cxx obj/vendor/boringssl/decrepit/rc4/rc4_decrepit.cc.o
[861/1198] cxx obj/vendor/boringssl/decrepit/rsa/rsa_decrepit.cc.o
[862/1198] cxx obj/vendor/boringssl/decrepit/obj/obj_decrepit.cc.o
[863/1198] cc obj/vendor/boringssl/gen/bcm/aes-gcm-avx2-x86_64-apple.S.o
[864/1198] cc obj/vendor/boringssl/gen/bcm/aes-gcm-avx2-x86_64-linux.S.o
[865/1198] cc obj/vendor/boringssl/gen/bcm/aes-gcm-avx512-x86_64-apple.S.o
[866/1198] cc obj/vendor/boringssl/gen/bcm/aes-gcm-avx512-x86_64-linux.S.o
[867/1198] cc obj/vendor/boringssl/gen/bcm/aesni-gcm-x86_64-apple.S.o
[868/1198] cc obj/vendor/boringssl/gen/bcm/aesni-gcm-x86_64-linux.S.o
[869/1198] cxx obj/vendor/boringssl/decrepit/ssl/ssl_decrepit.cc.o
[870/1198] cc obj/vendor/boringssl/gen/bcm/aesni-x86-apple.S.o
[871/1198] cc obj/vendor/boringssl/gen/bcm/aesni-x86-linux.S.o
[872/1198] cc obj/vendor/boringssl/gen/bcm/aesni-x86_64-apple.S.o
[873/1198] cc obj/vendor/boringssl/gen/bcm/aesni-x86_64-linux.S.o
[874/1198] cc obj/vendor/boringssl/gen/bcm/aesv8-armv7-linux.S.o
[875/1198] cxx obj/vendor/boringssl/decrepit/x509/x509_decrepit.cc.o
[876/1198] cc obj/vendor/boringssl/gen/bcm/aesv8-armv8-apple.S.o
[877/1198] cc obj/vendor/boringssl/gen/bcm/aesv8-armv8-linux.S.o
[878/1198] cc obj/vendor/boringssl/gen/bcm/aesv8-armv8-win.S.o
[879/1198] cc obj/vendor/boringssl/gen/bcm/aesv8-gcm-armv8-apple.S.o
[880/1198] cc obj/vendor/boringssl/gen/bcm/aesv8-gcm-armv8-win.S.o
[881/1198] cc obj/vendor/boringssl/gen/bcm/aesv8-gcm-armv8-linux.S.o
[882/1198] cc obj/vendor/boringssl/gen/bcm/armv4-mont-linux.S.o
[883/1198] cc obj/vendor/boringssl/gen/bcm/armv8-mont-apple.S.o
[884/1198] cc obj/vendor/boringssl/gen/bcm/armv8-mont-linux.S.o
[885/1198] cc obj/vendor/boringssl/gen/bcm/armv8-mont-win.S.o
[886/1198] cc obj/vendor/boringssl/gen/bcm/bn-586-apple.S.o
[887/1198] cc obj/vendor/boringssl/gen/bcm/bn-586-linux.S.o
[888/1198] cc obj/vendor/boringssl/gen/bcm/bn-armv8-apple.S.o
[889/1198] cc obj/vendor/boringssl/gen/bcm/bn-armv8-linux.S.o
[890/1198] cxx obj/vendor/boringssl/decrepit/xts/xts.cc.o
[891/1198] cc obj/vendor/boringssl/gen/bcm/bn-armv8-win.S.o
[892/1198] cc obj/vendor/boringssl/gen/bcm/bsaes-armv7-linux.S.o
[893/1198] cc obj/vendor/boringssl/gen/bcm/ghash-armv4-linux.S.o
[894/1198] cc obj/vendor/boringssl/gen/bcm/co-586-linux.S.o
[895/1198] cc obj/vendor/boringssl/gen/bcm/co-586-apple.S.o
[896/1198] cc obj/vendor/boringssl/gen/bcm/ghash-neon-armv8-apple.S.o
[897/1198] cc obj/vendor/boringssl/gen/bcm/ghash-neon-armv8-win.S.o
[898/1198] cc obj/vendor/boringssl/gen/bcm/ghash-neon-armv8-linux.S.o
[899/1198] cc obj/vendor/boringssl/gen/bcm/ghash-ssse3-x86-apple.S.o
[900/1198] cc obj/vendor/boringssl/gen/bcm/ghash-ssse3-x86-linux.S.o
[901/1198] cc obj/vendor/boringssl/gen/bcm/ghash-ssse3-x86_64-apple.S.o
[902/1198] cc obj/vendor/boringssl/gen/bcm/ghash-ssse3-x86_64-linux.S.o
[903/1198] cc obj/vendor/boringssl/gen/bcm/ghash-x86-apple.S.o
[904/1198] cc obj/vendor/boringssl/gen/bcm/ghash-x86-linux.S.o
[905/1198] cc obj/vendor/boringssl/gen/bcm/ghash-x86_64-linux.S.o
[906/1198] cc obj/vendor/boringssl/gen/bcm/ghash-x86_64-apple.S.o
[907/1198] cc obj/vendor/boringssl/gen/bcm/ghashv8-armv8-apple.S.o
[908/1198] cc obj/vendor/boringssl/gen/bcm/ghashv8-armv7-linux.S.o
[909/1198] cc obj/vendor/boringssl/gen/bcm/ghashv8-armv8-win.S.o
[910/1198] cc obj/vendor/boringssl/gen/bcm/ghashv8-armv8-linux.S.o
[911/1198] cc obj/vendor/boringssl/gen/bcm/p256-armv8-asm-apple.S.o
[912/1198] cc obj/vendor/boringssl/gen/bcm/p256-armv8-asm-linux.S.o
[913/1198] cc obj/vendor/boringssl/gen/bcm/p256-x86_64-asm-apple.S.o
[914/1198] cc obj/vendor/boringssl/gen/bcm/p256-armv8-asm-win.S.o
[915/1198] cc obj/vendor/boringssl/gen/bcm/p256-x86_64-asm-linux.S.o
[916/1198] cc obj/vendor/boringssl/gen/bcm/p256_beeu-armv8-asm-apple.S.o
[917/1198] cc obj/vendor/boringssl/gen/bcm/p256_beeu-armv8-asm-win.S.o
[918/1198] cc obj/vendor/boringssl/gen/bcm/p256_beeu-armv8-asm-linux.S.o
[919/1198] cc obj/vendor/boringssl/gen/bcm/p256_beeu-x86_64-asm-apple.S.o
[920/1198] cc obj/vendor/boringssl/gen/bcm/p256_beeu-x86_64-asm-linux.S.o
[921/1198] cc obj/vendor/boringssl/gen/bcm/rdrand-x86_64-apple.S.o
[922/1198] cc obj/vendor/boringssl/gen/bcm/rdrand-x86_64-linux.S.o
[923/1198] cc obj/vendor/boringssl/gen/bcm/rsaz-avx2-apple.S.o
[924/1198] cc obj/vendor/boringssl/gen/bcm/rsaz-avx2-linux.S.o
[925/1198] cc obj/vendor/boringssl/gen/bcm/sha1-586-linux.S.o
[926/1198] cc obj/vendor/boringssl/gen/bcm/sha1-586-apple.S.o
[927/1198] cc obj/vendor/boringssl/gen/bcm/sha1-armv4-large-linux.S.o
[928/1198] cc obj/vendor/boringssl/gen/bcm/sha1-armv8-apple.S.o
[929/1198] cc obj/vendor/boringssl/gen/bcm/sha1-armv8-win.S.o
[930/1198] cc obj/vendor/boringssl/gen/bcm/sha1-armv8-linux.S.o
[931/1198] cc obj/vendor/boringssl/gen/bcm/sha1-x86_64-apple.S.o
[932/1198] cc obj/vendor/boringssl/gen/bcm/sha1-x86_64-linux.S.o
[933/1198] cc obj/vendor/boringssl/gen/bcm/sha256-586-apple.S.o
[934/1198] cc obj/vendor/boringssl/gen/bcm/sha256-586-linux.S.o
[935/1198] cc obj/vendor/boringssl/gen/bcm/sha256-armv4-linux.S.o
[936/1198] cc obj/vendor/boringssl/gen/bcm/sha256-armv8-apple.S.o
[937/1198] cc obj/vendor/boringssl/gen/bcm/sha256-armv8-win.S.o
[938/1198] cc obj/vendor/boringssl/gen/bcm/sha256-armv8-linux.S.o
[939/1198] cc obj/vendor/boringssl/gen/bcm/sha256-x86_64-apple.S.o
[940/1198] cc obj/vendor/boringssl/gen/bcm/sha256-x86_64-linux.S.o
[941/1198] cc obj/vendor/boringssl/gen/bcm/sha512-586-apple.S.o
[942/1198] cc obj/vendor/boringssl/gen/bcm/sha512-armv4-linux.S.o
[943/1198] cc obj/vendor/boringssl/gen/bcm/sha512-586-linux.S.o
[944/1198] cc obj/vendor/boringssl/gen/bcm/sha512-armv8-apple.S.o
[945/1198] cc obj/vendor/boringssl/gen/bcm/sha512-armv8-win.S.o
[946/1198] cc obj/vendor/boringssl/gen/bcm/sha512-x86_64-apple.S.o
[947/1198] cc obj/vendor/boringssl/gen/bcm/sha512-armv8-linux.S.o
[948/1198] cc obj/vendor/boringssl/gen/bcm/sha512-x86_64-linux.S.o
[949/1198] cc obj/vendor/boringssl/gen/bcm/vpaes-armv7-linux.S.o
[950/1198] cc obj/vendor/boringssl/gen/bcm/vpaes-armv8-apple.S.o
[951/1198] cc obj/vendor/boringssl/gen/bcm/vpaes-armv8-linux.S.o
[952/1198] cc obj/vendor/boringssl/gen/bcm/vpaes-armv8-win.S.o
[953/1198] cc obj/vendor/boringssl/gen/bcm/vpaes-x86-apple.S.o
[954/1198] cc obj/vendor/boringssl/gen/bcm/vpaes-x86-linux.S.o
[955/1198] cc obj/vendor/boringssl/gen/bcm/vpaes-x86_64-apple.S.o
[956/1198] cc obj/vendor/boringssl/gen/bcm/vpaes-x86_64-linux.S.o
[957/1198] cc obj/vendor/boringssl/gen/bcm/x86-mont-apple.S.o
[958/1198] cc obj/vendor/boringssl/gen/bcm/x86-mont-linux.S.o
[959/1198] cc obj/vendor/boringssl/gen/bcm/x86_64-mont-apple.S.o
[960/1198] cc obj/vendor/boringssl/gen/bcm/x86_64-mont-linux.S.o
[961/1198] cc obj/vendor/boringssl/gen/bcm/x86_64-mont5-apple.S.o
[962/1198] cc obj/vendor/boringssl/gen/bcm/x86_64-mont5-linux.S.o
[963/1198] cc obj/vendor/boringssl/third_party/fiat/asm/fiat_p256_adx_mul.S.o
[964/1198] cc obj/vendor/boringssl/third_party/fiat/asm/fiat_p256_adx_sqr.S.o
[965/1198] cc obj/vendor/boringssl/crypto/curve25519/asm/x25519-asm-arm.S.o
[966/1198] cc obj/vendor/boringssl/crypto/hrss/asm/poly_rq_mul.S.o
[967/1198] cc obj/vendor/boringssl/crypto/poly1305/poly1305_arm_asm.S.o
[968/1198] cc obj/vendor/boringssl/gen/crypto/aes128gcmsiv-x86_64-apple.S.o
[969/1198] cc obj/vendor/boringssl/gen/crypto/aes128gcmsiv-x86_64-linux.S.o
[970/1198] cc obj/vendor/boringssl/gen/crypto/chacha-armv4-linux.S.o
[971/1198] cc obj/vendor/boringssl/gen/crypto/chacha-armv8-apple.S.o
[972/1198] cc obj/vendor/boringssl/gen/crypto/chacha-armv8-win.S.o
[973/1198] cc obj/vendor/boringssl/gen/crypto/chacha-x86-apple.S.o
[974/1198] cc obj/vendor/boringssl/gen/crypto/chacha-armv8-linux.S.o
[975/1198] cc obj/vendor/boringssl/gen/crypto/chacha-x86-linux.S.o
[976/1198] cc obj/vendor/boringssl/gen/crypto/chacha-x86_64-apple.S.o
[977/1198] cc obj/vendor/boringssl/gen/crypto/chacha20_poly1305_armv8-apple.S.o
[978/1198] cc obj/vendor/boringssl/gen/crypto/chacha-x86_64-linux.S.o
[979/1198] cc obj/vendor/boringssl/gen/crypto/chacha20_poly1305_armv8-win.S.o
[980/1198] cc obj/vendor/boringssl/gen/crypto/chacha20_poly1305_armv8-linux.S.o
[981/1198] cc obj/vendor/boringssl/gen/crypto/chacha20_poly1305_x86_64-apple.S.o
[982/1198] cc obj/vendor/boringssl/gen/crypto/chacha20_poly1305_x86_64-linux.S.o
[983/1198] cc obj/vendor/boringssl/gen/crypto/md5-586-apple.S.o
[984/1198] cc obj/vendor/boringssl/gen/crypto/md5-x86_64-apple.S.o
[985/1198] cc obj/vendor/boringssl/gen/crypto/md5-x86_64-linux.S.o
[986/1198] cc obj/vendor/boringssl/gen/crypto/md5-586-linux.S.o
[987/1198] cc obj/vendor/boringssl/third_party/fiat/asm/fiat_curve25519_adx_mul.S.o
[988/1198] cc obj/vendor/boringssl/third_party/fiat/asm/fiat_curve25519_adx_square.S.o
[989/1198] cc obj/vendor/lsquic/src/liblsquic/lsquic_adaptive_cc.c.o
[990/1198] cc obj/vendor/lsquic/src/liblsquic/lsquic_alarmset.c.o
[991/1198] cc obj/vendor/lsquic/src/liblsquic/lsquic_arr.c.o
[992/1198] cc obj/vendor/lsquic/src/liblsquic/lsquic_attq.c.o
[993/1198] check boringssl undefined symbols
[994/1198] cc obj/vendor/lsquic/src/liblsquic/lsquic_cfcw.c.o
[995/1198] cc obj/vendor/lsquic/src/liblsquic/lsquic_bw_sampler.c.o
[996/1198] cc obj/vendor/lsquic/src/liblsquic/lsquic_crand.c.o
[997/1198] cc obj/vendor/lsquic/src/liblsquic/lsquic_bbr.c.o
[998/1198] cc obj/vendor/lsquic/src/liblsquic/lsquic_conn.c.o
[999/1198] cc obj/vendor/lsquic/src/liblsquic/lsquic_di_error.c.o
[1000/1198] cc obj/vendor/lsquic/src/liblsquic/lsquic_cubic.c.o
[1001/1198] cc obj/vendor/lsquic/src/liblsquic/ls-sfparser.c.o
[1002/1198] cc obj/vendor/lsquic/src/liblsquic/lsquic_enc_sess_common.c.o
[1003/1198] cc obj/vendor/lsquic/src/liblsquic/lsquic_eng_hist.c.o
[1004/1198] cc obj/vendor/lsquic/src/liblsquic/lsquic_di_nocopy.c.o
[1005/1198] cc obj/vendor/lsquic/src/liblsquic/lsquic_di_hash.c.o
[1006/1198] cc obj/vendor/lsquic/src/liblsquic/lsquic_frab_list.c.o
[1007/1198] cc obj/vendor/lsquic/src/liblsquic/lsquic_ev_log.c.o
[1008/1198] cc obj/vendor/lsquic/src/liblsquic/lsquic_global.c.o
[1009/1198] cc obj/vendor/lsquic/src/liblsquic/lsquic_gquic_stubs.c.o
[1010/1198] cc obj/vendor/lsquic/src/liblsquic/lsquic_hash.c.o
[1011/1198] cc obj/vendor/lsquic/src/liblsquic/lsquic_enc_sess_ietf.c.o
[1012/1198] cc obj/vendor/lsquic/src/liblsquic/lsquic_hcsi_reader.c.o
[1013/1198] cc obj/vendor/lsquic/src/liblsquic/lsquic_hkdf.c.o
[1014/1198] cc obj/vendor/lsquic/src/liblsquic/lsquic_hcso_writer.c.o
[1015/1198] cc obj/vendor/lsquic/src/liblsquic/lsquic_engine.c.o
[1016/1198] cc obj/vendor/lsquic/src/liblsquic/lsquic_http.c.o
[1017/1198] cc obj/vendor/lsquic/src/liblsquic/lsquic_hpi.c.o
[1018/1198] cc obj/vendor/lsquic/src/liblsquic/lsquic_logger.c.o
[1019/1198] cc obj/vendor/lsquic/src/liblsquic/lsquic_min_heap.c.o
[1020/1198] cc obj/vendor/lsquic/src/liblsquic/lsquic_malo.c.o
[1021/1198] cc obj/vendor/lsquic/src/liblsquic/lsquic_http1x_if.c.o
[1022/1198] cc obj/vendor/lsquic/src/liblsquic/lsquic_minmax.c.o
[1023/1198] cc obj/vendor/lsquic/src/liblsquic/lsquic_pacer.c.o
[1024/1198] cc obj/vendor/lsquic/src/liblsquic/lsquic_mm.c.o
[1025/1198] cc obj/vendor/lsquic/src/liblsquic/lsquic_packet_common.c.o
[1026/1198] cc obj/vendor/lsquic/src/liblsquic/lsquic_packet_in.c.o
[1027/1198] cc obj/vendor/lsquic/src/liblsquic/lsquic_packet_resize.c.o
[1028/1198] cc obj/vendor/lsquic/src/liblsquic/lsquic_packet_out.c.o
[1029/1198] cc obj/vendor/lsquic/src/liblsquic/lsquic_parse_common.c.o
[1030/1198] cc obj/vendor/lsquic/src/liblsquic/lsquic_mini_conn_ietf.c.o
[1031/1198] cc obj/vendor/lsquic/src/liblsquic/lsquic_parse_gquic_common.c.o
[1032/1198] cc obj/vendor/lsquic/src/liblsquic/lsquic_parse_iquic_common.c.o
[1033/1198] cc obj/vendor/lsquic/src/liblsquic/lsquic_purga.c.o
[1034/1198] cc obj/vendor/lsquic/src/liblsquic/lsquic_pr_queue.c.o
[1035/1198] cc obj/vendor/lsquic/src/liblsquic/lsquic_qdec_hdl.c.o
[1036/1198] cc obj/vendor/lsquic/src/liblsquic/lsquic_parse_ietf_v1.c.o
[1037/1198] cc obj/vendor/lsquic/src/liblsquic/lsquic_qenc_hdl.c.o
[1038/1198] cc obj/vendor/lsquic/src/liblsquic/lsquic_qpack_exp.c.o
[1039/1198] cc obj/vendor/lsquic/src/liblsquic/lsquic_rtt.c.o
[1040/1198] cc obj/vendor/lsquic/src/liblsquic/lsquic_rechist.c.o
[1041/1198] cc obj/vendor/lsquic/src/liblsquic/lsquic_qlog.c.o
[1042/1198] cc obj/vendor/lsquic/src/liblsquic/lsquic_senhist.c.o
[1043/1198] cc obj/vendor/lsquic/src/liblsquic/lsquic_sfcw.c.o
[1044/1198] cc obj/vendor/lsquic/src/liblsquic/lsquic_set.c.o
[1045/1198] cc obj/vendor/lsquic/src/liblsquic/lsquic_spi.c.o
[1046/1198] cc obj/vendor/lsquic/src/liblsquic/lsquic_stock_shi.c.o
[1047/1198] cc obj/vendor/lsquic/src/liblsquic/lsquic_str.c.o
[1048/1198] cc obj/vendor/lsquic/src/liblsquic/lsquic_full_conn_ietf.c.o
[1049/1198] cc obj/vendor/lsquic/src/liblsquic/lsquic_tokgen.c.o
[1050/1198] cc obj/vendor/lsquic/src/liblsquic/lsquic_trans_params.c.o
[1051/1198] cc obj/vendor/lsquic/src/liblsquic/lsquic_trechist.c.o
[1052/1198] cc obj/vendor/lsquic/src/liblsquic/lsquic_util.c.o
[1053/1198] cc obj/vendor/lsquic/src/liblsquic/lsquic_varint.c.o
[1054/1198] cc obj/vendor/lsquic/src/liblsquic/lsquic_version.c.o
[1055/1198] cc obj/vendor/lsquic/src/liblsquic/lsquic_versions_to_string.c.o
[1056/1198] cc obj/vendor/lsquic/src/liblsquic/lsquic_send_ctl.c.o
[1057/1198] cc obj/codegen/InternalModuleRegistryConstants.S.o
[1058/1198] cc obj/vendor/lsquic/src/liblsquic/lsquic_stream.c.o
[1059/1198] cc obj/vendor/lsqpack/lsqpack.c.o
[1060/1198] fetch WebKit (prebuilt)
[WebKit] fetching https://github.com/oven-sh/WebKit/releases/download/autobuild-fb1167ebf2cb9edc1f6771a2c11771b024693ae0/bun-webkit-linux-arm64-android.tar.gz
[WebKit] extracted to /root/.bun/build-cache/webkit-fb1167ebf2cb9edc-android-arm64-android (59.0s)
[1061/1198] cc obj/packages/bun-usockets/src/context.c.o
[1062/1198] cc obj/packages/bun-usockets/src/bsd.c.o
[1063/1198] cc obj/packages/bun-usockets/src/eventing/libuv.c.o
[1064/1198] cc obj/packages/bun-usockets/src/fault_inject.c.o
[1065/1198] cc obj/packages/bun-usockets/src/eventing/epoll_kqueue.c.o
[1066/1198] cc obj/packages/bun-usockets/src/loop.c.o
[1067/1198] cc obj/packages/bun-usockets/src/crypto/openssl.c.o
[1068/1198] cc obj/packages/bun-usockets/src/node_quic_shim.c.o
[1069/1198] cc obj/packages/bun-usockets/src/udp.c.o
[1070/1198] cc obj/packages/bun-usockets/src/socket.c.o
[1071/1198] cc obj/src/jsc/bindings/node/http/llhttp/http.c.o
[1072/1198] cc obj/src/jsc/bindings/node/http/llhttp/api.c.o
[1073/1198] cc obj/src/jsc/bindings/uv-posix-polyfills.c.o
[1074/1198] cc obj/packages/bun-usockets/src/quic.c.o
[1075/1198] cc obj/vendor/picohttpparser/picohttpparser.c.o
[1076/1198] cc obj/src/jsc/bindings/uv-posix-stubs.c.o
[1077/1198] cc obj/src/jsc/bindings/node/http/llhttp/llhttp.c.o
[1078/1198] pch pch/root-pch.h.hxx.pch
[1079/1198] cxx obj/unified/UnifiedSource-packages_bun_usockets_src_crypto-0.cpp.o
[1080/1198] cxx obj/unified/UnifiedSource-src_jsc_bindings-2.cpp.o
[1081/1198] cxx obj/unified/UnifiedSource-src_jsc_bindings-3.cpp.o
[1082/1198] cxx obj/unified/UnifiedSource-src_jsc_bindings-1.cpp.o
[1083/1198] cxx obj/unified/UnifiedSource-src_jsc_bindings-0.cpp.o
[1084/1198] cxx obj/unified/UnifiedSource-src_jsc_bindings_node-0.cpp.o
[1085/1198] cxx obj/unified/UnifiedSource-src_jsc_bindings_node_crypto-0.cpp.o
[1086/1198] cxx obj/unified/UnifiedSource-src_jsc_bindings-4.cpp.o
[1087/1198] cxx obj/unified/UnifiedSource-src_jsc_bindings_node_http-0.cpp.o
[1088/1198] cxx obj/unified/UnifiedSource-src_jsc_bindings_node_crypto-1.cpp.o
[1089/1198] cxx obj/unified/UnifiedSource-src_jsc_bindings_v8-1.cpp.o
[1090/1198] cxx obj/unified/UnifiedSource-src_jsc_bindings_vm-0.cpp.o
[1091/1198] cxx obj/unified/UnifiedSource-src_jsc_bindings_v8-0.cpp.o
[1092/1198] cxx obj/unified/UnifiedSource-src_jsc_bindings_v8_shim-0.cpp.o
[1093/1198] cxx obj/unified/UnifiedSource-src_jsc_bindings-5.cpp.o
[1094/1198] cxx obj/unified/UnifiedSource-src_jsc_bindings_webcore-0.cpp.o
[1095/1198] cxx obj/unified/UnifiedSource-src_jsc_bindings_webcrypto-0.cpp.o
[1096/1198] cxx obj/unified/UnifiedSource-src_jsc_bindings_webcore-1.cpp.o
[1097/1198] cxx obj/unified/UnifiedSource-src_jsc_bindings_webcore-2.cpp.o
[1098/1198] cxx obj/unified/UnifiedSource-src_jsc_bindings_webcore-3.cpp.o
[1099/1198] cxx obj/unified/UnifiedSource-src_jsc_bindings_webcrypto-2.cpp.o
[1100/1198] cxx obj/unified/UnifiedSource-src_runtime_bake-0.cpp.o
[1101/1198] cxx obj/unified/UnifiedSource-src_jsc_bindings_webcrypto-1.cpp.o
[1102/1198] cxx obj/packages/bun-usockets/src/crypto/root_certs_darwin.cpp.o
[1103/1198] cxx obj/packages/bun-usockets/src/crypto/root_certs_windows.cpp.o
[1104/1198] cxx obj/unified/UnifiedSource-src_jsc_modules-0.cpp.o
[1105/1198] cxx obj/unified/UnifiedSource-src_runtime_webview-0.cpp.o
[1106/1198] cxx obj/src/jsc/bindings/BunObject.cpp.o
[1107/1198] cxx obj/unified/UnifiedSource-src_uws_sys-0.cpp.o
[1108/1198] cxx obj/src/jsc/bindings/highway_json.cpp.o
[1109/1198] cxx obj/src/jsc/bindings/BunProcess.cpp.o
[1110/1198] cxx obj/src/jsc/bindings/image_coregraphics_shim.cpp.o
[1111/1198] cxx obj/src/jsc/bindings/highway_sourcemap.cpp.o
[1112/1198] cxx obj/src/jsc/bindings/image_wic_shim.cpp.o
[1113/1198] cxx obj/src/jsc/bindings/highway_xml.cpp.o
[1114/1198] cxx obj/src/jsc/bindings/bindings.cpp.o
[1115/1198] cxx obj/src/jsc/bindings/ProcessBindingConstants.cpp.o
[1116/1198] cxx obj/src/jsc/bindings/image_resize.cpp.o
[1117/1198] cxx obj/src/jsc/bindings/ProcessBindingUV.cpp.o
[1118/1198] cxx obj/src/jsc/bindings/JSBuffer.cpp.o
[1119/1198] cxx obj/src/jsc/bindings/webcore/HTTPParsers.cpp.o
[1120/1198] cxx obj/src/jsc/bindings/webcore/JSDOMPromiseDeferred.cpp.o
[1121/1198] cxx obj/src/jsc/bindings/sqlite/JSSQLStatement.cpp.o
[1122/1198] cxx obj/src/jsc/bindings/napi.cpp.o
[1123/1198] cxx obj/src/jsc/bindings/webcore/JSMessageEventCustom.cpp.o
[1124/1198] cxx obj/src/jsc/bindings/webcore/JSMIMEType.cpp.o
[1125/1198] cxx obj/src/jsc/bindings/webcore/JSWasmStreamingCompiler.cpp.o
[1126/1198] cxx obj/src/jsc/bindings/sqlite/NodeSqlite.cpp.o
[1127/1198] cxx obj/src/jsc/bindings/webcore/streams/BunAsyncIterableSource.cpp.o
[1128/1198] cxx obj/src/jsc/bindings/webcore/streams/CrossRealmTransform.cpp.o
[1129/1198] cxx obj/src/jsc/bindings/webcore/streams/JSByteLengthQueuingStrategy.cpp.o
[1130/1198] cxx obj/src/jsc/bindings/webcore/streams/BunStreamConsumers.cpp.o
[1131/1198] cxx obj/src/jsc/bindings/webcore/streams/BunStreamSource.cpp.o
[1132/1198] cxx obj/src/jsc/bindings/webcore/streams/JSCompressionStream.cpp.o
[1133/1198] cxx obj/src/jsc/bindings/webcore/streams/JSCrossRealmTransformState.cpp.o
[1134/1198] cxx obj/src/jsc/bindings/webcore/streams/JSCompressionStreamShared.cpp.o
[1135/1198] cxx obj/src/jsc/bindings/webcore/streams/JSCountQueuingStrategy.cpp.o
[1136/1198] cxx obj/src/jsc/bindings/webcore/streams/JSPullIntoDescriptor.cpp.o
[1137/1198] cxx obj/src/jsc/bindings/webcore/streams/JSDecompressionStream.cpp.o
[1138/1198] cxx obj/src/jsc/bindings/webcore/SerializedScriptValue.cpp.o
[1139/1198] cxx obj/src/jsc/bindings/webcore/streams/JSReadableByteStreamController.cpp.o
[1140/1198] cxx obj/src/jsc/bindings/webcore/streams/JSReadableStreamAsyncIterator.cpp.o
[1141/1198] cxx obj/src/jsc/bindings/webcore/streams/JSDirectStreamController.cpp.o
[1142/1198] cxx obj/src/jsc/bindings/webcore/streams/JSReadableStream.cpp.o
[1143/1198] cxx obj/src/jsc/bindings/webcore/streams/JSReadableStreamBYOBReader.cpp.o
[1144/1198] cxx obj/src/jsc/bindings/webcore/streams/JSReadableStreamBYOBRequest.cpp.o
[1145/1198] cxx obj/src/jsc/bindings/webcore/streams/JSReadableStreamReaderBase.cpp.o
[1146/1198] cxx obj/src/jsc/bindings/webcore/streams/JSReadableStreamDefaultController.cpp.o
[1147/1198] cxx obj/src/jsc/bindings/webcore/streams/JSStreamAlgorithmContexts.cpp.o
[1148/1198] cxx obj/src/jsc/bindings/webcore/streams/JSStreamPipeToOperation.cpp.o
[1149/1198] cxx obj/src/jsc/bindings/webcore/streams/JSReadRequest.cpp.o
[1150/1198] cxx obj/src/jsc/bindings/webcore/streams/JSStreamsRuntime.cpp.o
[1151/1198] cxx obj/src/jsc/bindings/webcore/streams/JSReadableStreamDefaultReader.cpp.o
[1152/1198] cxx obj/src/jsc/bindings/webcore/streams/JSStreamTeeState.cpp.o
[1153/1198] cxx obj/src/jsc/bindings/webcore/streams/JSTextEncoderStream.cpp.o
[1154/1198] cxx obj/src/jsc/bindings/webcore/streams/JSTextDecoderStream.cpp.o
[1155/1198] cxx obj/src/jsc/bindings/webcore/streams/JSTransformStream.cpp.o
[1156/1198] cxx obj/src/jsc/bindings/webcore/streams/JSTransformStreamDefaultController.cpp.o
[1157/1198] cxx obj/src/jsc/bindings/webcore/streams/JSWritableStream.cpp.o
[1158/1198] cxx obj/src/jsc/bindings/webcore/streams/JSWritableStreamDefaultWriter.cpp.o
[1159/1198] cxx obj/src/jsc/bindings/webcore/streams/JSWritableStreamDefaultController.cpp.o
[1160/1198] cxx obj/src/jsc/bindings/webcore/streams/TransformStreamOperations.cpp.o
[1161/1198] cxx obj/src/jsc/bindings/webcore/streams/WebStreamsExports.cpp.o
[1162/1198] cxx obj/src/jsc/bindings/webcore/streams/WebStreamsInspectCustom.cpp.o
[1163/1198] cxx obj/src/jsc/bindings/webcore/streams/WebStreamsMisc.cpp.o
[1164/1198] cxx obj/src/jsc/bindings/webcore/streams/ReadableStreamOperations.cpp.o
[1165/1198] cxx obj/src/jsc/bindings/webcore/streams/WritableStreamOperations.cpp.o
[1166/1198] cxx obj/src/jsc/bindings/webcrypto/CryptoAlgorithmAES_CBCOpenSSL.cpp.o
[1167/1198] cxx obj/src/jsc/bindings/webcrypto/CryptoAlgorithmAES_CBC.cpp.o
[1168/1198] cxx obj/src/jsc/bindings/webcrypto/CryptoAlgorithmAES_CFBOpenSSL.cpp.o
[1169/1198] cxx obj/src/jsc/bindings/webcrypto/CryptoAlgorithmAES_CFB.cpp.o
[1170/1198] cxx obj/src/jsc/bindings/webcrypto/CryptoAlgorithmAES_CTROpenSSL.cpp.o
[1171/1198] cxx obj/src/jsc/bindings/webcrypto/CryptoAlgorithmAES_CTR.cpp.o
[1172/1198] cxx obj/src/jsc/bindings/webcrypto/CryptoAlgorithmAES_GCMOpenSSL.cpp.o
[1173/1198] cxx obj/src/jsc/bindings/webcrypto/CryptoAlgorithmAES_GCM.cpp.o
[1174/1198] cxx obj/src/jsc/bindings/webcrypto/CryptoAlgorithmAES_KW.cpp.o
[1175/1198] cxx obj/src/jsc/bindings/webcrypto/CryptoAlgorithmHMAC.cpp.o
[1176/1198] cxx obj/src/jsc/bindings/webcrypto/CryptoAlgorithmECDSA.cpp.o
[1177/1198] cxx obj/src/jsc/bindings/webcrypto/CryptoAlgorithmRSA_PSS.cpp.o
[1178/1198] cxx obj/src/jsc/bindings/webcrypto/CryptoAlgorithmRSA_OAEP.cpp.o
[1179/1198] cxx obj/src/jsc/bindings/workaround-missing-symbols.cpp.o
[1180/1198] cxx obj/src/jsc/bindings/webcrypto/CryptoAlgorithmRSASSA_PKCS1_v1_5.cpp.o
[1181/1198] cxx obj/src/io/io_darwin.cpp.o
[1182/1198] cxx obj/src/simdutf_sys/bun-simdutf.cpp.o
[1183/1198] cxx obj/src/jsc/bindings/xxhash3.cpp.o
[1184/1198] cxx obj/codegen/WebCoreJSBuiltins.cpp.o
[1185/1198] cxx obj/src/jsc/bindings/webcrypto/SubtleCrypto.cpp.o
[1186/1198] cxx obj/codegen/GeneratedBindings.cpp.o
[1187/1198] cxx obj/codegen/GeneratedSocketConfigBinaryType.cpp.o
[1188/1198] cxx obj/codegen/JSSink.cpp.o
[1189/1198] cxx obj/codegen/GeneratedSocketConfigHandlers.cpp.o
[1190/1198] cxx obj/src/jsc/bindings/ZigGlobalObject.cpp.o
[1191/1198] cxx obj/codegen/GeneratedSocketConfig.cpp.o
[1192/1198] cxx obj/codegen/GeneratedFakeTimersConfig.cpp.o
[1193/1198] cxx obj/codegen/GeneratedSSLConfig.cpp.o
[1194/1198] cxx obj/codegen/ZigGeneratedClasses.cpp.o
[1195/1198] link bun-profile
[1196/1198] strip bun
[1197/1198] check bun-profile exports, dynamic deps, initializers, hardening
[check] bun-profile 686 exported symbols (176ms)
[check] bun-profile 3 shared libraries (0ms)
[check] bun-profile 389 imported symbols (12ms)
[check] bun-profile 3 static initializers (774ms)
[check] bun-profile 3 hardening properties (1ms)
[check] bun-profile 9 debug sections (0ms)
[1198/1198] check bun-profile link inputs for duplicate definitions
[check] bun-profile 0 duplicate strong symbols (1.9s)
[build] done
